Archive member included to satisfy reference by file (symbol)

c:/TouchGFXProjects/stm32f407ve_port/Middlewares/ST/TouchGFX/touchgfx/lib/core/cortex_m4f/gcc\libtouchgfx.a(AbstractPartition.o)
                              TouchGFX/build/ST/STM32F429IDISCO/TouchGFX/target/BoardConfiguration.o (touchgfx::AbstractPartition::getAllocationCount() const)
c:/TouchGFXProjects/stm32f407ve_port/Middlewares/ST/TouchGFX/touchgfx/lib/core/cortex_m4f/gcc\libtouchgfx.a(Container.o)
                              TouchGFX/build/ST/STM32F429IDISCO/TouchGFX/generated/gui_generated/src/screen1_screen/Screen1ViewBase.o (touchgfx::Container::add(touchgfx::Drawable&))
c:/TouchGFXProjects/stm32f407ve_port/Middlewares/ST/TouchGFX/touchgfx/lib/core/cortex_m4f/gcc\libtouchgfx.a(HAL.o)
                              TouchGFX/build/ST/STM32F429IDISCO/TouchGFX/target/STM32F4HAL.o (touchgfx::HAL::flushFrameBuffer())
c:/TouchGFXProjects/stm32f407ve_port/Middlewares/ST/TouchGFX/touchgfx/lib/core/cortex_m4f/gcc\libtouchgfx.a(DMA.o)
                              TouchGFX/build/ST/STM32F429IDISCO/TouchGFX/target/STM32F4DMA.o (touchgfx::DMA_Interface::seedExecution())
c:/TouchGFXProjects/stm32f407ve_port/Middlewares/ST/TouchGFX/touchgfx/lib/core/cortex_m4f/gcc\libtouchgfx.a(TiledImage.o)
                              TouchGFX/build/ST/STM32F429IDISCO/TouchGFX/generated/gui_generated/src/screen1_screen/Screen1ViewBase.o (touchgfx::TiledImage::setOffset(short, short))
c:/TouchGFXProjects/stm32f407ve_port/Middlewares/ST/TouchGFX/touchgfx/lib/core/cortex_m4f/gcc\libtouchgfx.a(Button.o)
                              TouchGFX/build/ST/STM32F429IDISCO/TouchGFX/generated/gui_generated/src/screen1_screen/Screen1ViewBase.o (touchgfx::Button::setBitmaps(touchgfx::Bitmap const&, touchgfx::Bitmap const&))
c:/TouchGFXProjects/stm32f407ve_port/Middlewares/ST/TouchGFX/touchgfx/lib/core/cortex_m4f/gcc\libtouchgfx.a(Image.o)
                              TouchGFX/build/ST/STM32F429IDISCO/TouchGFX/generated/gui_generated/src/screen1_screen/Screen1ViewBase.o (touchgfx::Image::setBitmap(touchgfx::Bitmap const&))
c:/TouchGFXProjects/stm32f407ve_port/Middlewares/ST/TouchGFX/touchgfx/lib/core/cortex_m4f/gcc\libtouchgfx.a(LCD.o)
                              TouchGFX/build/ST/STM32F429IDISCO/TouchGFX/generated/texts/src/Texts.o (touchgfx::LCD::drawStringLTR(touchgfx::Rect const&, touchgfx::Rect const&, touchgfx::LCD::StringVisuals const&, unsigned short const*, std::__va_list))
c:/TouchGFXProjects/stm32f407ve_port/Middlewares/ST/TouchGFX/touchgfx/lib/core/cortex_m4f/gcc\libtouchgfx.a(TouchCalibration.o)
                              c:/TouchGFXProjects/stm32f407ve_port/Middlewares/ST/TouchGFX/touchgfx/lib/core/cortex_m4f/gcc\libtouchgfx.a(HAL.o) (touchgfx::TouchCalibration::translatePoint(touchgfx::Point&))
c:/TouchGFXProjects/stm32f407ve_port/Middlewares/ST/TouchGFX/touchgfx/lib/core/cortex_m4f/gcc\libtouchgfx.a(DisplayTransformation.o)
                              c:/TouchGFXProjects/stm32f407ve_port/Middlewares/ST/TouchGFX/touchgfx/lib/core/cortex_m4f/gcc\libtouchgfx.a(HAL.o) (touchgfx::DisplayTransformation::transformFrameBufferToDisplay(short&, short&))
c:/TouchGFXProjects/stm32f407ve_port/Middlewares/ST/TouchGFX/touchgfx/lib/core/cortex_m4f/gcc\libtouchgfx.a(Application.o)
                              TouchGFX/build/ST/STM32F429IDISCO/TouchGFX/gui/src/common/FrontendApplication.o (touchgfx::Application::handleClickEvent(touchgfx::ClickEvent const&))
c:/TouchGFXProjects/stm32f407ve_port/Middlewares/ST/TouchGFX/touchgfx/lib/core/cortex_m4f/gcc\libtouchgfx.a(TypedText.o)
                              TouchGFX/build/ST/STM32F429IDISCO/TouchGFX/generated/texts/src/Texts.o (touchgfx::TypedText::numberOfTypedTexts)
c:/TouchGFXProjects/stm32f407ve_port/Middlewares/ST/TouchGFX/touchgfx/lib/core/cortex_m4f/gcc\libtouchgfx.a(Font.o)
                              TouchGFX/build/ST/STM32F429IDISCO/TouchGFX/generated/texts/src/Texts.o (touchgfx::Font::getStringWidthLTR(unsigned char, unsigned short const*, std::__va_list) const)
c:/TouchGFXProjects/stm32f407ve_port/Middlewares/ST/TouchGFX/touchgfx/lib/core/cortex_m4f/gcc\libtouchgfx.a(Drawable.o)
                              c:/TouchGFXProjects/stm32f407ve_port/Middlewares/ST/TouchGFX/touchgfx/lib/core/cortex_m4f/gcc\libtouchgfx.a(Container.o) (touchgfx::Drawable::invalidate() const)
c:/TouchGFXProjects/stm32f407ve_port/Middlewares/ST/TouchGFX/touchgfx/lib/core/cortex_m4f/gcc\libtouchgfx.a(Utils.o)
                              c:/TouchGFXProjects/stm32f407ve_port/Middlewares/ST/TouchGFX/touchgfx/lib/core/cortex_m4f/gcc\libtouchgfx.a(TouchCalibration.o) (touchgfx::memset(void*, unsigned char, unsigned long))
c:/TouchGFXProjects/stm32f407ve_port/Middlewares/ST/TouchGFX/touchgfx/lib/core/cortex_m4f/gcc\libtouchgfx.a(Screen.o)
                              TouchGFX/build/ST/STM32F429IDISCO/TouchGFX/gui/src/screen1_screen/Screen1View.o (touchgfx::Screen::handleGestureEvent(touchgfx::GestureEvent const&))
[...]
Memory Configuration

Name             Origin             Length             Attributes
RAM              0x20000000         0x00020000         xrw
CCMRAM           0x10000000         0x00010000         rw
FLASH            0x08000000         0x00080000         xr
*default*        0x00000000         0xffffffff

Linker script and memory map

LOAD d:/touchgfx/4.10.0/env/mingw/msys/1.0/gnu-arm-gcc/bin/../lib/gcc/arm-none-eabi/6.3.1/thumb/v7e-m/fpv4-sp/softfp/crti.o
LOAD d:/touchgfx/4.10.0/env/mingw/msys/1.0/gnu-arm-gcc/bin/../lib/gcc/arm-none-eabi/6.3.1/thumb/v7e-m/fpv4-sp/softfp/crtbegin.o
LOAD d:/touchgfx/4.10.0/env/mingw/msys/1.0/gnu-arm-gcc/bin/../lib/gcc/arm-none-eabi/6.3.1/../../../../arm-none-eabi/lib/thumb/v7e-m/fpv4-sp/softfp/crt0.o
LOAD TouchGFX/build/ST/STM32F429IDISCO/TouchGFX/gui/src/screen1_screen/Screen1Presenter.o
LOAD TouchGFX/build/ST/STM32F429IDISCO/TouchGFX/gui/src/screen1_screen/Screen1View.o
LOAD TouchGFX/build/ST/STM32F429IDISCO/TouchGFX/gui/src/model/Model.o
LOAD TouchGFX/build/ST/STM32F429IDISCO/TouchGFX/gui/src/common/FrontendApplication.o
LOAD TouchGFX/build/ST/STM32F429IDISCO/TouchGFX/generated/gui_generated/src/screen1_screen/Screen1ViewBase.o
LOAD TouchGFX/build/ST/STM32F429IDISCO/TouchGFX/generated/gui_generated/src/common/FrontendApplicationBase.o
LOAD TouchGFX/build/ST/STM32F429IDISCO/TouchGFX/generated/fonts/src/Kerning_verdana_10_4bpp.o
LOAD TouchGFX/build/ST/STM32F429IDISCO/TouchGFX/generated/fonts/src/Font_verdana_40_4bpp.o
LOAD TouchGFX/build/ST/STM32F429IDISCO/TouchGFX/generated/fonts/src/FontGetters.o
LOAD TouchGFX/build/ST/STM32F429IDISCO/TouchGFX/generated/fonts/src/Font_verdana_20_4bpp.o
LOAD TouchGFX/build/ST/STM32F429IDISCO/TouchGFX/generated/fonts/src/Kerning_verdana_40_4bpp.o
LOAD TouchGFX/build/ST/STM32F429IDISCO/TouchGFX/generated/fonts/src/Table_verdana_10_4bpp.o
LOAD TouchGFX/build/ST/STM32F429IDISCO/TouchGFX/generated/fonts/src/Kerning_verdana_20_4bpp.o
LOAD TouchGFX/build/ST/STM32F429IDISCO/TouchGFX/generated/fonts/src/Font_verdana_10_4bpp.o
LOAD TouchGFX/build/ST/STM32F429IDISCO/TouchGFX/generated/fonts/src/Table_verdana_40_4bpp.o
LOAD TouchGFX/build/ST/STM32F429IDISCO/TouchGFX/generated/fonts/src/Table_verdana_20_4bpp.o
LOAD TouchGFX/build/ST/STM32F429IDISCO/TouchGFX/generated/fonts/src/ApplicationFontProvider.o
LOAD TouchGFX/build/ST/STM32F429IDISCO/TouchGFX/generated/images/src/__designer/blue_buttons_round_small.o
LOAD TouchGFX/build/ST/STM32F429IDISCO/TouchGFX/generated/images/src/__designer/blue_textures_irongrip.o
LOAD TouchGFX/build/ST/STM32F429IDISCO/TouchGFX/generated/images/src/__designer/blue_buttons_round_small_pressed.o
LOAD TouchGFX/build/ST/STM32F429IDISCO/TouchGFX/generated/images/src/BitmapDatabase.o
LOAD TouchGFX/build/ST/STM32F429IDISCO/TouchGFX/generated/texts/src/TypedTextDatabase.o
LOAD TouchGFX/build/ST/STM32F429IDISCO/TouchGFX/generated/texts/src/Texts.o
LOAD TouchGFX/build/ST/STM32F429IDISCO/../Middlewares/ST/TouchGFX/touchgfx/os/OSWrappers.o
LOAD TouchGFX/build/ST/STM32F429IDISCO/Core/Src/main.o
LOAD TouchGFX/build/ST/STM32F429IDISCO/TouchGFX/target/BoardConfiguration.o
LOAD TouchGFX/build/ST/STM32F429IDISCO/TouchGFX/target/CortexMMCUInstrumentation.o
LOAD TouchGFX/build/ST/STM32F429IDISCO/TouchGFX/target/GPIO.o
LOAD TouchGFX/build/ST/STM32F429IDISCO/TouchGFX/target/ResistiveTouchController.o
LOAD TouchGFX/build/ST/STM32F429IDISCO/TouchGFX/target/STM32F4DMA.o
LOAD TouchGFX/build/ST/STM32F429IDISCO/TouchGFX/target/STM32F4HAL.o
LOAD TouchGFX/build/ST/STM32F429IDISCO/../Middlewares/Third_Party/FreeRTOS/Source/croutine.o
LOAD TouchGFX/build/ST/STM32F429IDISCO/../Middlewares/Third_Party/FreeRTOS/Source/list.o
LOAD TouchGFX/build/ST/STM32F429IDISCO/../Middlewares/Third_Party/FreeRTOS/Source/queue.o
LOAD TouchGFX/build/ST/STM32F429IDISCO/../Middlewares/Third_Party/FreeRTOS/Source/tasks.o
LOAD TouchGFX/build/ST/STM32F429IDISCO/../Middlewares/Third_Party/FreeRTOS/Source/timers.o
LOAD TouchGFX/build/ST/STM32F429IDISCO/../Middlewares/Third_Party/FreeRTOS/Source/portable/MemMang/heap_2.o
LOAD TouchGFX/build/ST/STM32F429IDISCO/../Middlewares/Third_Party/FreeRTOS/Source/portable/GCC/ARM_CM4F/port.o
LOAD TouchGFX/build/ST/STM32F429IDISCO/Core/Src/stm32f4xx_hal_timebase_tim.o
LOAD TouchGFX/build/ST/STM32F429IDISCO/Core/Src/stm32f4xx_it.o
LOAD TouchGFX/build/ST/STM32F429IDISCO/../Drivers/BSP/Components/ili9341/ili9341.o
LOAD TouchGFX/build/ST/STM32F429IDISCO/../Drivers/BSP/Components/stmpe811/stmpe811.o
LOAD TouchGFX/build/ST/STM32F429IDISCO/../Drivers/BSP/STM32F429I-Discovery/stm32f429i_discovery.o
LOAD TouchGFX/build/ST/STM32F429IDISCO/../Drivers/BSP/STM32F429I-Discovery/stm32f429i_discovery_eeprom.o
LOAD TouchGFX/build/ST/STM32F429IDISCO/../Drivers/BSP/STM32F429I-Discovery/stm32f429i_discovery_gyroscope.o
LOAD TouchGFX/build/ST/STM32F429IDISCO/../Drivers/BSP/STM32F429I-Discovery/stm32f429i_discovery_io.o
LOAD TouchGFX/build/ST/STM32F429IDISCO/../Drivers/BSP/STM32F429I-Discovery/stm32f429i_discovery_sdram.o
LOAD TouchGFX/build/ST/STM32F429IDISCO/../Drivers/BSP/STM32F429I-Discovery/stm32f429i_discovery_ts.o
LOAD TouchGFX/build/ST/STM32F429IDISCO/Core/Src/system_stm32f4xx.o
LOAD TouchGFX/build/ST/STM32F429IDISCO/../Drivers/STM32F4xx_HAL_Driver/Src/stm32f4xx_hal.o
LOAD TouchGFX/build/ST/STM32F429IDISCO/../Drivers/STM32F4xx_HAL_Driver/Src/stm32f4xx_hal_adc.o
LOAD TouchGFX/build/ST/STM32F429IDISCO/../Drivers/STM32F4xx_HAL_Driver/Src/stm32f4xx_hal_adc_ex.o
LOAD TouchGFX/build/ST/STM32F429IDISCO/../Drivers/STM32F4xx_HAL_Driver/Src/stm32f4xx_hal_can.o
LOAD TouchGFX/build/ST/STM32F429IDISCO/../Drivers/STM32F4xx_HAL_Driver/Src/stm32f4xx_hal_cec.o
LOAD TouchGFX/build/ST/STM32F429IDISCO/../Drivers/STM32F4xx_HAL_Driver/Src/stm32f4xx_hal_cortex.o
LOAD TouchGFX/build/ST/STM32F429IDISCO/../Drivers/STM32F4xx_HAL_Driver/Src/stm32f4xx_hal_crc.o
LOAD TouchGFX/build/ST/STM32F429IDISCO/../Drivers/STM32F4xx_HAL_Driver/Src/stm32f4xx_hal_cryp.o
LOAD TouchGFX/build/ST/STM32F429IDISCO/../Drivers/STM32F4xx_HAL_Driver/Src/stm32f4xx_hal_cryp_ex.o
LOAD TouchGFX/build/ST/STM32F429IDISCO/../Drivers/STM32F4xx_HAL_Driver/Src/stm32f4xx_hal_dac.o
LOAD TouchGFX/build/ST/STM32F429IDISCO/../Drivers/STM32F4xx_HAL_Driver/Src/stm32f4xx_hal_dac_ex.o
LOAD TouchGFX/build/ST/STM32F429IDISCO/../Drivers/STM32F4xx_HAL_Driver/Src/stm32f4xx_hal_dcmi.o
LOAD TouchGFX/build/ST/STM32F429IDISCO/../Drivers/STM32F4xx_HAL_Driver/Src/stm32f4xx_hal_dcmi_ex.o
LOAD TouchGFX/build/ST/STM32F429IDISCO/../Drivers/STM32F4xx_HAL_Driver/Src/stm32f4xx_hal_dfsdm.o
LOAD TouchGFX/build/ST/STM32F429IDISCO/../Drivers/STM32F4xx_HAL_Driver/Src/stm32f4xx_hal_dma.o
LOAD TouchGFX/build/ST/STM32F429IDISCO/../Drivers/STM32F4xx_HAL_Driver/Src/stm32f4xx_hal_dma2d.o
LOAD TouchGFX/build/ST/STM32F429IDISCO/../Drivers/STM32F4xx_HAL_Driver/Src/stm32f4xx_hal_dma_ex.o
LOAD TouchGFX/build/ST/STM32F429IDISCO/../Drivers/STM32F4xx_HAL_Driver/Src/stm32f4xx_hal_dsi.o
LOAD TouchGFX/build/ST/STM32F429IDISCO/../Drivers/STM32F4xx_HAL_Driver/Src/stm32f4xx_hal_eth.o
LOAD TouchGFX/build/ST/STM32F429IDISCO/../Drivers/STM32F4xx_HAL_Driver/Src/stm32f4xx_hal_flash.o
LOAD TouchGFX/build/ST/STM32F429IDISCO/../Drivers/STM32F4xx_HAL_Driver/Src/stm32f4xx_hal_flash_ex.o
LOAD TouchGFX/build/ST/STM32F429IDISCO/../Drivers/STM32F4xx_HAL_Driver/Src/stm32f4xx_hal_flash_ramfunc.o
LOAD TouchGFX/build/ST/STM32F429IDISCO/../Drivers/STM32F4xx_HAL_Driver/Src/stm32f4xx_hal_fmpi2c.o
LOAD TouchGFX/build/ST/STM32F429IDISCO/../Drivers/STM32F4xx_HAL_Driver/Src/stm32f4xx_hal_fmpi2c_ex.o
LOAD TouchGFX/build/ST/STM32F429IDISCO/../Drivers/STM32F4xx_HAL_Driver/Src/stm32f4xx_hal_gpio.o
LOAD TouchGFX/build/ST/STM32F429IDISCO/../Drivers/STM32F4xx_HAL_Driver/Src/stm32f4xx_hal_hash.o
LOAD TouchGFX/build/ST/STM32F429IDISCO/../Drivers/STM32F4xx_HAL_Driver/Src/stm32f4xx_hal_hash_ex.o
LOAD TouchGFX/build/ST/STM32F429IDISCO/../Drivers/STM32F4xx_HAL_Driver/Src/stm32f4xx_hal_hcd.o
LOAD TouchGFX/build/ST/STM32F429IDISCO/../Drivers/STM32F4xx_HAL_Driver/Src/stm32f4xx_hal_i2c.o
LOAD TouchGFX/build/ST/STM32F429IDISCO/../Drivers/STM32F4xx_HAL_Driver/Src/stm32f4xx_hal_i2c_ex.o
LOAD TouchGFX/build/ST/STM32F429IDISCO/../Drivers/STM32F4xx_HAL_Driver/Src/stm32f4xx_hal_i2s.o
LOAD TouchGFX/build/ST/STM32F429IDISCO/../Drivers/STM32F4xx_HAL_Driver/Src/stm32f4xx_hal_i2s_ex.o
LOAD TouchGFX/build/ST/STM32F429IDISCO/../Drivers/STM32F4xx_HAL_Driver/Src/stm32f4xx_hal_irda.o
LOAD TouchGFX/build/ST/STM32F429IDISCO/../Drivers/STM32F4xx_HAL_Driver/Src/stm32f4xx_hal_iwdg.o
LOAD TouchGFX/build/ST/STM32F429IDISCO/../Drivers/STM32F4xx_HAL_Driver/Src/stm32f4xx_hal_lptim.o
LOAD TouchGFX/build/ST/STM32F429IDISCO/../Drivers/STM32F4xx_HAL_Driver/Src/stm32f4xx_hal_ltdc.o
LOAD TouchGFX/build/ST/STM32F429IDISCO/../Drivers/STM32F4xx_HAL_Driver/Src/stm32f4xx_hal_ltdc_ex.o
LOAD TouchGFX/build/ST/STM32F429IDISCO/../Drivers/STM32F4xx_HAL_Driver/Src/stm32f4xx_hal_mmc.o
LOAD TouchGFX/build/ST/STM32F429IDISCO/../Drivers/STM32F4xx_HAL_Driver/Src/stm32f4xx_hal_nand.o
LOAD TouchGFX/build/ST/STM32F429IDISCO/../Drivers/STM32F4xx_HAL_Driver/Src/stm32f4xx_hal_nor.o
LOAD TouchGFX/build/ST/STM32F429IDISCO/../Drivers/STM32F4xx_HAL_Driver/Src/stm32f4xx_hal_pccard.o
LOAD TouchGFX/build/ST/STM32F429IDISCO/../Drivers/STM32F4xx_HAL_Driver/Src/stm32f4xx_hal_pcd.o
LOAD TouchGFX/build/ST/STM32F429IDISCO/../Drivers/STM32F4xx_HAL_Driver/Src/stm32f4xx_hal_pcd_ex.o
LOAD TouchGFX/build/ST/STM32F429IDISCO/../Drivers/STM32F4xx_HAL_Driver/Src/stm32f4xx_hal_pwr.o
LOAD TouchGFX/build/ST/STM32F429IDISCO/../Drivers/STM32F4xx_HAL_Driver/Src/stm32f4xx_hal_pwr_ex.o
LOAD TouchGFX/build/ST/STM32F429IDISCO/../Drivers/STM32F4xx_HAL_Driver/Src/stm32f4xx_hal_qspi.o
LOAD TouchGFX/build/ST/STM32F429IDISCO/../Drivers/STM32F4xx_HAL_Driver/Src/stm32f4xx_hal_rcc.o
LOAD TouchGFX/build/ST/STM32F429IDISCO/../Drivers/STM32F4xx_HAL_Driver/Src/stm32f4xx_hal_rcc_ex.o
LOAD TouchGFX/build/ST/STM32F429IDISCO/../Drivers/STM32F4xx_HAL_Driver/Src/stm32f4xx_hal_rng.o
LOAD TouchGFX/build/ST/STM32F429IDISCO/../Drivers/STM32F4xx_HAL_Driver/Src/stm32f4xx_hal_rtc.o
LOAD TouchGFX/build/ST/STM32F429IDISCO/../Drivers/STM32F4xx_HAL_Driver/Src/stm32f4xx_hal_rtc_ex.o
LOAD TouchGFX/build/ST/STM32F429IDISCO/../Drivers/STM32F4xx_HAL_Driver/Src/stm32f4xx_hal_sai.o
LOAD TouchGFX/build/ST/STM32F429IDISCO/../Drivers/STM32F4xx_HAL_Driver/Src/stm32f4xx_hal_sai_ex.o
LOAD TouchGFX/build/ST/STM32F429IDISCO/../Drivers/STM32F4xx_HAL_Driver/Src/stm32f4xx_hal_sd.o
LOAD TouchGFX/build/ST/STM32F429IDISCO/../Drivers/STM32F4xx_HAL_Driver/Src/stm32f4xx_hal_sdram.o
LOAD TouchGFX/build/ST/STM32F429IDISCO/../Drivers/STM32F4xx_HAL_Driver/Src/stm32f4xx_hal_smartcard.o
LOAD TouchGFX/build/ST/STM32F429IDISCO/../Drivers/STM32F4xx_HAL_Driver/Src/stm32f4xx_hal_spdifrx.o
LOAD TouchGFX/build/ST/STM32F429IDISCO/../Drivers/STM32F4xx_HAL_Driver/Src/stm32f4xx_hal_spi.o
LOAD TouchGFX/build/ST/STM32F429IDISCO/../Drivers/STM32F4xx_HAL_Driver/Src/stm32f4xx_hal_sram.o
LOAD TouchGFX/build/ST/STM32F429IDISCO/../Drivers/STM32F4xx_HAL_Driver/Src/stm32f4xx_hal_tim.o
LOAD TouchGFX/build/ST/STM32F429IDISCO/../Drivers/STM32F4xx_HAL_Driver/Src/stm32f4xx_hal_tim_ex.o
LOAD TouchGFX/build/ST/STM32F429IDISCO/../Drivers/STM32F4xx_HAL_Driver/Src/stm32f4xx_hal_uart.o
LOAD TouchGFX/build/ST/STM32F429IDISCO/../Drivers/STM32F4xx_HAL_Driver/Src/stm32f4xx_hal_usart.o
LOAD TouchGFX/build/ST/STM32F429IDISCO/../Drivers/STM32F4xx_HAL_Driver/Src/stm32f4xx_hal_wwdg.o
LOAD TouchGFX/build/ST/STM32F429IDISCO/../Drivers/STM32F4xx_HAL_Driver/Src/stm32f4xx_ll_fmc.o
LOAD TouchGFX/build/ST/STM32F429IDISCO/gcc/startup_stm32f407xx.o
START GROUP
LOAD c:/TouchGFXProjects/stm32f407ve_port/Middlewares/ST/TouchGFX/touchgfx/lib/core/cortex_m4f/gcc\libtouchgfx.a
END GROUP
LOAD d:/touchgfx/4.10.0/env/mingw/msys/1.0/gnu-arm-gcc/bin/../lib/gcc/arm-none-eabi/6.3.1/../../../../arm-none-eabi/lib/thumb/v7e-m/fpv4-sp/softfp\libstdc++_nano.a
LOAD d:/touchgfx/4.10.0/env/mingw/msys/1.0/gnu-arm-gcc/bin/../lib/gcc/arm-none-eabi/6.3.1/../../../../arm-none-eabi/lib/thumb/v7e-m/fpv4-sp/softfp\libm.a
START GROUP
LOAD d:/touchgfx/4.10.0/env/mingw/msys/1.0/gnu-arm-gcc/bin/../lib/gcc/arm-none-eabi/6.3.1/thumb/v7e-m/fpv4-sp/softfp\libgcc.a
LOAD d:/touchgfx/4.10.0/env/mingw/msys/1.0/gnu-arm-gcc/bin/../lib/gcc/arm-none-eabi/6.3.1/../../../../arm-none-eabi/lib/thumb/v7e-m/fpv4-sp/softfp\libc_nano.a
END GROUP
START GROUP
LOAD d:/touchgfx/4.10.0/env/mingw/msys/1.0/gnu-arm-gcc/bin/../lib/gcc/arm-none-eabi/6.3.1/thumb/v7e-m/fpv4-sp/softfp\libgcc.a
LOAD d:/touchgfx/4.10.0/env/mingw/msys/1.0/gnu-arm-gcc/bin/../lib/gcc/arm-none-eabi/6.3.1/../../../../arm-none-eabi/lib/thumb/v7e-m/fpv4-sp/softfp\libc_nano.a
LOAD d:/touchgfx/4.10.0/env/mingw/msys/1.0/gnu-arm-gcc/bin/../lib/gcc/arm-none-eabi/6.3.1/../../../../arm-none-eabi/lib/thumb/v7e-m/fpv4-sp/softfp\libnosys.a
END GROUP
START GROUP
LOAD d:/touchgfx/4.10.0/env/mingw/msys/1.0/gnu-arm-gcc/bin/../lib/gcc/arm-none-eabi/6.3.1/thumb/v7e-m/fpv4-sp/softfp\libgcc.a
LOAD d:/touchgfx/4.10.0/env/mingw/msys/1.0/gnu-arm-gcc/bin/../lib/gcc/arm-none-eabi/6.3.1/../../../../arm-none-eabi/lib/thumb/v7e-m/fpv4-sp/softfp\libc_nano.a
LOAD d:/touchgfx/4.10.0/env/mingw/msys/1.0/gnu-arm-gcc/bin/../lib/gcc/arm-none-eabi/6.3.1/../../../../arm-none-eabi/lib/thumb/v7e-m/fpv4-sp/softfp\libnosys.a
END GROUP
LOAD d:/touchgfx/4.10.0/env/mingw/msys/1.0/gnu-arm-gcc/bin/../lib/gcc/arm-none-eabi/6.3.1/thumb/v7e-m/fpv4-sp/softfp/crtend.o
LOAD d:/touchgfx/4.10.0/env/mingw/msys/1.0/gnu-arm-gcc/bin/../lib/gcc/arm-none-eabi/6.3.1/thumb/v7e-m/fpv4-sp/softfp/crtn.o
                0x20020000                _estack = 0x20020000
                0x00000200                _Min_Heap_Size = 0x200
                0x00000400                _Min_Stack_Size = 0x400

.isr_vector     0x08000000      0x188
                0x08000000                . = ALIGN (0x4)
 *(.isr_vector)
 .isr_vector    0x08000000      0x188 TouchGFX/build/ST/STM32F429IDISCO/gcc/startup_stm32f407xx.o
                0x08000000                g_pfnVectors
                0x08000188                . = ALIGN (0x4)

.text           0x08000190     0x7ce8
                0x08000190                . = ALIGN (0x4)
 *(.text)
 .text          0x08000190       0x6c d:/touchgfx/4.10.0/env/mingw/msys/1.0/gnu-arm-gcc/bin/../lib/gcc/arm-none-eabi/6.3.1/thumb/v7e-m/fpv4-sp/softfp/crtbegin.o
 .text          0x080001fc       0x30 d:/touchgfx/4.10.0/env/mingw/msys/1.0/gnu-arm-gcc/bin/../lib/gcc/arm-none-eabi/6.3.1/thumb/v7e-m/fpv4-sp/softfp\libgcc.a(_aeabi_uldivmod.o)
                0x080001fc                __aeabi_uldivmod
 .text          0x0800022c      0x2dc d:/touchgfx/4.10.0/env/mingw/msys/1.0/gnu-arm-gcc/bin/../lib/gcc/arm-none-eabi/6.3.1/thumb/v7e-m/fpv4-sp/softfp\libgcc.a(_udivmoddi4.o)
                0x0800022c                __udivmoddi4
 .text          0x08000508        0x4 d:/touchgfx/4.10.0/env/mingw/msys/1.0/gnu-arm-gcc/bin/../lib/gcc/arm-none-eabi/6.3.1/thumb/v7e-m/fpv4-sp/softfp\libgcc.a(_dvmd_tls.o)
                0x08000508                __aeabi_idiv0
                0x08000508                __aeabi_ldiv0
 *fill*         0x0800050c        0x4 
 .text          0x08000510       0xa0 d:/touchgfx/4.10.0/env/mingw/msys/1.0/gnu-arm-gcc/bin/../lib/gcc/arm-none-eabi/6.3.1/../../../../arm-none-eabi/lib/thumb/v7e-m/fpv4-sp/softfp\libc_nano.a(lib_a-memchr.o)
                0x08000510                memchr
 *(.text*)
 .text._ZN8touchgfx17InternalFlashFontD2Ev
                0x080005b0        0x2 TouchGFX/build/ST/STM32F429IDISCO/TouchGFX/generated/fonts/src/FontGetters.o
                0x080005b0                touchgfx::InternalFlashFont::~InternalFlashFont()
                0x080005b0                touchgfx::InternalFlashFont::~InternalFlashFont()
 *fill*         0x080005b2        0x2 
 .text._Z23getFont_verdana_10_4bppv
                0x080005b4       0x70 TouchGFX/build/ST/STM32F429IDISCO/TouchGFX/generated/fonts/src/FontGetters.o
                0x080005b4                getFont_verdana_10_4bpp()
 .text._Z23getFont_verdana_20_4bppv
                0x08000624       0x70 TouchGFX/build/ST/STM32F429IDISCO/TouchGFX/generated/fonts/src/FontGetters.o
                0x08000624                getFont_verdana_20_4bpp()
 .text._Z23getFont_verdana_40_4bppv
                0x08000694       0x70 TouchGFX/build/ST/STM32F429IDISCO/TouchGFX/generated/fonts/src/FontGetters.o
                0x08000694                getFont_verdana_40_4bpp()
 .text._ZN8touchgfx17InternalFlashFontD0Ev
                0x08000704        0xc TouchGFX/build/ST/STM32F429IDISCO/TouchGFX/generated/fonts/src/FontGetters.o
                0x08000704                touchgfx::InternalFlashFont::~InternalFlashFont()
 .text._ZN23ApplicationFontProviderD2Ev
                0x08000710        0x2 TouchGFX/build/ST/STM32F429IDISCO/TouchGFX/generated/fonts/src/ApplicationFontProvider.o
                0x08000710                ApplicationFontProvider::~ApplicationFontProvider()
                0x08000710                ApplicationFontProvider::~ApplicationFontProvider()
 .text._ZN23ApplicationFontProvider7getFontEt
                0x08000712       0x1a TouchGFX/build/ST/STM32F429IDISCO/TouchGFX/generated/fonts/src/ApplicationFontProvider.o
                0x08000712                ApplicationFontProvider::getFont(unsigned short)
 .text._ZN23ApplicationFontProviderD0Ev
                0x0800072c        0xc TouchGFX/build/ST/STM32F429IDISCO/TouchGFX/generated/fonts/src/ApplicationFontProvider.o
                0x0800072c                ApplicationFontProvider::~ApplicationFontProvider()
 .text.startup._GLOBAL__sub_I__ZN17TypedTextDatabase11getInstanceEt
                0x08000738       0x1c TouchGFX/build/ST/STM32F429IDISCO/TouchGFX/generated/texts/src/TypedTextDatabase.o
 .text.startup._GLOBAL__sub_I__ZN8touchgfx4Font22getStringWidthFunctionE
                0x08000754        0xc TouchGFX/build/ST/STM32F429IDISCO/TouchGFX/generated/texts/src/Texts.o
 .text._ZN8touchgfx10OSWrappers24takeFrameBufferSemaphoreEv
                0x08000760       0x14 TouchGFX/build/ST/STM32F429IDISCO/../Middlewares/ST/TouchGFX/touchgfx/os/OSWrappers.o
                0x08000760                touchgfx::OSWrappers::takeFrameBufferSemaphore()
 .text._ZN8touchgfx10OSWrappers24giveFrameBufferSemaphoreEv
                0x08000774       0x14 TouchGFX/build/ST/STM32F429IDISCO/../Middlewares/ST/TouchGFX/touchgfx/os/OSWrappers.o
                0x08000774                touchgfx::OSWrappers::giveFrameBufferSemaphore()
 .text._ZN8touchgfx10OSWrappers27tryTakeFrameBufferSemaphoreEv
                0x08000788       0x14 TouchGFX/build/ST/STM32F429IDISCO/../Middlewares/ST/TouchGFX/touchgfx/os/OSWrappers.o
                0x08000788                touchgfx::OSWrappers::tryTakeFrameBufferSemaphore()
 .text._ZN8touchgfx10OSWrappers31giveFrameBufferSemaphoreFromISREv
                0x0800079c       0x34 TouchGFX/build/ST/STM32F429IDISCO/../Middlewares/ST/TouchGFX/touchgfx/os/OSWrappers.o
                0x0800079c                touchgfx::OSWrappers::giveFrameBufferSemaphoreFromISR()
 .text._ZL9blinkTaskPv
                0x080007d0       0x1c TouchGFX/build/ST/STM32F429IDISCO/Core/Src/main.o
 .text.startup.main
                0x080007ec       0x74 TouchGFX/build/ST/STM32F429IDISCO/Core/Src/main.o
                0x080007ec                main
 .text._ZN8touchgfx8LCD16bppD2Ev
                0x08000860        0x2 TouchGFX/build/ST/STM32F429IDISCO/TouchGFX/target/BoardConfiguration.o
                0x08000860                touchgfx::LCD16bpp::~LCD16bpp()
                0x08000860                touchgfx::LCD16bpp::~LCD16bpp()
 .text._ZN8touchgfx25CortexMMCUInstrumentationD2Ev
                0x08000862        0x2 TouchGFX/build/ST/STM32F429IDISCO/TouchGFX/target/BoardConfiguration.o
                0x08000862                touchgfx::CortexMMCUInstrumentation::~CortexMMCUInstrumentation()
                0x08000862                touchgfx::CortexMMCUInstrumentation::~CortexMMCUInstrumentation()
 .text._ZN8touchgfx24ResistiveTouchControllerD2Ev
                0x08000864        0x2 TouchGFX/build/ST/STM32F429IDISCO/TouchGFX/target/BoardConfiguration.o
                0x08000864                touchgfx::ResistiveTouchController::~ResistiveTouchController()
                0x08000864                touchgfx::ResistiveTouchController::~ResistiveTouchController()
 .text._ZN8touchgfx8LCD16bppD0Ev
                0x08000866        0xc TouchGFX/build/ST/STM32F429IDISCO/TouchGFX/target/BoardConfiguration.o
                0x08000866                touchgfx::LCD16bpp::~LCD16bpp()
 .text.LCD_GetXSize
                0x08000872        0x6 TouchGFX/build/ST/STM32F429IDISCO/TouchGFX/target/BoardConfiguration.o
                0x08000872                LCD_GetXSize
 .text.LCD_GetYSize
                0x08000878        0x6 TouchGFX/build/ST/STM32F429IDISCO/TouchGFX/target/BoardConfiguration.o
                0x08000878                LCD_GetYSize
 *fill*         0x0800087e        0x2 
 .text._ZN8touchgfx7hw_initEv
                0x08000880       0x9c TouchGFX/build/ST/STM32F429IDISCO/TouchGFX/target/BoardConfiguration.o
                0x08000880                touchgfx::hw_init()
 .text._ZN8touchgfx25CortexMMCUInstrumentationD0Ev
                0x0800091c        0xc TouchGFX/build/ST/STM32F429IDISCO/TouchGFX/target/BoardConfiguration.o
                0x0800091c                touchgfx::CortexMMCUInstrumentation::~CortexMMCUInstrumentation()
 .text._ZN8touchgfx24ResistiveTouchControllerD0Ev
                0x08000928        0xc TouchGFX/build/ST/STM32F429IDISCO/TouchGFX/target/BoardConfiguration.o
                0x08000928                touchgfx::ResistiveTouchController::~ResistiveTouchController()
 .text.startup._GLOBAL__sub_I_os_inited
                0x08000934       0x7c TouchGFX/build/ST/STM32F429IDISCO/TouchGFX/target/BoardConfiguration.o
 .text._ZN8touchgfx18MCUInstrumentation13getCCConsumedEv
                0x080009b0        0x4 TouchGFX/build/ST/STM32F429IDISCO/TouchGFX/target/CortexMMCUInstrumentation.o
                0x080009b0                touchgfx::MCUInstrumentation::getCCConsumed()
 .text._ZN8touchgfx18MCUInstrumentation13setCCConsumedEm
                0x080009b4        0x4 TouchGFX/build/ST/STM32F429IDISCO/TouchGFX/target/CortexMMCUInstrumentation.o
                0x080009b4                touchgfx::MCUInstrumentation::setCCConsumed(unsigned long)
 .text._ZN8touchgfx25CortexMMCUInstrumentation4initEv
                0x080009b8       0x20 TouchGFX/build/ST/STM32F429IDISCO/TouchGFX/target/CortexMMCUInstrumentation.o
                0x080009b8                touchgfx::CortexMMCUInstrumentation::init()
 .text._ZN8touchgfx25CortexMMCUInstrumentation12getElapsedUSEjjj
                0x080009d8        0xc TouchGFX/build/ST/STM32F429IDISCO/TouchGFX/target/CortexMMCUInstrumentation.o
                0x080009d8                touchgfx::CortexMMCUInstrumentation::getElapsedUS(unsigned int, unsigned int, unsigned int)
 .text._ZN8touchgfx25CortexMMCUInstrumentation12getCPUCyclesEv
                0x080009e4        0xc TouchGFX/build/ST/STM32F429IDISCO/TouchGFX/target/CortexMMCUInstrumentation.o
                0x080009e4                touchgfx::CortexMMCUInstrumentation::getCPUCycles()
 .text._ZN8touchgfx25CortexMMCUInstrumentation12setMCUActiveEb
                0x080009f0       0x1e TouchGFX/build/ST/STM32F429IDISCO/TouchGFX/target/CortexMMCUInstrumentation.o
                0x080009f0                touchgfx::CortexMMCUInstrumentation::setMCUActive(bool)
 *fill*         0x08000a0e        0x2 
 .text._ZN8touchgfx4GPIO5clearENS0_7GPIO_IDE
                0x08000a10       0x18 TouchGFX/build/ST/STM32F429IDISCO/TouchGFX/target/GPIO.o
                0x08000a10                touchgfx::GPIO::clear(touchgfx::GPIO::GPIO_ID)
 .text._ZN8touchgfx4GPIO4initEv
                0x08000a28       0x1e TouchGFX/build/ST/STM32F429IDISCO/TouchGFX/target/GPIO.o
                0x08000a28                touchgfx::GPIO::init()
 .text._ZN8touchgfx24ResistiveTouchController4initEv
                0x08000a46       0x18 TouchGFX/build/ST/STM32F429IDISCO/TouchGFX/target/ResistiveTouchController.o
                0x08000a46                touchgfx::ResistiveTouchController::init()
 .text._ZN8touchgfx24ResistiveTouchController11sampleTouchERlS1_
                0x08000a5e       0x24 TouchGFX/build/ST/STM32F429IDISCO/TouchGFX/target/ResistiveTouchController.o
                0x08000a5e                touchgfx::ResistiveTouchController::sampleTouch(long&, long&)
 .text._ZN8touchgfx13DMA_Interface5flushEv
                0x08000a82        0x6 TouchGFX/build/ST/STM32F429IDISCO/TouchGFX/target/STM32F4DMA.o
                0x08000a82                touchgfx::DMA_Interface::flush()
 .text._ZN10STM32F4DMA18signalDMAInterruptEv
                0x08000a88        0x6 TouchGFX/build/ST/STM32F429IDISCO/TouchGFX/target/STM32F4DMA.o
                0x08000a88                STM32F4DMA::signalDMAInterrupt()
 .text.DMA2D_XferErrorCallback
                0x08000a8e        0x2 TouchGFX/build/ST/STM32F429IDISCO/TouchGFX/target/STM32F4DMA.o
 .text._ZN10STM32F4DMA11getBlitCapsEv
                0x08000a90       0x14 TouchGFX/build/ST/STM32F429IDISCO/TouchGFX/target/STM32F4DMA.o
                0x08000a90                STM32F4DMA::getBlitCaps()
 .text._ZN10STM32F4DMAD2Ev
                0x08000aa4       0x28 TouchGFX/build/ST/STM32F429IDISCO/TouchGFX/target/STM32F4DMA.o
                0x08000aa4                STM32F4DMA::~STM32F4DMA()
                0x08000aa4                STM32F4DMA::~STM32F4DMA()
 .text._ZN10STM32F4DMAD0Ev
                0x08000acc       0x12 TouchGFX/build/ST/STM32F429IDISCO/TouchGFX/target/STM32F4DMA.o
                0x08000acc                STM32F4DMA::~STM32F4DMA()
 *fill*         0x08000ade        0x2 
 .text._ZN10STM32F4DMA10initializeEv
                0x08000ae0       0x34 TouchGFX/build/ST/STM32F429IDISCO/TouchGFX/target/STM32F4DMA.o
                0x08000ae0                STM32F4DMA::initialize()
 .text.DMA2D_XferCpltCallback
                0x08000b14       0x10 TouchGFX/build/ST/STM32F429IDISCO/TouchGFX/target/STM32F4DMA.o
 .text._ZN10STM32F4DMA13setupDataCopyERKN8touchgfx6BlitOpE
                0x08000b24      0x1ac TouchGFX/build/ST/STM32F429IDISCO/TouchGFX/target/STM32F4DMA.o
                0x08000b24                STM32F4DMA::setupDataCopy(touchgfx::BlitOp const&)
 .text._ZN10STM32F4DMA13setupDataFillERKN8touchgfx6BlitOpE
                0x08000cd0      0x10c TouchGFX/build/ST/STM32F429IDISCO/TouchGFX/target/STM32F4DMA.o
                0x08000cd0                STM32F4DMA::setupDataFill(touchgfx::BlitOp const&)
 .text._ZN10STM32F4DMAC2Ev
                0x08000ddc       0x34 TouchGFX/build/ST/STM32F429IDISCO/TouchGFX/target/STM32F4DMA.o
                0x08000ddc                STM32F4DMA::STM32F4DMA()
                0x08000ddc                STM32F4DMA::STM32F4DMA()
 .text.vListInitialise
                0x08000e10       0x16 TouchGFX/build/ST/STM32F429IDISCO/../Middlewares/Third_Party/FreeRTOS/Source/list.o
                0x08000e10                vListInitialise
 .text.vListInitialiseItem
                0x08000e26        0x6 TouchGFX/build/ST/STM32F429IDISCO/../Middlewares/Third_Party/FreeRTOS/Source/list.o
                0x08000e26                vListInitialiseItem
 .text.vListInsertEnd
                0x08000e2c       0x18 TouchGFX/build/ST/STM32F429IDISCO/../Middlewares/Third_Party/FreeRTOS/Source/list.o
                0x08000e2c                vListInsertEnd
 .text.vListInsert
                0x08000e44       0x2e TouchGFX/build/ST/STM32F429IDISCO/../Middlewares/Third_Party/FreeRTOS/Source/list.o
                0x08000e44                vListInsert
 .text.uxListRemove
                0x08000e72       0x24 TouchGFX/build/ST/STM32F429IDISCO/../Middlewares/Third_Party/FreeRTOS/Source/list.o
                0x08000e72                uxListRemove
 .text.unlikely.prvCopyDataToQueue
                0x08000e96       0x66 TouchGFX/build/ST/STM32F429IDISCO/../Middlewares/Third_Party/FreeRTOS/Source/queue.o
 .text.unlikely.prvCopyDataFromQueue
                0x08000efc       0x2a TouchGFX/build/ST/STM32F429IDISCO/../Middlewares/Third_Party/FreeRTOS/Source/queue.o
 .text.prvUnlockQueue
                0x08000f26       0x70 TouchGFX/build/ST/STM32F429IDISCO/../Middlewares/Third_Party/FreeRTOS/Source/queue.o
 *fill*         0x08000f96        0x2 
 .text.xQueueGenericReset
                0x08000f98       0x80 TouchGFX/build/ST/STM32F429IDISCO/../Middlewares/Third_Party/FreeRTOS/Source/queue.o
                0x08000f98                xQueueGenericReset
 .text.xQueueGenericCreate
                0x08001018       0x48 TouchGFX/build/ST/STM32F429IDISCO/../Middlewares/Third_Party/FreeRTOS/Source/queue.o
                0x08001018                xQueueGenericCreate
 .text.xQueueGenericSend
                0x08001060      0x16c TouchGFX/build/ST/STM32F429IDISCO/../Middlewares/Third_Party/FreeRTOS/Source/queue.o
                0x08001060                xQueueGenericSend
 .text.xQueueGenericSendFromISR
                0x080011cc       0xc4 TouchGFX/build/ST/STM32F429IDISCO/../Middlewares/Third_Party/FreeRTOS/Source/queue.o
                0x080011cc                xQueueGenericSendFromISR
 .text.xQueueGiveFromISR
                0x08001290       0xa8 TouchGFX/build/ST/STM32F429IDISCO/../Middlewares/Third_Party/FreeRTOS/Source/queue.o
                0x08001290                xQueueGiveFromISR
 .text.xQueueGenericReceive
                0x08001338      0x188 TouchGFX/build/ST/STM32F429IDISCO/../Middlewares/Third_Party/FreeRTOS/Source/queue.o
                0x08001338                xQueueGenericReceive
 .text.vQueueAddToRegistry
                0x080014c0       0x24 TouchGFX/build/ST/STM32F429IDISCO/../Middlewares/Third_Party/FreeRTOS/Source/queue.o
                0x080014c0                vQueueAddToRegistry
 .text.vQueueWaitForMessageRestricted
                0x080014e4       0x46 TouchGFX/build/ST/STM32F429IDISCO/../Middlewares/Third_Party/FreeRTOS/Source/queue.o
                0x080014e4                vQueueWaitForMessageRestricted
 *fill*         0x0800152a        0x2 
 .text.prvResetNextTaskUnblockTime
                0x0800152c       0x24 TouchGFX/build/ST/STM32F429IDISCO/../Middlewares/Third_Party/FreeRTOS/Source/tasks.o
 .text.prvAddCurrentTaskToDelayedList
                0x08001550       0x8c TouchGFX/build/ST/STM32F429IDISCO/../Middlewares/Third_Party/FreeRTOS/Source/tasks.o
 .text.vTaskSetTimeOutState.part.6
                0x080015dc       0x12 TouchGFX/build/ST/STM32F429IDISCO/../Middlewares/Third_Party/FreeRTOS/Source/tasks.o
 *fill*         0x080015ee        0x2 
 .text.xTaskCreate
                0x080015f0      0x1b0 TouchGFX/build/ST/STM32F429IDISCO/../Middlewares/Third_Party/FreeRTOS/Source/tasks.o
                0x080015f0                xTaskCreate
 .text.vTaskStartScheduler
                0x080017a0       0x80 TouchGFX/build/ST/STM32F429IDISCO/../Middlewares/Third_Party/FreeRTOS/Source/tasks.o
                0x080017a0                vTaskStartScheduler
 .text.vTaskSuspendAll
                0x08001820       0x10 TouchGFX/build/ST/STM32F429IDISCO/../Middlewares/Third_Party/FreeRTOS/Source/tasks.o
                0x08001820                vTaskSuspendAll
 .text.xTaskGetTickCount
                0x08001830        0xc TouchGFX/build/ST/STM32F429IDISCO/../Middlewares/Third_Party/FreeRTOS/Source/tasks.o
                0x08001830                xTaskGetTickCount
 .text.xTaskIncrementTick
                0x0800183c      0x124 TouchGFX/build/ST/STM32F429IDISCO/../Middlewares/Third_Party/FreeRTOS/Source/tasks.o
                0x0800183c                xTaskIncrementTick
 .text.xTaskResumeAll
                0x08001960       0xf0 TouchGFX/build/ST/STM32F429IDISCO/../Middlewares/Third_Party/FreeRTOS/Source/tasks.o
                0x08001960                xTaskResumeAll
 .text.prvIdleTask
                0x08001a50       0x74 TouchGFX/build/ST/STM32F429IDISCO/../Middlewares/Third_Party/FreeRTOS/Source/tasks.o
 .text.vTaskSwitchContext
                0x08001ac4       0x74 TouchGFX/build/ST/STM32F429IDISCO/../Middlewares/Third_Party/FreeRTOS/Source/tasks.o
                0x08001ac4                vTaskSwitchContext
 .text.vTaskPlaceOnEventList
                0x08001b38       0x34 TouchGFX/build/ST/STM32F429IDISCO/../Middlewares/Third_Party/FreeRTOS/Source/tasks.o
                0x08001b38                vTaskPlaceOnEventList
 .text.vTaskPlaceOnEventListRestricted
                0x08001b6c       0x3c TouchGFX/build/ST/STM32F429IDISCO/../Middlewares/Third_Party/FreeRTOS/Source/tasks.o
                0x08001b6c                vTaskPlaceOnEventListRestricted
 .text.xTaskRemoveFromEventList
                0x08001ba8       0x84 TouchGFX/build/ST/STM32F429IDISCO/../Middlewares/Third_Party/FreeRTOS/Source/tasks.o
                0x08001ba8                xTaskRemoveFromEventList
 .text.vTaskSetTimeOutState
                0x08001c2c       0x20 TouchGFX/build/ST/STM32F429IDISCO/../Middlewares/Third_Party/FreeRTOS/Source/tasks.o
                0x08001c2c                vTaskSetTimeOutState
 .text.xTaskCheckForTimeOut
                0x08001c4c       0x74 TouchGFX/build/ST/STM32F429IDISCO/../Middlewares/Third_Party/FreeRTOS/Source/tasks.o
                0x08001c4c                xTaskCheckForTimeOut
 .text.vTaskMissedYield
                0x08001cc0        0xc TouchGFX/build/ST/STM32F429IDISCO/../Middlewares/Third_Party/FreeRTOS/Source/tasks.o
                0x08001cc0                vTaskMissedYield
 .text.xTaskGetSchedulerState
                0x08001ccc       0x20 TouchGFX/build/ST/STM32F429IDISCO/../Middlewares/Third_Party/FreeRTOS/Source/tasks.o
                0x08001ccc                xTaskGetSchedulerState
 .text.vTaskPriorityInherit
                0x08001cec       0x8c TouchGFX/build/ST/STM32F429IDISCO/../Middlewares/Third_Party/FreeRTOS/Source/tasks.o
                0x08001cec                vTaskPriorityInherit
 .text.xTaskPriorityDisinherit
                0x08001d78       0xa0 TouchGFX/build/ST/STM32F429IDISCO/../Middlewares/Third_Party/FreeRTOS/Source/tasks.o
                0x08001d78                xTaskPriorityDisinherit
 .text.pvTaskIncrementMutexHeldCount
                0x08001e18       0x18 TouchGFX/build/ST/STM32F429IDISCO/../Middlewares/Third_Party/FreeRTOS/Source/tasks.o
                0x08001e18                pvTaskIncrementMutexHeldCount
 .text.prvCheckForValidListAndQueue
                0x08001e30       0x58 TouchGFX/build/ST/STM32F429IDISCO/../Middlewares/Third_Party/FreeRTOS/Source/timers.o
 .text.prvInsertTimerInActiveList
                0x08001e88       0x3c TouchGFX/build/ST/STM32F429IDISCO/../Middlewares/Third_Party/FreeRTOS/Source/timers.o
 .text.xTimerCreateTimerTask
                0x08001ec4       0x4c TouchGFX/build/ST/STM32F429IDISCO/../Middlewares/Third_Party/FreeRTOS/Source/timers.o
                0x08001ec4                xTimerCreateTimerTask
 .text.xTimerGenericCommand
                0x08001f10       0x58 TouchGFX/build/ST/STM32F429IDISCO/../Middlewares/Third_Party/FreeRTOS/Source/timers.o
                0x08001f10                xTimerGenericCommand
 .text.prvSwitchTimerLists
                0x08001f68       0x7c TouchGFX/build/ST/STM32F429IDISCO/../Middlewares/Third_Party/FreeRTOS/Source/timers.o
 .text.prvTimerTask
                0x08001fe4      0x1cc TouchGFX/build/ST/STM32F429IDISCO/../Middlewares/Third_Party/FreeRTOS/Source/timers.o
 .text.pvPortMalloc
                0x080021b0       0xb8 TouchGFX/build/ST/STM32F429IDISCO/../Middlewares/Third_Party/FreeRTOS/Source/portable/MemMang/heap_2.o
                0x080021b0                pvPortMalloc
 .text.vPortFree
                0x08002268       0x44 TouchGFX/build/ST/STM32F429IDISCO/../Middlewares/Third_Party/FreeRTOS/Source/portable/MemMang/heap_2.o
                0x08002268                vPortFree
 .text.prvTaskExitError
                0x080022ac       0x30 TouchGFX/build/ST/STM32F429IDISCO/../Middlewares/Third_Party/FreeRTOS/Source/portable/GCC/ARM_CM4F/port.o
 .text.prvPortStartFirstTask
                0x080022dc       0x20 TouchGFX/build/ST/STM32F429IDISCO/../Middlewares/Third_Party/FreeRTOS/Source/portable/GCC/ARM_CM4F/port.o
 .text.vPortEnableVFP
                0x080022fc       0x14 TouchGFX/build/ST/STM32F429IDISCO/../Middlewares/Third_Party/FreeRTOS/Source/portable/GCC/ARM_CM4F/port.o
 .text.pxPortInitialiseStack
                0x08002310       0x2c TouchGFX/build/ST/STM32F429IDISCO/../Middlewares/Third_Party/FreeRTOS/Source/portable/GCC/ARM_CM4F/port.o
                0x08002310                pxPortInitialiseStack
 *fill*         0x0800233c        0x4 
 .text.SVC_Handler
                0x08002340       0x24 TouchGFX/build/ST/STM32F429IDISCO/../Middlewares/Third_Party/FreeRTOS/Source/portable/GCC/ARM_CM4F/port.o
                0x08002340                SVC_Handler
 .text.vPortEnterCritical
                0x08002364       0x44 TouchGFX/build/ST/STM32F429IDISCO/../Middlewares/Third_Party/FreeRTOS/Source/portable/GCC/ARM_CM4F/port.o
                0x08002364                vPortEnterCritical
 .text.vPortExitCritical
                0x080023a8       0x28 TouchGFX/build/ST/STM32F429IDISCO/../Middlewares/Third_Party/FreeRTOS/Source/portable/GCC/ARM_CM4F/port.o
                0x080023a8                vPortExitCritical
 .text.PendSV_Handler
                0x080023d0       0x64 TouchGFX/build/ST/STM32F429IDISCO/../Middlewares/Third_Party/FreeRTOS/Source/portable/GCC/ARM_CM4F/port.o
                0x080023d0                PendSV_Handler
 .text.OS_SysTick
                0x08002434       0x2c TouchGFX/build/ST/STM32F429IDISCO/../Middlewares/Third_Party/FreeRTOS/Source/portable/GCC/ARM_CM4F/port.o
                0x08002434                OS_SysTick
 .text.vPortSetupTimerInterrupt
                0x08002460       0x28 TouchGFX/build/ST/STM32F429IDISCO/../Middlewares/Third_Party/FreeRTOS/Source/portable/GCC/ARM_CM4F/port.o
                0x08002460                vPortSetupTimerInterrupt
 .text.xPortStartScheduler
                0x08002488       0xec TouchGFX/build/ST/STM32F429IDISCO/../Middlewares/Third_Party/FreeRTOS/Source/portable/GCC/ARM_CM4F/port.o
                0x08002488                xPortStartScheduler
 .text.vPortValidateInterruptPriority
                0x08002574       0x5c TouchGFX/build/ST/STM32F429IDISCO/../Middlewares/Third_Party/FreeRTOS/Source/portable/GCC/ARM_CM4F/port.o
                0x08002574                vPortValidateInterruptPriority
 .text.HAL_InitTick
                0x080025d0       0x88 TouchGFX/build/ST/STM32F429IDISCO/Core/Src/stm32f4xx_hal_timebase_tim.o
                0x080025d0                HAL_InitTick
 .text.HAL_TIM_PeriodElapsedCallback
                0x08002658        0x4 TouchGFX/build/ST/STM32F429IDISCO/Core/Src/stm32f4xx_hal_timebase_tim.o
                0x08002658                HAL_TIM_PeriodElapsedCallback
 .text.TIM6_DAC_IRQHandler
                0x0800265c        0xc TouchGFX/build/ST/STM32F429IDISCO/Core/Src/stm32f4xx_hal_timebase_tim.o
                0x0800265c                TIM6_DAC_IRQHandler
 .text.NMI_Handler
                0x08002668        0x2 TouchGFX/build/ST/STM32F429IDISCO/Core/Src/stm32f4xx_it.o
                0x08002668                NMI_Handler
 .text.HardFault_Handler
                0x0800266a        0x2 TouchGFX/build/ST/STM32F429IDISCO/Core/Src/stm32f4xx_it.o
                0x0800266a                HardFault_Handler
 .text.MemManage_Handler
                0x0800266c        0x2 TouchGFX/build/ST/STM32F429IDISCO/Core/Src/stm32f4xx_it.o
                0x0800266c                MemManage_Handler
 .text.BusFault_Handler
                0x0800266e        0x2 TouchGFX/build/ST/STM32F429IDISCO/Core/Src/stm32f4xx_it.o
                0x0800266e                BusFault_Handler
 .text.UsageFault_Handler
                0x08002670        0x2 TouchGFX/build/ST/STM32F429IDISCO/Core/Src/stm32f4xx_it.o
                0x08002670                UsageFault_Handler
 .text.DebugMon_Handler
                0x08002672        0x2 TouchGFX/build/ST/STM32F429IDISCO/Core/Src/stm32f4xx_it.o
                0x08002672                DebugMon_Handler
 .text.SysTick_Handler
                0x08002674       0x10 TouchGFX/build/ST/STM32F429IDISCO/Core/Src/stm32f4xx_it.o
                0x08002674                SysTick_Handler
 .text.stmpe811_Reset
                0x08002684       0x28 TouchGFX/build/ST/STM32F429IDISCO/../Drivers/BSP/Components/stmpe811/stmpe811.o
                0x08002684                stmpe811_Reset
 .text.stmpe811_ReadID
                0x080026ac       0x24 TouchGFX/build/ST/STM32F429IDISCO/../Drivers/BSP/Components/stmpe811/stmpe811.o
                0x080026ac                stmpe811_ReadID
 .text.stmpe811_TS_DetectTouch
                0x080026d0       0x38 TouchGFX/build/ST/STM32F429IDISCO/../Drivers/BSP/Components/stmpe811/stmpe811.o
                0x080026d0                stmpe811_TS_DetectTouch
 .text.stmpe811_TS_GetXY
                0x08002708       0x3c TouchGFX/build/ST/STM32F429IDISCO/../Drivers/BSP/Components/stmpe811/stmpe811.o
                0x08002708                stmpe811_TS_GetXY
 .text.stmpe811_Init
                0x08002744       0x34 TouchGFX/build/ST/STM32F429IDISCO/../Drivers/BSP/Components/stmpe811/stmpe811.o
                0x08002744                stmpe811_Init
 .text.stmpe811_EnableGlobalIT
                0x08002778       0x1e TouchGFX/build/ST/STM32F429IDISCO/../Drivers/BSP/Components/stmpe811/stmpe811.o
                0x08002778                stmpe811_EnableGlobalIT
 .text.stmpe811_DisableGlobalIT
                0x08002796       0x1c TouchGFX/build/ST/STM32F429IDISCO/../Drivers/BSP/Components/stmpe811/stmpe811.o
                0x08002796                stmpe811_DisableGlobalIT
 .text.stmpe811_EnableITSource
                0x080027b2       0x20 TouchGFX/build/ST/STM32F429IDISCO/../Drivers/BSP/Components/stmpe811/stmpe811.o
                0x080027b2                stmpe811_EnableITSource
 .text.stmpe811_TS_EnableIT
                0x080027d2       0x1a TouchGFX/build/ST/STM32F429IDISCO/../Drivers/BSP/Components/stmpe811/stmpe811.o
                0x080027d2                stmpe811_TS_EnableIT
 .text.stmpe811_DisableITSource
                0x080027ec       0x20 TouchGFX/build/ST/STM32F429IDISCO/../Drivers/BSP/Components/stmpe811/stmpe811.o
                0x080027ec                stmpe811_DisableITSource
 .text.stmpe811_TS_DisableIT
                0x0800280c       0x14 TouchGFX/build/ST/STM32F429IDISCO/../Drivers/BSP/Components/stmpe811/stmpe811.o
                0x0800280c                stmpe811_TS_DisableIT
 .text.stmpe811_ReadGITStatus
                0x08002820       0x10 TouchGFX/build/ST/STM32F429IDISCO/../Drivers/BSP/Components/stmpe811/stmpe811.o
                0x08002820                stmpe811_ReadGITStatus
 .text.stmpe811_TS_ITStatus
                0x08002830        0x6 TouchGFX/build/ST/STM32F429IDISCO/../Drivers/BSP/Components/stmpe811/stmpe811.o
                0x08002830                stmpe811_TS_ITStatus
 .text.stmpe811_ClearGlobalIT
                0x08002836        0xa TouchGFX/build/ST/STM32F429IDISCO/../Drivers/BSP/Components/stmpe811/stmpe811.o
                0x08002836                stmpe811_ClearGlobalIT
 .text.stmpe811_TS_ClearIT
                0x08002840        0x6 TouchGFX/build/ST/STM32F429IDISCO/../Drivers/BSP/Components/stmpe811/stmpe811.o
                0x08002840                stmpe811_TS_ClearIT
 .text.stmpe811_IO_EnableAF
                0x08002846       0x20 TouchGFX/build/ST/STM32F429IDISCO/../Drivers/BSP/Components/stmpe811/stmpe811.o
                0x08002846                stmpe811_IO_EnableAF
 .text.stmpe811_TS_Start
                0x08002866       0xa4 TouchGFX/build/ST/STM32F429IDISCO/../Drivers/BSP/Components/stmpe811/stmpe811.o
                0x08002866                stmpe811_TS_Start
 *fill*         0x0800290a        0x2 
 .text.I2Cx_Init
                0x0800290c       0xe8 TouchGFX/build/ST/STM32F429IDISCO/../Drivers/BSP/STM32F429I-Discovery/stm32f429i_discovery.o
 .text.I2Cx_Error
                0x080029f4       0x14 TouchGFX/build/ST/STM32F429IDISCO/../Drivers/BSP/STM32F429I-Discovery/stm32f429i_discovery.o
 .text.BSP_LED_Init
                0x08002a08       0x78 TouchGFX/build/ST/STM32F429IDISCO/../Drivers/BSP/STM32F429I-Discovery/stm32f429i_discovery.o
                0x08002a08                BSP_LED_Init
 .text.BSP_LED_On
                0x08002a80       0x1c TouchGFX/build/ST/STM32F429IDISCO/../Drivers/BSP/STM32F429I-Discovery/stm32f429i_discovery.o
                0x08002a80                BSP_LED_On
 .text.IOE_Init
                0x08002a9c        0x4 TouchGFX/build/ST/STM32F429IDISCO/../Drivers/BSP/STM32F429I-Discovery/stm32f429i_discovery.o
                0x08002a9c                IOE_Init
 .text.IOE_ITConfig
                0x08002aa0       0x54 TouchGFX/build/ST/STM32F429IDISCO/../Drivers/BSP/STM32F429I-Discovery/stm32f429i_discovery.o
                0x08002aa0                IOE_ITConfig
 .text.IOE_Write
                0x08002af4       0x34 TouchGFX/build/ST/STM32F429IDISCO/../Drivers/BSP/STM32F429I-Discovery/stm32f429i_discovery.o
                0x08002af4                IOE_Write
 .text.IOE_Read
                0x08002b28       0x38 TouchGFX/build/ST/STM32F429IDISCO/../Drivers/BSP/STM32F429I-Discovery/stm32f429i_discovery.o
                0x08002b28                IOE_Read
 .text.IOE_ReadMultiple
                0x08002b60       0x2c TouchGFX/build/ST/STM32F429IDISCO/../Drivers/BSP/STM32F429I-Discovery/stm32f429i_discovery.o
                0x08002b60                IOE_ReadMultiple
 .text.IOE_Delay
                0x08002b8c        0x4 TouchGFX/build/ST/STM32F429IDISCO/../Drivers/BSP/STM32F429I-Discovery/stm32f429i_discovery.o
                0x08002b8c                IOE_Delay
 .text.BSP_TS_Init
                0x08002b90       0x44 TouchGFX/build/ST/STM32F429IDISCO/../Drivers/BSP/STM32F429I-Discovery/stm32f429i_discovery_ts.o
                0x08002b90                BSP_TS_Init
 .text.BSP_TS_GetState
                0x08002bd4       0xc0 TouchGFX/build/ST/STM32F429IDISCO/../Drivers/BSP/STM32F429I-Discovery/stm32f429i_discovery_ts.o
                0x08002bd4                BSP_TS_GetState
 .text.SystemInit
                0x08002c94       0x4c TouchGFX/build/ST/STM32F429IDISCO/Core/Src/system_stm32f4xx.o
                0x08002c94                SystemInit
 .text.HAL_MspInit
                0x08002ce0        0x2 TouchGFX/build/ST/STM32F429IDISCO/../Drivers/STM32F4xx_HAL_Driver/Src/stm32f4xx_hal.o
                0x08002ce0                HAL_MspInit
 *fill*         0x08002ce2        0x2 
 .text.HAL_Init
                0x08002ce4       0x34 TouchGFX/build/ST/STM32F429IDISCO/../Drivers/STM32F4xx_HAL_Driver/Src/stm32f4xx_hal.o
                0x08002ce4                HAL_Init
 .text.HAL_IncTick
                0x08002d18       0x10 TouchGFX/build/ST/STM32F429IDISCO/../Drivers/STM32F4xx_HAL_Driver/Src/stm32f4xx_hal.o
                0x08002d18                HAL_IncTick
 .text.HAL_GetTick
                0x08002d28        0xc TouchGFX/build/ST/STM32F429IDISCO/../Drivers/STM32F4xx_HAL_Driver/Src/stm32f4xx_hal.o
                0x08002d28                HAL_GetTick
 .text.HAL_Delay
                0x08002d34       0x20 TouchGFX/build/ST/STM32F429IDISCO/../Drivers/STM32F4xx_HAL_Driver/Src/stm32f4xx_hal.o
                0x08002d34                HAL_Delay
 .text.HAL_NVIC_SetPriorityGrouping
                0x08002d54       0x24 TouchGFX/build/ST/STM32F429IDISCO/../Drivers/STM32F4xx_HAL_Driver/Src/stm32f4xx_hal_cortex.o
                0x08002d54                HAL_NVIC_SetPriorityGrouping
 .text.HAL_NVIC_SetPriority
                0x08002d78       0x68 TouchGFX/build/ST/STM32F429IDISCO/../Drivers/STM32F4xx_HAL_Driver/Src/stm32f4xx_hal_cortex.o
                0x08002d78                HAL_NVIC_SetPriority
 .text.HAL_NVIC_EnableIRQ
                0x08002de0       0x18 TouchGFX/build/ST/STM32F429IDISCO/../Drivers/STM32F4xx_HAL_Driver/Src/stm32f4xx_hal_cortex.o
                0x08002de0                HAL_NVIC_EnableIRQ
 .text.DMA2D_SetConfig
                0x08002df8       0x88 TouchGFX/build/ST/STM32F429IDISCO/../Drivers/STM32F4xx_HAL_Driver/Src/stm32f4xx_hal_dma2d.o
 .text.HAL_DMA2D_MspInit
                0x08002e80        0x2 TouchGFX/build/ST/STM32F429IDISCO/../Drivers/STM32F4xx_HAL_Driver/Src/stm32f4xx_hal_dma2d.o
                0x08002e80                HAL_DMA2D_MspInit
 .text.HAL_DMA2D_Init
                0x08002e82       0x5c TouchGFX/build/ST/STM32F429IDISCO/../Drivers/STM32F4xx_HAL_Driver/Src/stm32f4xx_hal_dma2d.o
                0x08002e82                HAL_DMA2D_Init
 .text.HAL_DMA2D_MspDeInit
                0x08002ede        0x2 TouchGFX/build/ST/STM32F429IDISCO/../Drivers/STM32F4xx_HAL_Driver/Src/stm32f4xx_hal_dma2d.o
                0x08002ede                HAL_DMA2D_MspDeInit
 .text.HAL_DMA2D_Start_IT
                0x08002ee0       0x3e TouchGFX/build/ST/STM32F429IDISCO/../Drivers/STM32F4xx_HAL_Driver/Src/stm32f4xx_hal_dma2d.o
                0x08002ee0                HAL_DMA2D_Start_IT
 .text.HAL_DMA2D_BlendingStart_IT
                0x08002f1e       0x48 TouchGFX/build/ST/STM32F429IDISCO/../Drivers/STM32F4xx_HAL_Driver/Src/stm32f4xx_hal_dma2d.o
                0x08002f1e                HAL_DMA2D_BlendingStart_IT
 .text.HAL_DMA2D_Abort
                0x08002f66       0x58 TouchGFX/build/ST/STM32F429IDISCO/../Drivers/STM32F4xx_HAL_Driver/Src/stm32f4xx_hal_dma2d.o
                0x08002f66                HAL_DMA2D_Abort
 .text.HAL_DMA2D_CLUTLoading_Abort
                0x08002fbe       0x62 TouchGFX/build/ST/STM32F429IDISCO/../Drivers/STM32F4xx_HAL_Driver/Src/stm32f4xx_hal_dma2d.o
                0x08002fbe                HAL_DMA2D_CLUTLoading_Abort
 .text.HAL_DMA2D_DeInit
                0x08003020       0x6c TouchGFX/build/ST/STM32F429IDISCO/../Drivers/STM32F4xx_HAL_Driver/Src/stm32f4xx_hal_dma2d.o
                0x08003020                HAL_DMA2D_DeInit
 .text.HAL_DMA2D_ConfigLayer
                0x0800308c       0x98 TouchGFX/build/ST/STM32F429IDISCO/../Drivers/STM32F4xx_HAL_Driver/Src/stm32f4xx_hal_dma2d.o
                0x0800308c                HAL_DMA2D_ConfigLayer
 .text.HAL_GPIO_Init
                0x08003124      0x1dc TouchGFX/build/ST/STM32F429IDISCO/../Drivers/STM32F4xx_HAL_Driver/Src/stm32f4xx_hal_gpio.o
                0x08003124                HAL_GPIO_Init
 .text.HAL_GPIO_WritePin
                0x08003300        0xa TouchGFX/build/ST/STM32F429IDISCO/../Drivers/STM32F4xx_HAL_Driver/Src/stm32f4xx_hal_gpio.o
                0x08003300                HAL_GPIO_WritePin
 .text.HAL_GPIO_TogglePin
                0x0800330a        0x8 TouchGFX/build/ST/STM32F429IDISCO/../Drivers/STM32F4xx_HAL_Driver/Src/stm32f4xx_hal_gpio.o
                0x0800330a                HAL_GPIO_TogglePin
 .text.I2C_IsAcknowledgeFailed
                0x08003312       0x2a TouchGFX/build/ST/STM32F429IDISCO/../Drivers/STM32F4xx_HAL_Driver/Src/stm32f4xx_hal_i2c.o
 .text.I2C_WaitOnMasterAddressFlagUntilTimeout
                0x0800333c       0x82 TouchGFX/build/ST/STM32F429IDISCO/../Drivers/STM32F4xx_HAL_Driver/Src/stm32f4xx_hal_i2c.o
 .text.I2C_WaitOnFlagUntilTimeout
                0x080033be       0x5c TouchGFX/build/ST/STM32F429IDISCO/../Drivers/STM32F4xx_HAL_Driver/Src/stm32f4xx_hal_i2c.o
 .text.I2C_WaitOnTXEFlagUntilTimeout
                0x0800341a       0x4c TouchGFX/build/ST/STM32F429IDISCO/../Drivers/STM32F4xx_HAL_Driver/Src/stm32f4xx_hal_i2c.o
 *fill*         0x08003466        0x2 
 .text.I2C_RequestMemoryWrite
                0x08003468       0xa4 TouchGFX/build/ST/STM32F429IDISCO/../Drivers/STM32F4xx_HAL_Driver/Src/stm32f4xx_hal_i2c.o
 .text.I2C_RequestMemoryRead
                0x0800350c       0xf4 TouchGFX/build/ST/STM32F429IDISCO/../Drivers/STM32F4xx_HAL_Driver/Src/stm32f4xx_hal_i2c.o
 .text.I2C_WaitOnRXNEFlagUntilTimeout
                0x08003600       0x5a TouchGFX/build/ST/STM32F429IDISCO/../Drivers/STM32F4xx_HAL_Driver/Src/stm32f4xx_hal_i2c.o
 .text.I2C_WaitOnBTFFlagUntilTimeout
                0x0800365a       0x4c TouchGFX/build/ST/STM32F429IDISCO/../Drivers/STM32F4xx_HAL_Driver/Src/stm32f4xx_hal_i2c.o
 .text.HAL_I2C_MspInit
                0x080036a6        0x2 TouchGFX/build/ST/STM32F429IDISCO/../Drivers/STM32F4xx_HAL_Driver/Src/stm32f4xx_hal_i2c.o
                0x080036a6                HAL_I2C_MspInit
 .text.HAL_I2C_Init
                0x080036a8       0xec TouchGFX/build/ST/STM32F429IDISCO/../Drivers/STM32F4xx_HAL_Driver/Src/stm32f4xx_hal_i2c.o
                0x080036a8                HAL_I2C_Init
 .text.HAL_I2C_MspDeInit
                0x08003794        0x2 TouchGFX/build/ST/STM32F429IDISCO/../Drivers/STM32F4xx_HAL_Driver/Src/stm32f4xx_hal_i2c.o
                0x08003794                HAL_I2C_MspDeInit
 .text.HAL_I2C_DeInit
                0x08003796       0x32 TouchGFX/build/ST/STM32F429IDISCO/../Drivers/STM32F4xx_HAL_Driver/Src/stm32f4xx_hal_i2c.o
                0x08003796                HAL_I2C_DeInit
 .text.HAL_I2C_Mem_Write
                0x080037c8      0x134 TouchGFX/build/ST/STM32F429IDISCO/../Drivers/STM32F4xx_HAL_Driver/Src/stm32f4xx_hal_i2c.o
                0x080037c8                HAL_I2C_Mem_Write
 .text.HAL_I2C_Mem_Read
                0x080038fc      0x224 TouchGFX/build/ST/STM32F429IDISCO/../Drivers/STM32F4xx_HAL_Driver/Src/stm32f4xx_hal_i2c.o
                0x080038fc                HAL_I2C_Mem_Read
 .text.HAL_I2C_GetState
                0x08003b20        0x6 TouchGFX/build/ST/STM32F429IDISCO/../Drivers/STM32F4xx_HAL_Driver/Src/stm32f4xx_hal_i2c.o
                0x08003b20                HAL_I2C_GetState
 *fill*         0x08003b26        0x2 
 .text.HAL_RCC_OscConfig
                0x08003b28      0x2f0 TouchGFX/build/ST/STM32F429IDISCO/../Drivers/STM32F4xx_HAL_Driver/Src/stm32f4xx_hal_rcc.o
                0x08003b28                HAL_RCC_OscConfig
 .text.HAL_RCC_GetSysClockFreq
                0x08003e18       0x5c TouchGFX/build/ST/STM32F429IDISCO/../Drivers/STM32F4xx_HAL_Driver/Src/stm32f4xx_hal_rcc.o
                0x08003e18                HAL_RCC_GetSysClockFreq
 .text.HAL_RCC_ClockConfig
                0x08003e74      0x13c TouchGFX/build/ST/STM32F429IDISCO/../Drivers/STM32F4xx_HAL_Driver/Src/stm32f4xx_hal_rcc.o
                0x08003e74                HAL_RCC_ClockConfig
 .text.HAL_RCC_GetPCLK1Freq
                0x08003fb0       0x20 TouchGFX/build/ST/STM32F429IDISCO/../Drivers/STM32F4xx_HAL_Driver/Src/stm32f4xx_hal_rcc.o
                0x08003fb0                HAL_RCC_GetPCLK1Freq
 .text.HAL_RCC_GetClockConfig
                0x08003fd0       0x3c TouchGFX/build/ST/STM32F429IDISCO/../Drivers/STM32F4xx_HAL_Driver/Src/stm32f4xx_hal_rcc.o
                0x08003fd0                HAL_RCC_GetClockConfig
 .text.HAL_RCCEx_PeriphCLKConfig
                0x0800400c      0x238 TouchGFX/build/ST/STM32F429IDISCO/../Drivers/STM32F4xx_HAL_Driver/Src/stm32f4xx_hal_rcc_ex.o
                0x0800400c                HAL_RCCEx_PeriphCLKConfig
 .text.HAL_TIM_Base_MspInit
                0x08004244        0x2 TouchGFX/build/ST/STM32F429IDISCO/../Drivers/STM32F4xx_HAL_Driver/Src/stm32f4xx_hal_tim.o
                0x08004244                HAL_TIM_Base_MspInit
 .text.HAL_TIM_Base_Start_IT
                0x08004246       0x18 TouchGFX/build/ST/STM32F429IDISCO/../Drivers/STM32F4xx_HAL_Driver/Src/stm32f4xx_hal_tim.o
                0x08004246                HAL_TIM_Base_Start_IT
 .text.HAL_TIM_OC_DelayElapsedCallback
                0x0800425e        0x2 TouchGFX/build/ST/STM32F429IDISCO/../Drivers/STM32F4xx_HAL_Driver/Src/stm32f4xx_hal_tim.o
                0x0800425e                HAL_TIM_OC_DelayElapsedCallback
 .text.HAL_TIM_IC_CaptureCallback
                0x08004260        0x2 TouchGFX/build/ST/STM32F429IDISCO/../Drivers/STM32F4xx_HAL_Driver/Src/stm32f4xx_hal_tim.o
                0x08004260                HAL_TIM_IC_CaptureCallback
 .text.HAL_TIM_PWM_PulseFinishedCallback
                0x08004262        0x2 TouchGFX/build/ST/STM32F429IDISCO/../Drivers/STM32F4xx_HAL_Driver/Src/stm32f4xx_hal_tim.o
                0x08004262                HAL_TIM_PWM_PulseFinishedCallback
 .text.HAL_TIM_TriggerCallback
                0x08004264        0x2 TouchGFX/build/ST/STM32F429IDISCO/../Drivers/STM32F4xx_HAL_Driver/Src/stm32f4xx_hal_tim.o
                0x08004264                HAL_TIM_TriggerCallback
 .text.HAL_TIM_IRQHandler
                0x08004266      0x14c TouchGFX/build/ST/STM32F429IDISCO/../Drivers/STM32F4xx_HAL_Driver/Src/stm32f4xx_hal_tim.o
                0x08004266                HAL_TIM_IRQHandler
 *fill*         0x080043b2        0x2 
 .text.TIM_Base_SetConfig
                0x080043b4       0xc8 TouchGFX/build/ST/STM32F429IDISCO/../Drivers/STM32F4xx_HAL_Driver/Src/stm32f4xx_hal_tim.o
                0x080043b4                TIM_Base_SetConfig
 .text.HAL_TIM_Base_Init
                0x0800447c       0x34 TouchGFX/build/ST/STM32F429IDISCO/../Drivers/STM32F4xx_HAL_Driver/Src/stm32f4xx_hal_tim.o
                0x0800447c                HAL_TIM_Base_Init
 .text.HAL_TIMEx_CommutationCallback
                0x080044b0        0x2 TouchGFX/build/ST/STM32F429IDISCO/../Drivers/STM32F4xx_HAL_Driver/Src/stm32f4xx_hal_tim_ex.o
                0x080044b0                HAL_TIMEx_CommutationCallback
 .text.HAL_TIMEx_BreakCallback
                0x080044b2        0x2 TouchGFX/build/ST/STM32F429IDISCO/../Drivers/STM32F4xx_HAL_Driver/Src/stm32f4xx_hal_tim_ex.o
                0x080044b2                HAL_TIMEx_BreakCallback
 .text.Reset_Handler
                0x080044b4       0x50 TouchGFX/build/ST/STM32F429IDISCO/gcc/startup_stm32f407xx.o
                0x080044b4                Reset_Handler
 .text.Default_Handler
                0x08004504        0x2 TouchGFX/build/ST/STM32F429IDISCO/gcc/startup_stm32f407xx.o
                0x08004504                RTC_Alarm_IRQHandler
                0x08004504                HASH_RNG_IRQHandler
                0x08004504                EXTI2_IRQHandler
                0x08004504                TIM8_CC_IRQHandler
                0x08004504                TIM1_CC_IRQHandler
                0x08004504                DMA2_Stream5_IRQHandler
                0x08004504                DMA1_Stream5_IRQHandler
                0x08004504                PVD_IRQHandler
                0x08004504                SDIO_IRQHandler
                0x08004504                TAMP_STAMP_IRQHandler
                0x08004504                CAN2_RX1_IRQHandler
                0x08004504                EXTI3_IRQHandler
                0x08004504                TIM8_TRG_COM_TIM14_IRQHandler
                0x08004504                TIM1_UP_TIM10_IRQHandler
                0x08004504                TIM8_UP_TIM13_IRQHandler
                0x08004504                I2C3_ER_IRQHandler
                0x08004504                EXTI0_IRQHandler
                0x08004504                I2C2_EV_IRQHandler
                0x08004504                DMA1_Stream2_IRQHandler
                0x08004504                CAN1_RX0_IRQHandler
                0x08004504                FPU_IRQHandler
                0x08004504                OTG_HS_WKUP_IRQHandler
                0x08004504                CAN2_SCE_IRQHandler
                0x08004504                DMA2_Stream2_IRQHandler
                0x08004504                SPI1_IRQHandler
                0x08004504                TIM1_BRK_TIM9_IRQHandler
                0x08004504                DCMI_IRQHandler
                0x08004504                CAN2_RX0_IRQHandler
                0x08004504                DMA2_Stream3_IRQHandler
                0x08004504                USART6_IRQHandler
                0x08004504                USART3_IRQHandler
                0x08004504                CAN1_RX1_IRQHandler
                0x08004504                UART5_IRQHandler
                0x08004504                DMA2_Stream0_IRQHandler
                0x08004504                TIM4_IRQHandler
                0x08004504                I2C1_EV_IRQHandler
                0x08004504                DMA1_Stream6_IRQHandler
                0x08004504                DMA1_Stream1_IRQHandler
                0x08004504                UART4_IRQHandler
                0x08004504                TIM3_IRQHandler
                0x08004504                RCC_IRQHandler
                0x08004504                TIM8_BRK_TIM12_IRQHandler
                0x08004504                Default_Handler
                0x08004504                EXTI15_10_IRQHandler
                0x08004504                ADC_IRQHandler
                0x08004504                DMA1_Stream7_IRQHandler
                0x08004504                TIM7_IRQHandler
                0x08004504                CAN2_TX_IRQHandler
                0x08004504                TIM5_IRQHandler
                0x08004504                DMA2_Stream7_IRQHandler
                0x08004504                I2C3_EV_IRQHandler
                0x08004504                EXTI9_5_IRQHandler
                0x08004504                RTC_WKUP_IRQHandler
                0x08004504                ETH_WKUP_IRQHandler
                0x08004504                SPI2_IRQHandler
                0x08004504                OTG_HS_EP1_IN_IRQHandler
                0x08004504                DMA1_Stream0_IRQHandler
                0x08004504                CAN1_TX_IRQHandler
                0x08004504                EXTI4_IRQHandler
                0x08004504                FSMC_IRQHandler
                0x08004504                ETH_IRQHandler
                0x08004504                OTG_HS_EP1_OUT_IRQHandler
                0x08004504                WWDG_IRQHandler
                0x08004504                TIM2_IRQHandler
                0x08004504                OTG_FS_WKUP_IRQHandler
                0x08004504                TIM1_TRG_COM_TIM11_IRQHandler
                0x08004504                OTG_HS_IRQHandler
                0x08004504                EXTI1_IRQHandler
                0x08004504                USART2_IRQHandler
                0x08004504                I2C2_ER_IRQHandler
                0x08004504                DMA2_Stream1_IRQHandler
                0x08004504                CAN1_SCE_IRQHandler
                0x08004504                FLASH_IRQHandler
                0x08004504                DMA2_Stream4_IRQHandler
                0x08004504                USART1_IRQHandler
                0x08004504                OTG_FS_IRQHandler
                0x08004504                SPI3_IRQHandler
                0x08004504                DMA1_Stream4_IRQHandler
                0x08004504                I2C1_ER_IRQHandler
                0x08004504                DMA2_Stream6_IRQHandler
                0x08004504                DMA1_Stream3_IRQHandler
 .text._ZN8touchgfx4RectaNERKS0_
                0x08004506       0x8a c:/TouchGFXProjects/stm32f407ve_port/Middlewares/ST/TouchGFX/touchgfx/lib/core/cortex_m4f/gcc\libtouchgfx.a(Container.o)
                0x08004506                touchgfx::Rect::operator&=(touchgfx::Rect const&)
 .text._ZN8touchgfx17LockFreeDMA_Queue7isEmptyEv
                0x08004590        0xc c:/TouchGFXProjects/stm32f407ve_port/Middlewares/ST/TouchGFX/touchgfx/lib/core/cortex_m4f/gcc\libtouchgfx.a(DMA.o)
                0x08004590                touchgfx::LockFreeDMA_Queue::isEmpty()
 .text._ZN8touchgfx17LockFreeDMA_Queue6isFullEv
                0x0800459c       0x18 c:/TouchGFXProjects/stm32f407ve_port/Middlewares/ST/TouchGFX/touchgfx/lib/core/cortex_m4f/gcc\libtouchgfx.a(DMA.o)
                0x0800459c                touchgfx::LockFreeDMA_Queue::isFull()
 .text._ZN8touchgfx17LockFreeDMA_Queue5firstEv
                0x080045b4        0xc c:/TouchGFXProjects/stm32f407ve_port/Middlewares/ST/TouchGFX/touchgfx/lib/core/cortex_m4f/gcc\libtouchgfx.a(DMA.o)
                0x080045b4                touchgfx::LockFreeDMA_Queue::first()
 .text._ZN8touchgfx13DMA_Interface13seedExecutionEv
                0x080045c0        0x6 c:/TouchGFXProjects/stm32f407ve_port/Middlewares/ST/TouchGFX/touchgfx/lib/core/cortex_m4f/gcc\libtouchgfx.a(DMA.o)
                0x080045c0                touchgfx::DMA_Interface::seedExecution()
 .text._ZN8touchgfx13DMA_Interface12disableAlphaEv
                0x080045c6        0x2 c:/TouchGFXProjects/stm32f407ve_port/Middlewares/ST/TouchGFX/touchgfx/lib/core/cortex_m4f/gcc\libtouchgfx.a(DMA.o)
                0x080045c6                touchgfx::DMA_Interface::disableAlpha()
 .text._ZN8touchgfx13DMA_Interface31enableCopyWithTransparentPixelsEh
                0x080045c8        0x2 c:/TouchGFXProjects/stm32f407ve_port/Middlewares/ST/TouchGFX/touchgfx/lib/core/cortex_m4f/gcc\libtouchgfx.a(DMA.o)
                0x080045c8                touchgfx::DMA_Interface::enableCopyWithTransparentPixels(unsigned char)
                0x080045c8                touchgfx::DMA_Interface::enableAlpha(unsigned char)
 .text._ZN8touchgfx17LockFreeDMA_QueueD2Ev
                0x080045ca        0x2 c:/TouchGFXProjects/stm32f407ve_port/Middlewares/ST/TouchGFX/touchgfx/lib/core/cortex_m4f/gcc\libtouchgfx.a(DMA.o)
                0x080045ca                touchgfx::LockFreeDMA_Queue::~LockFreeDMA_Queue()
                0x080045ca                touchgfx::LockFreeDMA_Queue::~LockFreeDMA_Queue()
 .text._ZN8touchgfx13DMA_Interface7executeEv
                0x080045cc       0x90 c:/TouchGFXProjects/stm32f407ve_port/Middlewares/ST/TouchGFX/touchgfx/lib/core/cortex_m4f/gcc\libtouchgfx.a(DMA.o)
                0x080045cc                touchgfx::DMA_Interface::execute()
 .text._ZN8touchgfx13DMA_Interface10addToQueueERKNS_6BlitOpE
                0x0800465c       0x44 c:/TouchGFXProjects/stm32f407ve_port/Middlewares/ST/TouchGFX/touchgfx/lib/core/cortex_m4f/gcc\libtouchgfx.a(DMA.o)
                0x0800465c                touchgfx::DMA_Interface::addToQueue(touchgfx::BlitOp const&)
 .text._ZN8touchgfx13DMA_Interface27waitForFrameBufferSemaphoreEv
                0x080046a0        0xe c:/TouchGFXProjects/stm32f407ve_port/Middlewares/ST/TouchGFX/touchgfx/lib/core/cortex_m4f/gcc\libtouchgfx.a(DMA.o)
                0x080046a0                touchgfx::DMA_Interface::waitForFrameBufferSemaphore()
 .text._ZN8touchgfx17LockFreeDMA_QueueD0Ev
                0x080046ae        0xe c:/TouchGFXProjects/stm32f407ve_port/Middlewares/ST/TouchGFX/touchgfx/lib/core/cortex_m4f/gcc\libtouchgfx.a(DMA.o)
                0x080046ae                touchgfx::LockFreeDMA_Queue::~LockFreeDMA_Queue()
 .text._ZN8touchgfx13DMA_Interface16executeCompletedEv
                0x080046bc       0x3e c:/TouchGFXProjects/stm32f407ve_port/Middlewares/ST/TouchGFX/touchgfx/lib/core/cortex_m4f/gcc\libtouchgfx.a(DMA.o)
                0x080046bc                touchgfx::DMA_Interface::executeCompleted()
 *fill*         0x080046fa        0x2 
 .text._ZN8touchgfx17LockFreeDMA_Queue10pushCopyOfERKNS_6BlitOpE
                0x080046fc       0x5c c:/TouchGFXProjects/stm32f407ve_port/Middlewares/ST/TouchGFX/touchgfx/lib/core/cortex_m4f/gcc\libtouchgfx.a(DMA.o)
                0x080046fc                touchgfx::LockFreeDMA_Queue::pushCopyOf(touchgfx::BlitOp const&)
 .text._ZN8touchgfx17LockFreeDMA_Queue3popEv
                0x08004758       0x38 c:/TouchGFXProjects/stm32f407ve_port/Middlewares/ST/TouchGFX/touchgfx/lib/core/cortex_m4f/gcc\libtouchgfx.a(DMA.o)
                0x08004758                touchgfx::LockFreeDMA_Queue::pop()
 .text._ZN8touchgfx13DMA_Interface5startEv
                0x08004790       0x24 c:/TouchGFXProjects/stm32f407ve_port/Middlewares/ST/TouchGFX/touchgfx/lib/core/cortex_m4f/gcc\libtouchgfx.a(DMA.o)
                0x08004790                touchgfx::DMA_Interface::start()
 .text._ZN8touchgfx17LockFreeDMA_QueueC2EPNS_6BlitOpEi
                0x080047b4       0x18 c:/TouchGFXProjects/stm32f407ve_port/Middlewares/ST/TouchGFX/touchgfx/lib/core/cortex_m4f/gcc\libtouchgfx.a(DMA.o)
                0x080047b4                touchgfx::LockFreeDMA_Queue::LockFreeDMA_Queue(touchgfx::BlitOp*, int)
                0x080047b4                touchgfx::LockFreeDMA_Queue::LockFreeDMA_Queue(touchgfx::BlitOp*, int)
 .text._ZN8touchgfx3LCD5realXERKNS_4RectEssNS_12TextRotationE
                0x080047cc       0x36 c:/TouchGFXProjects/stm32f407ve_port/Middlewares/ST/TouchGFX/touchgfx/lib/core/cortex_m4f/gcc\libtouchgfx.a(LCD.o)
                0x080047cc                touchgfx::LCD::realX(touchgfx::Rect const&, short, short, touchgfx::TextRotation)
 .text._ZN8touchgfx3LCD5realYERKNS_4RectEssNS_12TextRotationE
                0x08004802       0x30 c:/TouchGFXProjects/stm32f407ve_port/Middlewares/ST/TouchGFX/touchgfx/lib/core/cortex_m4f/gcc\libtouchgfx.a(LCD.o)
                0x08004802                touchgfx::LCD::realY(touchgfx::Rect const&, short, short, touchgfx::TextRotation)
 *fill*         0x08004832        0x2 
 .text._ZN8touchgfx21DisplayTransformation29transformDisplayToFrameBufferERsS1_RKNS_4RectE
                0x08004834       0x24 c:/TouchGFXProjects/stm32f407ve_port/Middlewares/ST/TouchGFX/touchgfx/lib/core/cortex_m4f/gcc\libtouchgfx.a(DisplayTransformation.o)
                0x08004834                touchgfx::DisplayTransformation::transformDisplayToFrameBuffer(short&, short&, touchgfx::Rect const&)
 .text._ZN8touchgfx21DisplayTransformation29transformDisplayToFrameBufferERsS1_
                0x08004858       0x34 c:/TouchGFXProjects/stm32f407ve_port/Middlewares/ST/TouchGFX/touchgfx/lib/core/cortex_m4f/gcc\libtouchgfx.a(DisplayTransformation.o)
                0x08004858                touchgfx::DisplayTransformation::transformDisplayToFrameBuffer(short&, short&)
 .text._ZN8touchgfx21DisplayTransformation29transformDisplayToFrameBufferERNS_4RectERKS1_
                0x0800488c       0x30 c:/TouchGFXProjects/stm32f407ve_port/Middlewares/ST/TouchGFX/touchgfx/lib/core/cortex_m4f/gcc\libtouchgfx.a(DisplayTransformation.o)
                0x0800488c                touchgfx::DisplayTransformation::transformDisplayToFrameBuffer(touchgfx::Rect&, touchgfx::Rect const&)
 .text._ZN8touchgfx21DisplayTransformation29transformDisplayToFrameBufferERNS_4RectE
                0x080048bc       0x34 c:/TouchGFXProjects/stm32f407ve_port/Middlewares/ST/TouchGFX/touchgfx/lib/core/cortex_m4f/gcc\libtouchgfx.a(DisplayTransformation.o)
                0x080048bc                touchgfx::DisplayTransformation::transformDisplayToFrameBuffer(touchgfx::Rect&)
 .text._ZNK8touchgfx4Font8getGlyphEt
                0x080048f0       0x18 c:/TouchGFXProjects/stm32f407ve_port/Middlewares/ST/TouchGFX/touchgfx/lib/core/cortex_m4f/gcc\libtouchgfx.a(Font.o)
                0x080048f0                touchgfx::Font::getGlyph(unsigned short) const
 .text._ZNK8touchgfx4Font15getFallbackCharEv
                0x08004908        0x4 c:/TouchGFXProjects/stm32f407ve_port/Middlewares/ST/TouchGFX/touchgfx/lib/core/cortex_m4f/gcc\libtouchgfx.a(Font.o)
                0x08004908                touchgfx::Font::getFallbackChar() const
 .text._ZNK8touchgfx4Font15getEllipsisCharEv
                0x0800490c        0x4 c:/TouchGFXProjects/stm32f407ve_port/Middlewares/ST/TouchGFX/touchgfx/lib/core/cortex_m4f/gcc\libtouchgfx.a(Font.o)
                0x0800490c                touchgfx::Font::getEllipsisChar() const
 .text._ZNK8touchgfx4Font13getFontHeightEv
                0x08004910        0x4 c:/TouchGFXProjects/stm32f407ve_port/Middlewares/ST/TouchGFX/touchgfx/lib/core/cortex_m4f/gcc\libtouchgfx.a(Font.o)
                0x08004910                touchgfx::Font::getFontHeight() const
 .text._ZNK8touchgfx4Font20getMinimumTextHeightEv
                0x08004914        0xa c:/TouchGFXProjects/stm32f407ve_port/Middlewares/ST/TouchGFX/touchgfx/lib/core/cortex_m4f/gcc\libtouchgfx.a(Font.o)
                0x08004914                touchgfx::Font::getMinimumTextHeight() const
 .text._ZNK8touchgfx4Font15getBitsPerPixelEv
                0x0800491e        0x4 c:/TouchGFXProjects/stm32f407ve_port/Middlewares/ST/TouchGFX/touchgfx/lib/core/cortex_m4f/gcc\libtouchgfx.a(Font.o)
                0x0800491e                touchgfx::Font::getBitsPerPixel() const
 .text._ZNK8touchgfx4Font12getCharWidthEt
                0x08004922       0x1e c:/TouchGFXProjects/stm32f407ve_port/Middlewares/ST/TouchGFX/touchgfx/lib/core/cortex_m4f/gcc\libtouchgfx.a(Font.o)
                0x08004922                touchgfx::Font::getCharWidth(unsigned short) const
 .text._ZNK8touchgfx4Font14getStringWidthEPKtz
                0x08004940       0x38 c:/TouchGFXProjects/stm32f407ve_port/Middlewares/ST/TouchGFX/touchgfx/lib/core/cortex_m4f/gcc\libtouchgfx.a(Font.o)
                0x08004940                touchgfx::Font::getStringWidth(unsigned short const*, ...) const
 .text._ZNK8touchgfx4Font14getStringWidthEhPKtz
                0x08004978       0x38 c:/TouchGFXProjects/stm32f407ve_port/Middlewares/ST/TouchGFX/touchgfx/lib/core/cortex_m4f/gcc\libtouchgfx.a(Font.o)
                0x08004978                touchgfx::Font::getStringWidth(unsigned char, unsigned short const*, ...) const
 .text._ZNK8touchgfx4Font16getNumberOfLinesEPKtz
                0x080049b0       0x46 c:/TouchGFXProjects/stm32f407ve_port/Middlewares/ST/TouchGFX/touchgfx/lib/core/cortex_m4f/gcc\libtouchgfx.a(Font.o)
                0x080049b0                touchgfx::Font::getNumberOfLines(unsigned short const*, ...) const
 *fill*         0x080049f6        0x2 
 .text._ZNK8touchgfx4Font16getMaxTextHeightEPKtz
                0x080049f8       0x9c c:/TouchGFXProjects/stm32f407ve_port/Middlewares/ST/TouchGFX/touchgfx/lib/core/cortex_m4f/gcc\libtouchgfx.a(Font.o)
                0x080049f8                touchgfx::Font::getMaxTextHeight(unsigned short const*, ...) const
 .text._ZNK8touchgfx4Font15getSpacingAboveEPKtz
                0x08004a94       0x62 c:/TouchGFXProjects/stm32f407ve_port/Middlewares/ST/TouchGFX/touchgfx/lib/core/cortex_m4f/gcc\libtouchgfx.a(Font.o)
                0x08004a94                touchgfx::Font::getSpacingAbove(unsigned short const*, ...) const
 .text._ZNK8touchgfx4Font17getStringWidthLTREhPKtSt9__va_list
                0x08004af6       0x8c c:/TouchGFXProjects/stm32f407ve_port/Middlewares/ST/TouchGFX/touchgfx/lib/core/cortex_m4f/gcc\libtouchgfx.a(Font.o)
                0x08004af6                touchgfx::Font::getStringWidthLTR(unsigned char, unsigned short const*, std::__va_list) const
 .text._ZNK8touchgfx17InternalFlashFont12getPixelDataEPKNS_9GlyphNodeE
                0x08004b82        0x8 c:/TouchGFXProjects/stm32f407ve_port/Middlewares/ST/TouchGFX/touchgfx/lib/core/cortex_m4f/gcc\libtouchgfx.a(InternalFlashFont.o)
                0x08004b82                touchgfx::InternalFlashFont::getPixelData(touchgfx::GlyphNode const*) const
 .text._ZNK8touchgfx17InternalFlashFont10getKerningEtPKNS_9GlyphNodeE
                0x08004b8a       0x30 c:/TouchGFXProjects/stm32f407ve_port/Middlewares/ST/TouchGFX/touchgfx/lib/core/cortex_m4f/gcc\libtouchgfx.a(InternalFlashFont.o)
                0x08004b8a                touchgfx::InternalFlashFont::getKerning(unsigned short, touchgfx::GlyphNode const*) const
 *fill*         0x08004bba        0x2 
 .text._ZN8touchgfx17InternalFlashFontC2EPKNS_9GlyphNodeEtthhhhPKhPKNS_11KerningNodeEtt
                0x08004bbc       0x44 c:/TouchGFXProjects/stm32f407ve_port/Middlewares/ST/TouchGFX/touchgfx/lib/core/cortex_m4f/gcc\libtouchgfx.a(InternalFlashFont.o)
                0x08004bbc                touchgfx::InternalFlashFont::InternalFlashFont(touchgfx::GlyphNode const*, unsigned short, unsigned short, unsigned char, unsigned char, unsigned char, unsigned char, unsigned char const*, touchgfx::KerningNode const*, unsigned short, unsigned short)
                0x08004bbc                touchgfx::InternalFlashFont::InternalFlashFont(touchgfx::GlyphNode const*, unsigned short, unsigned short, unsigned char, unsigned char, unsigned char, unsigned char, unsigned char const*, touchgfx::KerningNode const*, unsigned short, unsigned short)
 .text._ZN8touchgfx12TextProvider19getNextCharInternalEv
                0x08004c00       0x78 c:/TouchGFXProjects/stm32f407ve_port/Middlewares/ST/TouchGFX/touchgfx/lib/core/cortex_m4f/gcc\libtouchgfx.a(TextProvider.o)
                0x08004c00                touchgfx::TextProvider::getNextCharInternal()
 .text._ZN8touchgfx12TextProvider11getNextCharEv
                0x08004c78       0x14 c:/TouchGFXProjects/stm32f407ve_port/Middlewares/ST/TouchGFX/touchgfx/lib/core/cortex_m4f/gcc\libtouchgfx.a(TextProvider.o)
                0x08004c78                touchgfx::TextProvider::getNextChar()
 .text._ZN8touchgfx12TextProvider15getNextLigatureEh
                0x08004c8c       0x40 c:/TouchGFXProjects/stm32f407ve_port/Middlewares/ST/TouchGFX/touchgfx/lib/core/cortex_m4f/gcc\libtouchgfx.a(TextProvider.o)
                0x08004c8c                touchgfx::TextProvider::getNextLigature(unsigned char)
 .text._ZN8touchgfx12TextProvider18initializeInternalEv
                0x08004ccc       0x48 c:/TouchGFXProjects/stm32f407ve_port/Middlewares/ST/TouchGFX/touchgfx/lib/core/cortex_m4f/gcc\libtouchgfx.a(TextProvider.o)
                0x08004ccc                touchgfx::TextProvider::initializeInternal()
 .text._ZN8touchgfx12TextProviderC2Ev
                0x08004d14       0x12 c:/TouchGFXProjects/stm32f407ve_port/Middlewares/ST/TouchGFX/touchgfx/lib/core/cortex_m4f/gcc\libtouchgfx.a(TextProvider.o)
                0x08004d14                touchgfx::TextProvider::TextProvider()
                0x08004d14                touchgfx::TextProvider::TextProvider()
 .text._ZN8touchgfx12TextProvider10initializeEPKtSt9__va_list
                0x08004d26        0x8 c:/TouchGFXProjects/stm32f407ve_port/Middlewares/ST/TouchGFX/touchgfx/lib/core/cortex_m4f/gcc\libtouchgfx.a(TextProvider.o)
                0x08004d26                touchgfx::TextProvider::initialize(unsigned short const*, std::__va_list)
 *fill*         0x08004d2e        0x2 
 .text._ZNK8touchgfx6Bitmap8getWidthEv
                0x08004d30       0x70 c:/TouchGFXProjects/stm32f407ve_port/Middlewares/ST/TouchGFX/touchgfx/lib/core/cortex_m4f/gcc\libtouchgfx.a(Bitmap.o)
                0x08004d30                touchgfx::Bitmap::getWidth() const
 .text._ZNK8touchgfx6Bitmap9getHeightEv
                0x08004da0       0x70 c:/TouchGFXProjects/stm32f407ve_port/Middlewares/ST/TouchGFX/touchgfx/lib/core/cortex_m4f/gcc\libtouchgfx.a(Bitmap.o)
                0x08004da0                touchgfx::Bitmap::getHeight() const
 .text._ZNK8touchgfx6Bitmap12getSolidRectEv
                0x08004e10       0xb0 c:/TouchGFXProjects/stm32f407ve_port/Middlewares/ST/TouchGFX/touchgfx/lib/core/cortex_m4f/gcc\libtouchgfx.a(Bitmap.o)
                0x08004e10                touchgfx::Bitmap::getSolidRect() const
 .text._ZNK8touchgfx6Bitmap20hasTransparentPixelsEv
                0x08004ec0       0x6c c:/TouchGFXProjects/stm32f407ve_port/Middlewares/ST/TouchGFX/touchgfx/lib/core/cortex_m4f/gcc\libtouchgfx.a(Bitmap.o)
                0x08004ec0                touchgfx::Bitmap::hasTransparentPixels() const
 .text._ZNK8touchgfx6Bitmap7getDataEv
                0x08004f2c       0x60 c:/TouchGFXProjects/stm32f407ve_port/Middlewares/ST/TouchGFX/touchgfx/lib/core/cortex_m4f/gcc\libtouchgfx.a(Bitmap.o)
                0x08004f2c                touchgfx::Bitmap::getData() const
 .text._ZNK8touchgfx6Bitmap12getAlphaDataEv
                0x08004f8c       0x50 c:/TouchGFXProjects/stm32f407ve_port/Middlewares/ST/TouchGFX/touchgfx/lib/core/cortex_m4f/gcc\libtouchgfx.a(Bitmap.o)
                0x08004f8c                touchgfx::Bitmap::getAlphaData() const
 .text._ZNK8touchgfx6Bitmap9getFormatEv
                0x08004fdc       0x88 c:/TouchGFXProjects/stm32f407ve_port/Middlewares/ST/TouchGFX/touchgfx/lib/core/cortex_m4f/gcc\libtouchgfx.a(Bitmap.o)
                0x08004fdc                touchgfx::Bitmap::getFormat() const
 .text._ZNK8touchgfx8LCD16bpp8bitDepthEv
                0x08005064        0x4 c:/TouchGFXProjects/stm32f407ve_port/Middlewares/ST/TouchGFX/touchgfx/lib/core/cortex_m4f/gcc\libtouchgfx.a(LCD16bpp.o)
                0x08005064                touchgfx::LCD16bpp::bitDepth() const
 .text._ZN8touchgfx8LCD16bpp4initEv
                0x08005068        0x2 c:/TouchGFXProjects/stm32f407ve_port/Middlewares/ST/TouchGFX/touchgfx/lib/core/cortex_m4f/gcc\libtouchgfx.a(LCD16bpp.o)
                0x08005068                touchgfx::LCD16bpp::init()
 *fill*         0x0800506a        0x2 
 .text._ZN8touchgfx8LCD16bpp29copyFrameBufferRegionToMemoryERKNS_4RectEt
                0x0800506c      0x108 c:/TouchGFXProjects/stm32f407ve_port/Middlewares/ST/TouchGFX/touchgfx/lib/core/cortex_m4f/gcc\libtouchgfx.a(LCD16bpp.o)
                0x0800506c                touchgfx::LCD16bpp::copyFrameBufferRegionToMemory(touchgfx::Rect const&, unsigned short)
 .text._ZN8touchgfx8LCD16bpp8blitCopyEPKtRKNS_4RectES5_hb
                0x08005174      0x274 c:/TouchGFXProjects/stm32f407ve_port/Middlewares/ST/TouchGFX/touchgfx/lib/core/cortex_m4f/gcc\libtouchgfx.a(LCD16bpp.o)
                0x08005174                touchgfx::LCD16bpp::blitCopy(unsigned short const*, touchgfx::Rect const&, touchgfx::Rect const&, unsigned char, bool)
 .text._ZN8touchgfx8LCD16bpp8fillRectERKNS_4RectENS_9colortypeEh
                0x080053e8      0x168 c:/TouchGFXProjects/stm32f407ve_port/Middlewares/ST/TouchGFX/touchgfx/lib/core/cortex_m4f/gcc\libtouchgfx.a(LCD16bpp.o)
                0x080053e8                touchgfx::LCD16bpp::fillRect(touchgfx::Rect const&, touchgfx::colortype, unsigned char)
 .text._ZN8touchgfx26LCD16bilinearInterpolate2DEffffffh
                0x08005550       0x58 c:/TouchGFXProjects/stm32f407ve_port/Middlewares/ST/TouchGFX/touchgfx/lib/core/cortex_m4f/gcc\libtouchgfx.a(LCD16bpp.o)
                0x08005550                touchgfx::LCD16bilinearInterpolate2D(float, float, float, float, float, float, unsigned char)
 .text._ZN8touchgfx8LCD16bpp22drawTextureMapScanLineERKNS_14DrawingSurfaceERKNS_9GradientsEPKNS_4EdgeES9_RKNS_14TextureSurfaceERKNS_4RectESF_tht
                0x080055a8      0xdf8 c:/TouchGFXProjects/stm32f407ve_port/Middlewares/ST/TouchGFX/touchgfx/lib/core/cortex_m4f/gcc\libtouchgfx.a(LCD16bpp.o)
                0x080055a8                touchgfx::LCD16bpp::drawTextureMapScanLine(touchgfx::DrawingSurface const&, touchgfx::Gradients const&, touchgfx::Edge const*, touchgfx::Edge const*, touchgfx::TextureSurface const&, touchgfx::Rect const&, touchgfx::Rect const&, unsigned short, unsigned char, unsigned short)
 .text._ZN8touchgfx8LCD16bpp16blitCopyARGB8888EPKmRKNS_4RectES5_h
                0x080063a0      0x194 c:/TouchGFXProjects/stm32f407ve_port/Middlewares/ST/TouchGFX/touchgfx/lib/core/cortex_m4f/gcc\libtouchgfx.a(LCD16bpp.o)
                0x080063a0                touchgfx::LCD16bpp::blitCopyARGB8888(unsigned long const*, touchgfx::Rect const&, touchgfx::Rect const&, unsigned char)
 .text._ZN8touchgfx8LCD16bpp8blitCopyEPKhNS_6Bitmap12BitmapFormatERKNS_4RectES7_hb
                0x08006534       0x54 c:/TouchGFXProjects/stm32f407ve_port/Middlewares/ST/TouchGFX/touchgfx/lib/core/cortex_m4f/gcc\libtouchgfx.a(LCD16bpp.o)
                0x08006534                touchgfx::LCD16bpp::blitCopy(unsigned char const*, touchgfx::Bitmap::BitmapFormat, touchgfx::Rect const&, touchgfx::Rect const&, unsigned char, bool)
 .text._ZN8touchgfx8LCD16bpp21blitCopyAlphaPerPixelEPKtPKhRKNS_4RectES7_h
                0x08006588      0x204 c:/TouchGFXProjects/stm32f407ve_port/Middlewares/ST/TouchGFX/touchgfx/lib/core/cortex_m4f/gcc\libtouchgfx.a(LCD16bpp.o)
                0x08006588                touchgfx::LCD16bpp::blitCopyAlphaPerPixel(unsigned short const*, unsigned char const*, touchgfx::Rect const&, touchgfx::Rect const&, unsigned char)
 .text._ZN8touchgfx8LCD16bpp17drawPartialBitmapERKNS_6BitmapEssRKNS_4RectEhb
                0x0800678c      0x1dc c:/TouchGFXProjects/stm32f407ve_port/Middlewares/ST/TouchGFX/touchgfx/lib/core/cortex_m4f/gcc\libtouchgfx.a(LCD16bpp.o)
                0x0800678c                touchgfx::LCD16bpp::drawPartialBitmap(touchgfx::Bitmap const&, short, short, touchgfx::Rect const&, unsigned char, bool)
 .text._ZN8touchgfx8LCD16bpp9nextPixelEbNS_12TextRotationE
                0x08006968       0x38 c:/TouchGFXProjects/stm32f407ve_port/Middlewares/ST/TouchGFX/touchgfx/lib/core/cortex_m4f/gcc\libtouchgfx.a(LCD16bpp.o)
                0x08006968                touchgfx::LCD16bpp::nextPixel(bool, touchgfx::TextRotation)
 .text._ZN8touchgfx8LCD16bpp8nextLineEbNS_12TextRotationE
                0x080069a0       0x38 c:/TouchGFXProjects/stm32f407ve_port/Middlewares/ST/TouchGFX/touchgfx/lib/core/cortex_m4f/gcc\libtouchgfx.a(LCD16bpp.o)
                0x080069a0                touchgfx::LCD16bpp::nextLine(bool, touchgfx::TextRotation)
 .text._ZN8touchgfx8LCD16bpp9drawGlyphEPtNS_4RectEssttRKS2_PKNS_9GlyphNodeEPKhNS_9colortypeEhhNS_12TextRotationE
                0x080069d8      0x38c c:/TouchGFXProjects/stm32f407ve_port/Middlewares/ST/TouchGFX/touchgfx/lib/core/cortex_m4f/gcc\libtouchgfx.a(LCD16bpp.o)
                0x080069d8                touchgfx::LCD16bpp::drawGlyph(unsigned short*, touchgfx::Rect, short, short, unsigned short, unsigned short, touchgfx::Rect const&, touchgfx::GlyphNode const*, unsigned char const*, touchgfx::colortype, unsigned char, unsigned char, touchgfx::TextRotation)
 .text._ZN8touchgfx9ConstFontC2EPKNS_9GlyphNodeEtthhhhtt
                0x08006d64       0x38 c:/TouchGFXProjects/stm32f407ve_port/Middlewares/ST/TouchGFX/touchgfx/lib/core/cortex_m4f/gcc\libtouchgfx.a(ConstFont.o)
                0x08006d64                touchgfx::ConstFont::ConstFont(touchgfx::GlyphNode const*, unsigned short, unsigned short, unsigned char, unsigned char, unsigned char, unsigned char, unsigned short, unsigned short)
                0x08006d64                touchgfx::ConstFont::ConstFont(touchgfx::GlyphNode const*, unsigned short, unsigned short, unsigned char, unsigned char, unsigned char, unsigned char, unsigned short, unsigned short)
 .text._ZNK8touchgfx9ConstFont4findEt
                0x08006d9c       0x2e c:/TouchGFXProjects/stm32f407ve_port/Middlewares/ST/TouchGFX/touchgfx/lib/core/cortex_m4f/gcc\libtouchgfx.a(ConstFont.o)
                0x08006d9c                touchgfx::ConstFont::find(unsigned short) const
 .text._ZNK8touchgfx9ConstFont8getGlyphEtRPKhRh
                0x08006dca       0x4c c:/TouchGFXProjects/stm32f407ve_port/Middlewares/ST/TouchGFX/touchgfx/lib/core/cortex_m4f/gcc\libtouchgfx.a(ConstFont.o)
                0x08006dca                touchgfx::ConstFont::getGlyph(unsigned short, unsigned char const*&, unsigned char&) const
 .text.__aeabi_atexit
                0x08006e16        0xa d:/touchgfx/4.10.0/env/mingw/msys/1.0/gnu-arm-gcc/bin/../lib/gcc/arm-none-eabi/6.3.1/../../../../arm-none-eabi/lib/thumb/v7e-m/fpv4-sp/softfp\libstdc++_nano.a(atexit_arm.o)
                0x08006e16                __aeabi_atexit
 .text._ZdlPvj  0x08006e20        0x4 d:/touchgfx/4.10.0/env/mingw/msys/1.0/gnu-arm-gcc/bin/../lib/gcc/arm-none-eabi/6.3.1/../../../../arm-none-eabi/lib/thumb/v7e-m/fpv4-sp/softfp\libstdc++_nano.a(del_ops.o)
                0x08006e20                operator delete(void*, unsigned int)
 .text.__cxa_guard_acquire
                0x08006e24       0x18 d:/touchgfx/4.10.0/env/mingw/msys/1.0/gnu-arm-gcc/bin/../lib/gcc/arm-none-eabi/6.3.1/../../../../arm-none-eabi/lib/thumb/v7e-m/fpv4-sp/softfp\libstdc++_nano.a(guard.o)
                0x08006e24                __cxa_guard_acquire
 .text.__cxa_guard_release
                0x08006e3c        0x6 d:/touchgfx/4.10.0/env/mingw/msys/1.0/gnu-arm-gcc/bin/../lib/gcc/arm-none-eabi/6.3.1/../../../../arm-none-eabi/lib/thumb/v7e-m/fpv4-sp/softfp\libstdc++_nano.a(guard.o)
                0x08006e3c                __cxa_guard_release
 .text._ZdlPv   0x08006e42        0x4 d:/touchgfx/4.10.0/env/mingw/msys/1.0/gnu-arm-gcc/bin/../lib/gcc/arm-none-eabi/6.3.1/../../../../arm-none-eabi/lib/thumb/v7e-m/fpv4-sp/softfp\libstdc++_nano.a(del_op.o)
                0x08006e42                operator delete(void*)
 .text.__cxa_pure_virtual
                0x08006e46        0x6 d:/touchgfx/4.10.0/env/mingw/msys/1.0/gnu-arm-gcc/bin/../lib/gcc/arm-none-eabi/6.3.1/../../../../arm-none-eabi/lib/thumb/v7e-m/fpv4-sp/softfp\libstdc++_nano.a(pure.o)
                0x08006e46                __cxa_pure_virtual
 .text._ZN10__cxxabiv111__terminateEPFvvE
                0x08006e4c        0x8 d:/touchgfx/4.10.0/env/mingw/msys/1.0/gnu-arm-gcc/bin/../lib/gcc/arm-none-eabi/6.3.1/../../../../arm-none-eabi/lib/thumb/v7e-m/fpv4-sp/softfp\libstdc++_nano.a(eh_terminate.o)
                0x08006e4c                __cxxabiv1::__terminate(void (*)())
 .text._ZSt13get_terminatev
                0x08006e54       0x10 d:/touchgfx/4.10.0/env/mingw/msys/1.0/gnu-arm-gcc/bin/../lib/gcc/arm-none-eabi/6.3.1/../../../../arm-none-eabi/lib/thumb/v7e-m/fpv4-sp/softfp\libstdc++_nano.a(eh_terminate.o)
                0x08006e54                std::get_terminate()
 .text._ZSt9terminatev
                0x08006e64        0xa d:/touchgfx/4.10.0/env/mingw/msys/1.0/gnu-arm-gcc/bin/../lib/gcc/arm-none-eabi/6.3.1/../../../../arm-none-eabi/lib/thumb/v7e-m/fpv4-sp/softfp\libstdc++_nano.a(eh_terminate.o)
                0x08006e64                std::terminate()
 .text.abort    0x08006e6e        0xe d:/touchgfx/4.10.0/env/mingw/msys/1.0/gnu-arm-gcc/bin/../lib/gcc/arm-none-eabi/6.3.1/../../../../arm-none-eabi/lib/thumb/v7e-m/fpv4-sp/softfp\libc_nano.a(lib_a-abort.o)
                0x08006e6e                abort
 .text.__assert_func
                0x08006e7c       0x3c d:/touchgfx/4.10.0/env/mingw/msys/1.0/gnu-arm-gcc/bin/../lib/gcc/arm-none-eabi/6.3.1/../../../../arm-none-eabi/lib/thumb/v7e-m/fpv4-sp/softfp\libc_nano.a(lib_a-assert.o)
                0x08006e7c                __assert_func
 .text.__cxa_atexit
                0x08006eb8       0x1c d:/touchgfx/4.10.0/env/mingw/msys/1.0/gnu-arm-gcc/bin/../lib/gcc/arm-none-eabi/6.3.1/../../../../arm-none-eabi/lib/thumb/v7e-m/fpv4-sp/softfp\libc_nano.a(lib_a-cxa_atexit.o)
                0x08006eb8                __cxa_atexit
 .text.fprintf  0x08006ed4       0x24 d:/touchgfx/4.10.0/env/mingw/msys/1.0/gnu-arm-gcc/bin/../lib/gcc/arm-none-eabi/6.3.1/../../../../arm-none-eabi/lib/thumb/v7e-m/fpv4-sp/softfp\libc_nano.a(lib_a-fprintf.o)
                0x08006ed4                fiprintf
                0x08006ed4                fprintf
 .text.__libc_init_array
                0x08006ef8       0x48 d:/touchgfx/4.10.0/env/mingw/msys/1.0/gnu-arm-gcc/bin/../lib/gcc/arm-none-eabi/6.3.1/../../../../arm-none-eabi/lib/thumb/v7e-m/fpv4-sp/softfp\libc_nano.a(lib_a-init.o)
                0x08006ef8                __libc_init_array
 .text.free     0x08006f40       0x10 d:/touchgfx/4.10.0/env/mingw/msys/1.0/gnu-arm-gcc/bin/../lib/gcc/arm-none-eabi/6.3.1/../../../../arm-none-eabi/lib/thumb/v7e-m/fpv4-sp/softfp\libc_nano.a(lib_a-malloc.o)
                0x08006f40                free
 .text.memcpy   0x08006f50       0x16 d:/touchgfx/4.10.0/env/mingw/msys/1.0/gnu-arm-gcc/bin/../lib/gcc/arm-none-eabi/6.3.1/../../../../arm-none-eabi/lib/thumb/v7e-m/fpv4-sp/softfp\libc_nano.a(lib_a-memcpy-stub.o)
                0x08006f50                memcpy
 .text.memset   0x08006f66       0x10 d:/touchgfx/4.10.0/env/mingw/msys/1.0/gnu-arm-gcc/bin/../lib/gcc/arm-none-eabi/6.3.1/../../../../arm-none-eabi/lib/thumb/v7e-m/fpv4-sp/softfp\libc_nano.a(lib_a-memset.o)
                0x08006f66                memset
 *fill*         0x08006f76        0x2 
 .text._free_r  0x08006f78       0x9c d:/touchgfx/4.10.0/env/mingw/msys/1.0/gnu-arm-gcc/bin/../lib/gcc/arm-none-eabi/6.3.1/../../../../arm-none-eabi/lib/thumb/v7e-m/fpv4-sp/softfp\libc_nano.a(lib_a-nano-freer.o)
                0x08006f78                _free_r
 .text._malloc_r
                0x08007014       0xbc d:/touchgfx/4.10.0/env/mingw/msys/1.0/gnu-arm-gcc/bin/../lib/gcc/arm-none-eabi/6.3.1/../../../../arm-none-eabi/lib/thumb/v7e-m/fpv4-sp/softfp\libc_nano.a(lib_a-nano-mallocr.o)
                0x08007014                _malloc_r
 .text.__sfputc_r
                0x080070d0       0x30 d:/touchgfx/4.10.0/env/mingw/msys/1.0/gnu-arm-gcc/bin/../lib/gcc/arm-none-eabi/6.3.1/../../../../arm-none-eabi/lib/thumb/v7e-m/fpv4-sp/softfp\libc_nano.a(lib_a-nano-vfprintf.o)
 .text.__sfputs_r
                0x08007100       0x24 d:/touchgfx/4.10.0/env/mingw/msys/1.0/gnu-arm-gcc/bin/../lib/gcc/arm-none-eabi/6.3.1/../../../../arm-none-eabi/lib/thumb/v7e-m/fpv4-sp/softfp\libc_nano.a(lib_a-nano-vfprintf.o)
                0x08007100                __sfputs_r
 .text._vfprintf_r
                0x08007124      0x22c d:/touchgfx/4.10.0/env/mingw/msys/1.0/gnu-arm-gcc/bin/../lib/gcc/arm-none-eabi/6.3.1/../../../../arm-none-eabi/lib/thumb/v7e-m/fpv4-sp/softfp\libc_nano.a(lib_a-nano-vfprintf.o)
                0x08007124                _vfprintf_r
                0x08007124                _vfiprintf_r
 .text._printf_common
                0x08007350       0xec d:/touchgfx/4.10.0/env/mingw/msys/1.0/gnu-arm-gcc/bin/../lib/gcc/arm-none-eabi/6.3.1/../../../../arm-none-eabi/lib/thumb/v7e-m/fpv4-sp/softfp\libc_nano.a(lib_a-nano-vfprintf_i.o)
                0x08007350                _printf_common
 .text._printf_i
                0x0800743c      0x240 d:/touchgfx/4.10.0/env/mingw/msys/1.0/gnu-arm-gcc/bin/../lib/gcc/arm-none-eabi/6.3.1/../../../../arm-none-eabi/lib/thumb/v7e-m/fpv4-sp/softfp\libc_nano.a(lib_a-nano-vfprintf_i.o)
                0x0800743c                _printf_i
 .text._sbrk_r  0x0800767c       0x20 d:/touchgfx/4.10.0/env/mingw/msys/1.0/gnu-arm-gcc/bin/../lib/gcc/arm-none-eabi/6.3.1/../../../../arm-none-eabi/lib/thumb/v7e-m/fpv4-sp/softfp\libc_nano.a(lib_a-sbrkr.o)
                0x0800767c                _sbrk_r
 .text._raise_r
                0x0800769c       0x50 d:/touchgfx/4.10.0/env/mingw/msys/1.0/gnu-arm-gcc/bin/../lib/gcc/arm-none-eabi/6.3.1/../../../../arm-none-eabi/lib/thumb/v7e-m/fpv4-sp/softfp\libc_nano.a(lib_a-signal.o)
                0x0800769c                _raise_r
 .text.raise    0x080076ec       0x10 d:/touchgfx/4.10.0/env/mingw/msys/1.0/gnu-arm-gcc/bin/../lib/gcc/arm-none-eabi/6.3.1/../../../../arm-none-eabi/lib/thumb/v7e-m/fpv4-sp/softfp\libc_nano.a(lib_a-signal.o)
                0x080076ec                raise
 .text._kill_r  0x080076fc       0x24 d:/touchgfx/4.10.0/env/mingw/msys/1.0/gnu-arm-gcc/bin/../lib/gcc/arm-none-eabi/6.3.1/../../../../arm-none-eabi/lib/thumb/v7e-m/fpv4-sp/softfp\libc_nano.a(lib_a-signalr.o)
                0x080076fc                _kill_r
 .text._getpid_r
                0x08007720        0x4 d:/touchgfx/4.10.0/env/mingw/msys/1.0/gnu-arm-gcc/bin/../lib/gcc/arm-none-eabi/6.3.1/../../../../arm-none-eabi/lib/thumb/v7e-m/fpv4-sp/softfp\libc_nano.a(lib_a-signalr.o)
                0x08007720                _getpid_r
 .text.__swbuf_r