Archive member included to satisfy reference by file (symbol)

c:/TouchGFXProjects/stm32f407ve_port/Middlewares/ST/TouchGFX/touchgfx/lib/core/cortex_m4f/gcc\libtouchgfx.a(AbstractPartition.o)
                              TouchGFX/build/ST/STM32F429IDISCO/TouchGFX/target/BoardConfiguration.o (touchgfx::AbstractPartition::getAllocationCount() const)
c:/TouchGFXProjects/stm32f407ve_port/Middlewares/ST/TouchGFX/touchgfx/lib/core/cortex_m4f/gcc\libtouchgfx.a(Container.o)
                              TouchGFX/build/ST/STM32F429IDISCO/TouchGFX/generated/gui_generated/src/screen1_screen/Screen1ViewBase.o (touchgfx::Container::add(touchgfx::Drawable&))
c:/TouchGFXProjects/stm32f407ve_port/Middlewares/ST/TouchGFX/touchgfx/lib/core/cortex_m4f/gcc\libtouchgfx.a(HAL.o)
                              TouchGFX/build/ST/STM32F429IDISCO/TouchGFX/target/STM32F4HAL.o (touchgfx::HAL::flushFrameBuffer())
c:/TouchGFXProjects/stm32f407ve_port/Middlewares/ST/TouchGFX/touchgfx/lib/core/cortex_m4f/gcc\libtouchgfx.a(DMA.o)
                              TouchGFX/build/ST/STM32F429IDISCO/TouchGFX/target/STM32F4DMA.o (touchgfx::DMA_Interface::seedExecution())
c:/TouchGFXProjects/stm32f407ve_port/Middlewares/ST/TouchGFX/touchgfx/lib/core/cortex_m4f/gcc\libtouchgfx.a(TiledImage.o)
                              TouchGFX/build/ST/STM32F429IDISCO/TouchGFX/generated/gui_generated/src/screen1_screen/Screen1ViewBase.o (touchgfx::TiledImage::setOffset(short, short))
c:/TouchGFXProjects/stm32f407ve_port/Middlewares/ST/TouchGFX/touchgfx/lib/core/cortex_m4f/gcc\libtouchgfx.a(Button.o)
                              TouchGFX/build/ST/STM32F429IDISCO/TouchGFX/generated/gui_generated/src/screen1_screen/Screen1ViewBase.o (touchgfx::Button::setBitmaps(touchgfx::Bitmap const&, touchgfx::Bitmap const&))
c:/TouchGFXProjects/stm32f407ve_port/Middlewares/ST/TouchGFX/touchgfx/lib/core/cortex_m4f/gcc\libtouchgfx.a(Image.o)
                              TouchGFX/build/ST/STM32F429IDISCO/TouchGFX/generated/gui_generated/src/screen1_screen/Screen1ViewBase.o (touchgfx::Image::setBitmap(touchgfx::Bitmap const&))
c:/TouchGFXProjects/stm32f407ve_port/Middlewares/ST/TouchGFX/touchgfx/lib/core/cortex_m4f/gcc\libtouchgfx.a(LCD.o)
                              TouchGFX/build/ST/STM32F429IDISCO/TouchGFX/generated/texts/src/Texts.o (touchgfx::LCD::drawStringLTR(touchgfx::Rect const&, touchgfx::Rect const&, touchgfx::LCD::StringVisuals const&, unsigned short const*, std::__va_list))
c:/TouchGFXProjects/stm32f407ve_port/Middlewares/ST/TouchGFX/touchgfx/lib/core/cortex_m4f/gcc\libtouchgfx.a(TouchCalibration.o)
                              c:/TouchGFXProjects/stm32f407ve_port/Middlewares/ST/TouchGFX/touchgfx/lib/core/cortex_m4f/gcc\libtouchgfx.a(HAL.o) (touchgfx::TouchCalibration::translatePoint(touchgfx::Point&))
c:/TouchGFXProjects/stm32f407ve_port/Middlewares/ST/TouchGFX/touchgfx/lib/core/cortex_m4f/gcc\libtouchgfx.a(DisplayTransformation.o)
                              c:/TouchGFXProjects/stm32f407ve_port/Middlewares/ST/TouchGFX/touchgfx/lib/core/cortex_m4f/gcc\libtouchgfx.a(HAL.o) (touchgfx::DisplayTransformation::transformFrameBufferToDisplay(short&, short&))
c:/TouchGFXProjects/stm32f407ve_port/Middlewares/ST/TouchGFX/touchgfx/lib/core/cortex_m4f/gcc\libtouchgfx.a(Application.o)
                              TouchGFX/build/ST/STM32F429IDISCO/TouchGFX/gui/src/common/FrontendApplication.o (touchgfx::Application::handleClickEvent(touchgfx::ClickEvent const&))
c:/TouchGFXProjects/stm32f407ve_port/Middlewares/ST/TouchGFX/touchgfx/lib/core/cortex_m4f/gcc\libtouchgfx.a(TypedText.o)
                              TouchGFX/build/ST/STM32F429IDISCO/TouchGFX/generated/texts/src/Texts.o (touchgfx::TypedText::numberOfTypedTexts)
c:/TouchGFXProjects/stm32f407ve_port/Middlewares/ST/TouchGFX/touchgfx/lib/core/cortex_m4f/gcc\libtouchgfx.a(Font.o)
                              TouchGFX/build/ST/STM32F429IDISCO/TouchGFX/generated/texts/src/Texts.o (touchgfx::Font::getStringWidthLTR(unsigned char, unsigned short const*, std::__va_list) const)
c:/TouchGFXProjects/stm32f407ve_port/Middlewares/ST/TouchGFX/touchgfx/lib/core/cortex_m4f/gcc\libtouchgfx.a(Drawable.o)
                              c:/TouchGFXProjects/stm32f407ve_port/Middlewares/ST/TouchGFX/touchgfx/lib/core/cortex_m4f/gcc\libtouchgfx.a(Container.o) (touchgfx::Drawable::invalidate() const)
c:/TouchGFXProjects/stm32f407ve_port/Middlewares/ST/TouchGFX/touchgfx/lib/core/cortex_m4f/gcc\libtouchgfx.a(Utils.o)
                              c:/TouchGFXProjects/stm32f407ve_port/Middlewares/ST/TouchGFX/touchgfx/lib/core/cortex_m4f/gcc\libtouchgfx.a(TouchCalibration.o) (touchgfx::memset(void*, unsigned char, unsigned long))
c:/TouchGFXProjects/stm32f407ve_port/Middlewares/ST/TouchGFX/touchgfx/lib/core/cortex_m4f/gcc\libtouchgfx.a(Screen.o)
                              TouchGFX/build/ST/STM32F429IDISCO/TouchGFX/gui/src/screen1_screen/Screen1View.o (touchgfx::Screen::handleGestureEvent(touchgfx::GestureEvent const&))
[...]
Memory Configuration

Name             Origin             Length             Attributes
RAM              0x20000000         0x00020000         xrw
CCMRAM           0x10000000         0x00010000         rw
FLASH            0x08000000         0x00080000         xr
*default*        0x00000000         0xffffffff

Linker script and memory map

LOAD d:/touchgfx/4.10.0/env/mingw/msys/1.0/gnu-arm-gcc/bin/../lib/gcc/arm-none-eabi/6.3.1/thumb/v7e-m/fpv4-sp/softfp/crti.o
LOAD d:/touchgfx/4.10.0/env/mingw/msys/1.0/gnu-arm-gcc/bin/../lib/gcc/arm-none-eabi/6.3.1/thumb/v7e-m/fpv4-sp/softfp/crtbegin.o
LOAD d:/touchgfx/4.10.0/env/mingw/msys/1.0/gnu-arm-gcc/bin/../lib/gcc/arm-none-eabi/6.3.1/../../../../arm-none-eabi/lib/thumb/v7e-m/fpv4-sp/softfp/crt0.o
LOAD TouchGFX/build/ST/STM32F429IDISCO/TouchGFX/gui/src/screen1_screen/Screen1Presenter.o
LOAD TouchGFX/build/ST/STM32F429IDISCO/TouchGFX/gui/src/screen1_screen/Screen1View.o
LOAD TouchGFX/build/ST/STM32F429IDISCO/TouchGFX/gui/src/model/Model.o
LOAD TouchGFX/build/ST/STM32F429IDISCO/TouchGFX/gui/src/common/FrontendApplication.o
LOAD TouchGFX/build/ST/STM32F429IDISCO/TouchGFX/generated/gui_generated/src/screen1_screen/Screen1ViewBase.o
LOAD TouchGFX/build/ST/STM32F429IDISCO/TouchGFX/generated/gui_generated/src/common/FrontendApplicationBase.o
LOAD TouchGFX/build/ST/STM32F429IDISCO/TouchGFX/generated/fonts/src/Kerning_verdana_10_4bpp.o
LOAD TouchGFX/build/ST/STM32F429IDISCO/TouchGFX/generated/fonts/src/Font_verdana_40_4bpp.o
LOAD TouchGFX/build/ST/STM32F429IDISCO/TouchGFX/generated/fonts/src/FontGetters.o
LOAD TouchGFX/build/ST/STM32F429IDISCO/TouchGFX/generated/fonts/src/Font_verdana_20_4bpp.o
LOAD TouchGFX/build/ST/STM32F429IDISCO/TouchGFX/generated/fonts/src/Kerning_verdana_40_4bpp.o
LOAD TouchGFX/build/ST/STM32F429IDISCO/TouchGFX/generated/fonts/src/Table_verdana_10_4bpp.o
LOAD TouchGFX/build/ST/STM32F429IDISCO/TouchGFX/generated/fonts/src/Kerning_verdana_20_4bpp.o
LOAD TouchGFX/build/ST/STM32F429IDISCO/TouchGFX/generated/fonts/src/Font_verdana_10_4bpp.o
LOAD TouchGFX/build/ST/STM32F429IDISCO/TouchGFX/generated/fonts/src/Table_verdana_40_4bpp.o
LOAD TouchGFX/build/ST/STM32F429IDISCO/TouchGFX/generated/fonts/src/Table_verdana_20_4bpp.o
LOAD TouchGFX/build/ST/STM32F429IDISCO/TouchGFX/generated/fonts/src/ApplicationFontProvider.o
LOAD TouchGFX/build/ST/STM32F429IDISCO/TouchGFX/generated/images/src/__designer/blue_buttons_round_small.o
LOAD TouchGFX/build/ST/STM32F429IDISCO/TouchGFX/generated/images/src/__designer/blue_textures_irongrip.o
LOAD TouchGFX/build/ST/STM32F429IDISCO/TouchGFX/generated/images/src/__designer/blue_buttons_round_small_pressed.o
LOAD TouchGFX/build/ST/STM32F429IDISCO/TouchGFX/generated/images/src/BitmapDatabase.o
LOAD TouchGFX/build/ST/STM32F429IDISCO/TouchGFX/generated/texts/src/TypedTextDatabase.o
LOAD TouchGFX/build/ST/STM32F429IDISCO/TouchGFX/generated/texts/src/Texts.o
LOAD TouchGFX/build/ST/STM32F429IDISCO/../Middlewares/ST/TouchGFX/touchgfx/os/OSWrappers.o
LOAD TouchGFX/build/ST/STM32F429IDISCO/Core/Src/main.o
LOAD TouchGFX/build/ST/STM32F429IDISCO/TouchGFX/target/BoardConfiguration.o
LOAD TouchGFX/build/ST/STM32F429IDISCO/TouchGFX/target/CortexMMCUInstrumentation.o
LOAD TouchGFX/build/ST/STM32F429IDISCO/TouchGFX/target/GPIO.o
LOAD TouchGFX/build/ST/STM32F429IDISCO/TouchGFX/target/ResistiveTouchController.o
LOAD TouchGFX/build/ST/STM32F429IDISCO/TouchGFX/target/STM32F4DMA.o
LOAD TouchGFX/build/ST/STM32F429IDISCO/TouchGFX/target/STM32F4HAL.o
LOAD TouchGFX/build/ST/STM32F429IDISCO/../Middlewares/Third_Party/FreeRTOS/Source/croutine.o
LOAD TouchGFX/build/ST/STM32F429IDISCO/../Middlewares/Third_Party/FreeRTOS/Source/list.o
LOAD TouchGFX/build/ST/STM32F429IDISCO/../Middlewares/Third_Party/FreeRTOS/Source/queue.o
LOAD TouchGFX/build/ST/STM32F429IDISCO/../Middlewares/Third_Party/FreeRTOS/Source/tasks.o
LOAD TouchGFX/build/ST/STM32F429IDISCO/../Middlewares/Third_Party/FreeRTOS/Source/timers.o
LOAD TouchGFX/build/ST/STM32F429IDISCO/../Middlewares/Third_Party/FreeRTOS/Source/portable/MemMang/heap_2.o
LOAD TouchGFX/build/ST/STM32F429IDISCO/../Middlewares/Third_Party/FreeRTOS/Source/portable/GCC/ARM_CM4F/port.o
LOAD TouchGFX/build/ST/STM32F429IDISCO/Core/Src/stm32f4xx_hal_timebase_tim.o
LOAD TouchGFX/build/ST/STM32F429IDISCO/Core/Src/stm32f4xx_it.o
LOAD TouchGFX/build/ST/STM32F429IDISCO/../Drivers/BSP/Components/ili9341/ili9341.o
LOAD TouchGFX/build/ST/STM32F429IDISCO/../Drivers/BSP/Components/stmpe811/stmpe811.o
LOAD TouchGFX/build/ST/STM32F429IDISCO/../Drivers/BSP/STM32F429I-Discovery/stm32f429i_discovery.o
LOAD TouchGFX/build/ST/STM32F429IDISCO/../Drivers/BSP/STM32F429I-Discovery/stm32f429i_discovery_eeprom.o
LOAD TouchGFX/build/ST/STM32F429IDISCO/../Drivers/BSP/STM32F429I-Discovery/stm32f429i_discovery_gyroscope.o
LOAD TouchGFX/build/ST/STM32F429IDISCO/../Drivers/BSP/STM32F429I-Discovery/stm32f429i_discovery_io.o
LOAD TouchGFX/build/ST/STM32F429IDISCO/../Drivers/BSP/STM32F429I-Discovery/stm32f429i_discovery_sdram.o
LOAD TouchGFX/build/ST/STM32F429IDISCO/../Drivers/BSP/STM32F429I-Discovery/stm32f429i_discovery_ts.o
LOAD TouchGFX/build/ST/STM32F429IDISCO/Core/Src/system_stm32f4xx.o
LOAD TouchGFX/build/ST/STM32F429IDISCO/../Drivers/STM32F4xx_HAL_Driver/Src/stm32f4xx_hal.o
LOAD TouchGFX/build/ST/STM32F429IDISCO/../Drivers/STM32F4xx_HAL_Driver/Src/stm32f4xx_hal_adc.o
LOAD TouchGFX/build/ST/STM32F429IDISCO/../Drivers/STM32F4xx_HAL_Driver/Src/stm32f4xx_hal_adc_ex.o
LOAD TouchGFX/build/ST/STM32F429IDISCO/../Drivers/STM32F4xx_HAL_Driver/Src/stm32f4xx_hal_can.o
LOAD TouchGFX/build/ST/STM32F429IDISCO/../Drivers/STM32F4xx_HAL_Driver/Src/stm32f4xx_hal_cec.o
LOAD TouchGFX/build/ST/STM32F429IDISCO/../Drivers/STM32F4xx_HAL_Driver/Src/stm32f4xx_hal_cortex.o
LOAD TouchGFX/build/ST/STM32F429IDISCO/../Drivers/STM32F4xx_HAL_Driver/Src/stm32f4xx_hal_crc.o
LOAD TouchGFX/build/ST/STM32F429IDISCO/../Drivers/STM32F4xx_HAL_Driver/Src/stm32f4xx_hal_cryp.o
LOAD TouchGFX/build/ST/STM32F429IDISCO/../Drivers/STM32F4xx_HAL_Driver/Src/stm32f4xx_hal_cryp_ex.o
LOAD TouchGFX/build/ST/STM32F429IDISCO/../Drivers/STM32F4xx_HAL_Driver/Src/stm32f4xx_hal_dac.o
LOAD TouchGFX/build/ST/STM32F429IDISCO/../Drivers/STM32F4xx_HAL_Driver/Src/stm32f4xx_hal_dac_ex.o
LOAD TouchGFX/build/ST/STM32F429IDISCO/../Drivers/STM32F4xx_HAL_Driver/Src/stm32f4xx_hal_dcmi.o
LOAD TouchGFX/build/ST/STM32F429IDISCO/../Drivers/STM32F4xx_HAL_Driver/Src/stm32f4xx_hal_dcmi_ex.o
LOAD TouchGFX/build/ST/STM32F429IDISCO/../Drivers/STM32F4xx_HAL_Driver/Src/stm32f4xx_hal_dfsdm.o
LOAD TouchGFX/build/ST/STM32F429IDISCO/../Drivers/STM32F4xx_HAL_Driver/Src/stm32f4xx_hal_dma.o
LOAD TouchGFX/build/ST/STM32F429IDISCO/../Drivers/STM32F4xx_HAL_Driver/Src/stm32f4xx_hal_dma2d.o
LOAD TouchGFX/build/ST/STM32F429IDISCO/../Drivers/STM32F4xx_HAL_Driver/Src/stm32f4xx_hal_dma_ex.o
LOAD TouchGFX/build/ST/STM32F429IDISCO/../Drivers/STM32F4xx_HAL_Driver/Src/stm32f4xx_hal_dsi.o
LOAD TouchGFX/build/ST/STM32F429IDISCO/../Drivers/STM32F4xx_HAL_Driver/Src/stm32f4xx_hal_eth.o
LOAD TouchGFX/build/ST/STM32F429IDISCO/../Drivers/STM32F4xx_HAL_Driver/Src/stm32f4xx_hal_flash.o
LOAD TouchGFX/build/ST/STM32F429IDISCO/../Drivers/STM32F4xx_HAL_Driver/Src/stm32f4xx_hal_flash_ex.o
LOAD TouchGFX/build/ST/STM32F429IDISCO/../Drivers/STM32F4xx_HAL_Driver/Src/stm32f4xx_hal_flash_ramfunc.o
LOAD TouchGFX/build/ST/STM32F429IDISCO/../Drivers/STM32F4xx_HAL_Driver/Src/stm32f4xx_hal_fmpi2c.o
LOAD TouchGFX/build/ST/STM32F429IDISCO/../Drivers/STM32F4xx_HAL_Driver/Src/stm32f4xx_hal_fmpi2c_ex.o
LOAD TouchGFX/build/ST/STM32F429IDISCO/../Drivers/STM32F4xx_HAL_Driver/Src/stm32f4xx_hal_gpio.o
LOAD TouchGFX/build/ST/STM32F429IDISCO/../Drivers/STM32F4xx_HAL_Driver/Src/stm32f4xx_hal_hash.o
LOAD TouchGFX/build/ST/STM32F429IDISCO/../Drivers/STM32F4xx_HAL_Driver/Src/stm32f4xx_hal_hash_ex.o
LOAD TouchGFX/build/ST/STM32F429IDISCO/../Drivers/STM32F4xx_HAL_Driver/Src/stm32f4xx_hal_hcd.o
LOAD TouchGFX/build/ST/STM32F429IDISCO/../Drivers/STM32F4xx_HAL_Driver/Src/stm32f4xx_hal_i2c.o
LOAD TouchGFX/build/ST/STM32F429IDISCO/../Drivers/STM32F4xx_HAL_Driver/Src/stm32f4xx_hal_i2c_ex.o
LOAD TouchGFX/build/ST/STM32F429IDISCO/../Drivers/STM32F4xx_HAL_Driver/Src/stm32f4xx_hal_i2s.o
LOAD TouchGFX/build/ST/STM32F429IDISCO/../Drivers/STM32F4xx_HAL_Driver/Src/stm32f4xx_hal_i2s_ex.o
LOAD TouchGFX/build/ST/STM32F429IDISCO/../Drivers/STM32F4xx_HAL_Driver/Src/stm32f4xx_hal_irda.o
LOAD TouchGFX/build/ST/STM32F429IDISCO/../Drivers/STM32F4xx_HAL_Driver/Src/stm32f4xx_hal_iwdg.o
LOAD TouchGFX/build/ST/STM32F429IDISCO/../Drivers/STM32F4xx_HAL_Driver/Src/stm32f4xx_hal_lptim.o
LOAD TouchGFX/build/ST/STM32F429IDISCO/../Drivers/STM32F4xx_HAL_Driver/Src/stm32f4xx_hal_ltdc.o
LOAD TouchGFX/build/ST/STM32F429IDISCO/../Drivers/STM32F4xx_HAL_Driver/Src/stm32f4xx_hal_ltdc_ex.o
LOAD TouchGFX/build/ST/STM32F429IDISCO/../Drivers/STM32F4xx_HAL_Driver/Src/stm32f4xx_hal_mmc.o
LOAD TouchGFX/build/ST/STM32F429IDISCO/../Drivers/STM32F4xx_HAL_Driver/Src/stm32f4xx_hal_nand.o
LOAD TouchGFX/build/ST/STM32F429IDISCO/../Drivers/STM32F4xx_HAL_Driver/Src/stm32f4xx_hal_nor.o
LOAD TouchGFX/build/ST/STM32F429IDISCO/../Drivers/STM32F4xx_HAL_Driver/Src/stm32f4xx_hal_pccard.o
LOAD TouchGFX/build/ST/STM32F429IDISCO/../Drivers/STM32F4xx_HAL_Driver/Src/stm32f4xx_hal_pcd.o
LOAD TouchGFX/build/ST/STM32F429IDISCO/../Drivers/STM32F4xx_HAL_Driver/Src/stm32f4xx_hal_pcd_ex.o
LOAD TouchGFX/build/ST/STM32F429IDISCO/../Drivers/STM32F4xx_HAL_Driver/Src/stm32f4xx_hal_pwr.o
LOAD TouchGFX/build/ST/STM32F429IDISCO/../Drivers/STM32F4xx_HAL_Driver/Src/stm32f4xx_hal_pwr_ex.o
LOAD TouchGFX/build/ST/STM32F429IDISCO/../Drivers/STM32F4xx_HAL_Driver/Src/stm32f4xx_hal_qspi.o
LOAD TouchGFX/build/ST/STM32F429IDISCO/../Drivers/STM32F4xx_HAL_Driver/Src/stm32f4xx_hal_rcc.o
LOAD TouchGFX/build/ST/STM32F429IDISCO/../Drivers/STM32F4xx_HAL_Driver/Src/stm32f4xx_hal_rcc_ex.o
LOAD TouchGFX/build/ST/STM32F429IDISCO/../Drivers/STM32F4xx_HAL_Driver/Src/stm32f4xx_hal_rng.o
LOAD TouchGFX/build/ST/STM32F429IDISCO/../Drivers/STM32F4xx_HAL_Driver/Src/stm32f4xx_hal_rtc.o
LOAD TouchGFX/build/ST/STM32F429IDISCO/../Drivers/STM32F4xx_HAL_Driver/Src/stm32f4xx_hal_rtc_ex.o
LOAD TouchGFX/build/ST/STM32F429IDISCO/../Drivers/STM32F4xx_HAL_Driver/Src/stm32f4xx_hal_sai.o
LOAD TouchGFX/build/ST/STM32F429IDISCO/../Drivers/STM32F4xx_HAL_Driver/Src/stm32f4xx_hal_sai_ex.o
LOAD TouchGFX/build/ST/STM32F429IDISCO/../Drivers/STM32F4xx_HAL_Driver/Src/stm32f4xx_hal_sd.o
LOAD TouchGFX/build/ST/STM32F429IDISCO/../Drivers/STM32F4xx_HAL_Driver/Src/stm32f4xx_hal_sdram.o
LOAD TouchGFX/build/ST/STM32F429IDISCO/../Drivers/STM32F4xx_HAL_Driver/Src/stm32f4xx_hal_smartcard.o
LOAD TouchGFX/build/ST/STM32F429IDISCO/../Drivers/STM32F4xx_HAL_Driver/Src/stm32f4xx_hal_spdifrx.o
LOAD TouchGFX/build/ST/STM32F429IDISCO/../Drivers/STM32F4xx_HAL_Driver/Src/stm32f4xx_hal_spi.o
LOAD TouchGFX/build/ST/STM32F429IDISCO/../Drivers/STM32F4xx_HAL_Driver/Src/stm32f4xx_hal_sram.o
LOAD TouchGFX/build/ST/STM32F429IDISCO/../Drivers/STM32F4xx_HAL_Driver/Src/stm32f4xx_hal_tim.o
LOAD TouchGFX/build/ST/STM32F429IDISCO/../Drivers/STM32F4xx_HAL_Driver/Src/stm32f4xx_hal_tim_ex.o
LOAD TouchGFX/build/ST/STM32F429IDISCO/../Drivers/STM32F4xx_HAL_Driver/Src/stm32f4xx_hal_uart.o
LOAD TouchGFX/build/ST/STM32F429IDISCO/../Drivers/STM32F4xx_HAL_Driver/Src/stm32f4xx_hal_usart.o
LOAD TouchGFX/build/ST/STM32F429IDISCO/../Drivers/STM32F4xx_HAL_Driver/Src/stm32f4xx_hal_wwdg.o
LOAD TouchGFX/build/ST/STM32F429IDISCO/../Drivers/STM32F4xx_HAL_Driver/Src/stm32f4xx_ll_fmc.o
LOAD TouchGFX/build/ST/STM32F429IDISCO/gcc/startup_stm32f407xx.o
START GROUP
LOAD c:/TouchGFXProjects/stm32f407ve_port/Middlewares/ST/TouchGFX/touchgfx/lib/core/cortex_m4f/gcc\libtouchgfx.a
END GROUP
LOAD d:/touchgfx/4.10.0/env/mingw/msys/1.0/gnu-arm-gcc/bin/../lib/gcc/arm-none-eabi/6.3.1/../../../../arm-none-eabi/lib/thumb/v7e-m/fpv4-sp/softfp\libstdc++_nano.a
LOAD d:/touchgfx/4.10.0/env/mingw/msys/1.0/gnu-arm-gcc/bin/../lib/gcc/arm-none-eabi/6.3.1/../../../../arm-none-eabi/lib/thumb/v7e-m/fpv4-sp/softfp\libm.a
START GROUP
LOAD d:/touchgfx/4.10.0/env/mingw/msys/1.0/gnu-arm-gcc/bin/../lib/gcc/arm-none-eabi/6.3.1/thumb/v7e-m/fpv4-sp/softfp\libgcc.a
LOAD d:/touchgfx/4.10.0/env/mingw/msys/1.0/gnu-arm-gcc/bin/../lib/gcc/arm-none-eabi/6.3.1/../../../../arm-none-eabi/lib/thumb/v7e-m/fpv4-sp/softfp\libc_nano.a
END GROUP
START GROUP
LOAD d:/touchgfx/4.10.0/env/mingw/msys/1.0/gnu-arm-gcc/bin/../lib/gcc/arm-none-eabi/6.3.1/thumb/v7e-m/fpv4-sp/softfp\libgcc.a
LOAD d:/touchgfx/4.10.0/env/mingw/msys/1.0/gnu-arm-gcc/bin/../lib/gcc/arm-none-eabi/6.3.1/../../../../arm-none-eabi/lib/thumb/v7e-m/fpv4-sp/softfp\libc_nano.a
LOAD d:/touchgfx/4.10.0/env/mingw/msys/1.0/gnu-arm-gcc/bin/../lib/gcc/arm-none-eabi/6.3.1/../../../../arm-none-eabi/lib/thumb/v7e-m/fpv4-sp/softfp\libnosys.a
END GROUP
START GROUP
LOAD d:/touchgfx/4.10.0/env/mingw/msys/1.0/gnu-arm-gcc/bin/../lib/gcc/arm-none-eabi/6.3.1/thumb/v7e-m/fpv4-sp/softfp\libgcc.a
LOAD d:/touchgfx/4.10.0/env/mingw/msys/1.0/gnu-arm-gcc/bin/../lib/gcc/arm-none-eabi/6.3.1/../../../../arm-none-eabi/lib/thumb/v7e-m/fpv4-sp/softfp\libc_nano.a
LOAD d:/touchgfx/4.10.0/env/mingw/msys/1.0/gnu-arm-gcc/bin/../lib/gcc/arm-none-eabi/6.3.1/../../../../arm-none-eabi/lib/thumb/v7e-m/fpv4-sp/softfp\libnosys.a
END GROUP
LOAD d:/touchgfx/4.10.0/env/mingw/msys/1.0/gnu-arm-gcc/bin/../lib/gcc/arm-none-eabi/6.3.1/thumb/v7e-m/fpv4-sp/softfp/crtend.o
LOAD d:/touchgfx/4.10.0/env/mingw/msys/1.0/gnu-arm-gcc/bin/../lib/gcc/arm-none-eabi/6.3.1/thumb/v7e-m/fpv4-sp/softfp/crtn.o
                0x20020000                _estack = 0x20020000
                0x00000200                _Min_Heap_Size = 0x200
                0x00000400                _Min_Stack_Size = 0x400

.isr_vector     0x08000000      0x188
                0x08000000                . = ALIGN (0x4)
 *(.isr_vector)
 .isr_vector    0x08000000      0x188 TouchGFX/build/ST/STM32F429IDISCO/gcc/startup_stm32f407xx.o
                0x08000000                g_pfnVectors
                0x08000188                . = ALIGN (0x4)

.text           0x08000190     0xc144
                0x08000190                . = ALIGN (0x4)
 *(.text)
 .text          0x08000190       0x6c d:/touchgfx/4.10.0/env/mingw/msys/1.0/gnu-arm-gcc/bin/../lib/gcc/arm-none-eabi/6.3.1/thumb/v7e-m/fpv4-sp/softfp/crtbegin.o
 .text          0x080001fc       0x30 d:/touchgfx/4.10.0/env/mingw/msys/1.0/gnu-arm-gcc/bin/../lib/gcc/arm-none-eabi/6.3.1/thumb/v7e-m/fpv4-sp/softfp\libgcc.a(_aeabi_uldivmod.o)
                0x080001fc                __aeabi_uldivmod
 .text          0x0800022c      0x2dc d:/touchgfx/4.10.0/env/mingw/msys/1.0/gnu-arm-gcc/bin/../lib/gcc/arm-none-eabi/6.3.1/thumb/v7e-m/fpv4-sp/softfp\libgcc.a(_udivmoddi4.o)
                0x0800022c                __udivmoddi4
 .text          0x08000508        0x4 d:/touchgfx/4.10.0/env/mingw/msys/1.0/gnu-arm-gcc/bin/../lib/gcc/arm-none-eabi/6.3.1/thumb/v7e-m/fpv4-sp/softfp\libgcc.a(_dvmd_tls.o)
                0x08000508                __aeabi_idiv0
                0x08000508                __aeabi_ldiv0
 *fill*         0x0800050c        0x4 
 .text          0x08000510       0xa0 d:/touchgfx/4.10.0/env/mingw/msys/1.0/gnu-arm-gcc/bin/../lib/gcc/arm-none-eabi/6.3.1/../../../../arm-none-eabi/lib/thumb/v7e-m/fpv4-sp/softfp\libc_nano.a(lib_a-memchr.o)
                0x08000510                memchr
 *(.text*)
 .text._ZN16Screen1PresenterD2Ev
                0x080005b0        0x8 TouchGFX/build/ST/STM32F429IDISCO/TouchGFX/gui/src/screen1_screen/Screen1Presenter.o
                0x080005b0                Screen1Presenter::~Screen1Presenter()
                0x080005b0                Screen1Presenter::~Screen1Presenter()
                0x080005b2                non-virtual thunk to Screen1Presenter::~Screen1Presenter()
 .text._ZN16Screen1Presenter10deactivateEv
                0x080005b8        0x2 TouchGFX/build/ST/STM32F429IDISCO/TouchGFX/gui/src/screen1_screen/Screen1Presenter.o
                0x080005b8                Screen1Presenter::deactivate()
                0x080005b8                Screen1Presenter::activate()
 .text._ZN16Screen1PresenterD0Ev
                0x080005ba       0x12 TouchGFX/build/ST/STM32F429IDISCO/TouchGFX/gui/src/screen1_screen/Screen1Presenter.o
                0x080005ba                Screen1Presenter::~Screen1Presenter()
                0x080005c6                non-virtual thunk to Screen1Presenter::~Screen1Presenter()
 .text._ZN16Screen1PresenterC2ER11Screen1View
                0x080005cc       0x1c TouchGFX/build/ST/STM32F429IDISCO/TouchGFX/gui/src/screen1_screen/Screen1Presenter.o
                0x080005cc                Screen1Presenter::Screen1Presenter(Screen1View&)
                0x080005cc                Screen1Presenter::Screen1Presenter(Screen1View&)
 .text._ZN8touchgfx6Screen15afterTransitionEv
                0x080005e8        0x2 TouchGFX/build/ST/STM32F429IDISCO/TouchGFX/gui/src/screen1_screen/Screen1View.o
                0x080005e8                touchgfx::Screen::afterTransition()
 .text._ZN8touchgfx6Screen15handleTickEventEv
                0x080005ea        0x2 TouchGFX/build/ST/STM32F429IDISCO/TouchGFX/gui/src/screen1_screen/Screen1View.o
                0x080005ea                touchgfx::Screen::handleTickEvent()
 .text._ZN8touchgfx6Screen14handleKeyEventEh
                0x080005ec        0x2 TouchGFX/build/ST/STM32F429IDISCO/TouchGFX/gui/src/screen1_screen/Screen1View.o
                0x080005ec                touchgfx::Screen::handleKeyEvent(unsigned char)
 .text._ZN11Screen1ViewD2Ev
                0x080005ee        0x2 TouchGFX/build/ST/STM32F429IDISCO/TouchGFX/gui/src/screen1_screen/Screen1View.o
                0x080005ee                Screen1View::~Screen1View()
                0x080005ee                Screen1View::~Screen1View()
 .text._ZN11Screen1View14tearDownScreenEv
                0x080005f0        0x2 TouchGFX/build/ST/STM32F429IDISCO/TouchGFX/gui/src/screen1_screen/Screen1View.o
                0x080005f0                Screen1View::tearDownScreen()
 .text._ZN11Screen1View11setupScreenEv
                0x080005f2        0x4 TouchGFX/build/ST/STM32F429IDISCO/TouchGFX/gui/src/screen1_screen/Screen1View.o
                0x080005f2                Screen1View::setupScreen()
 .text._ZN11Screen1ViewD0Ev
                0x080005f6        0xc TouchGFX/build/ST/STM32F429IDISCO/TouchGFX/gui/src/screen1_screen/Screen1View.o
                0x080005f6                Screen1View::~Screen1View()
 *fill*         0x08000602        0x2 
 .text._ZN11Screen1ViewC2Ev
                0x08000604       0x14 TouchGFX/build/ST/STM32F429IDISCO/TouchGFX/gui/src/screen1_screen/Screen1View.o
                0x08000604                Screen1View::Screen1View()
                0x08000604                Screen1View::Screen1View()
 .text._ZN5ModelC2Ev
                0x08000618        0x6 TouchGFX/build/ST/STM32F429IDISCO/TouchGFX/gui/src/model/Model.o
                0x08000618                Model::Model()
                0x08000618                Model::Model()
 .text._ZN5Model4tickEv
                0x0800061e        0x2 TouchGFX/build/ST/STM32F429IDISCO/TouchGFX/gui/src/model/Model.o
                0x0800061e                Model::tick()
 .text._ZN8touchgfx11Application15appSwitchScreenEh
                0x08000620        0x2 TouchGFX/build/ST/STM32F429IDISCO/TouchGFX/gui/src/common/FrontendApplication.o
                0x08000620                touchgfx::Application::appSwitchScreen(unsigned char)
 .text._ZN19FrontendApplicationD2Ev
                0x08000622        0x2 TouchGFX/build/ST/STM32F429IDISCO/TouchGFX/gui/src/common/FrontendApplication.o
                0x08000622                FrontendApplication::~FrontendApplication()
                0x08000622                FrontendApplication::~FrontendApplication()
 .text._ZN19FrontendApplicationD0Ev
                0x08000624        0xc TouchGFX/build/ST/STM32F429IDISCO/TouchGFX/gui/src/common/FrontendApplication.o
                0x08000624                FrontendApplication::~FrontendApplication()
 .text._ZN19FrontendApplication15handleTickEventEv
                0x08000630       0x16 TouchGFX/build/ST/STM32F429IDISCO/TouchGFX/gui/src/common/FrontendApplication.o
                0x08000630                FrontendApplication::handleTickEvent()
 .text._ZN8touchgfx14MVPApplication29handlePendingScreenTransitionEv
                0x08000646       0x24 TouchGFX/build/ST/STM32F429IDISCO/TouchGFX/gui/src/common/FrontendApplication.o
                0x08000646                touchgfx::MVPApplication::handlePendingScreenTransition()
 *fill*         0x0800066a        0x2 
 .text._ZN19FrontendApplicationC2ER5ModelR12FrontendHeap
                0x0800066c       0x14 TouchGFX/build/ST/STM32F429IDISCO/TouchGFX/gui/src/common/FrontendApplication.o
                0x0800066c                FrontendApplication::FrontendApplication(Model&, FrontendHeap&)
                0x0800066c                FrontendApplication::FrontendApplication(Model&, FrontendHeap&)
 .text._ZN8touchgfx8Drawable11setPositionEssss
                0x08000680       0x28 TouchGFX/build/ST/STM32F429IDISCO/TouchGFX/generated/gui_generated/src/screen1_screen/Screen1ViewBase.o
                0x08000680                touchgfx::Drawable::setPosition(short, short, short, short)
 .text._ZN8touchgfx8Drawable4setXEs
                0x080006a8        0x4 TouchGFX/build/ST/STM32F429IDISCO/TouchGFX/generated/gui_generated/src/screen1_screen/Screen1ViewBase.o
                0x080006a8                touchgfx::Drawable::setX(short)
 .text._ZN8touchgfx8Drawable4setYEs
                0x080006ac        0x4 TouchGFX/build/ST/STM32F429IDISCO/TouchGFX/generated/gui_generated/src/screen1_screen/Screen1ViewBase.o
                0x080006ac                touchgfx::Drawable::setY(short)
 .text._ZN8touchgfx8Drawable5setXYEss
                0x080006b0       0x1a TouchGFX/build/ST/STM32F429IDISCO/TouchGFX/generated/gui_generated/src/screen1_screen/Screen1ViewBase.o
                0x080006b0                touchgfx::Drawable::setXY(short, short)
 .text._ZN8touchgfx8Drawable8setWidthEs
                0x080006ca        0x4 TouchGFX/build/ST/STM32F429IDISCO/TouchGFX/generated/gui_generated/src/screen1_screen/Screen1ViewBase.o
                0x080006ca                touchgfx::Drawable::setWidth(short)
 .text._ZN8touchgfx8Drawable9setHeightEs
                0x080006ce        0x4 TouchGFX/build/ST/STM32F429IDISCO/TouchGFX/generated/gui_generated/src/screen1_screen/Screen1ViewBase.o
                0x080006ce                touchgfx::Drawable::setHeight(short)
 .text._ZN8touchgfx8Drawable20childGeometryChangedEv
                0x080006d2        0x2 TouchGFX/build/ST/STM32F429IDISCO/TouchGFX/generated/gui_generated/src/screen1_screen/Screen1ViewBase.o
                0x080006d2                touchgfx::Drawable::childGeometryChanged()
 .text._ZN8touchgfx8Drawable16handleClickEventERKNS_10ClickEventE
                0x080006d4        0x2 TouchGFX/build/ST/STM32F429IDISCO/TouchGFX/generated/gui_generated/src/screen1_screen/Screen1ViewBase.o
                0x080006d4                touchgfx::Drawable::handleClickEvent(touchgfx::ClickEvent const&)
 .text._ZN8touchgfx8Drawable18handleGestureEventERKNS_12GestureEventE
                0x080006d6        0x2 TouchGFX/build/ST/STM32F429IDISCO/TouchGFX/generated/gui_generated/src/screen1_screen/Screen1ViewBase.o
                0x080006d6                touchgfx::Drawable::handleGestureEvent(touchgfx::GestureEvent const&)
 .text._ZN8touchgfx8Drawable15handleDragEventERKNS_9DragEventE
                0x080006d8        0x2 TouchGFX/build/ST/STM32F429IDISCO/TouchGFX/generated/gui_generated/src/screen1_screen/Screen1ViewBase.o
                0x080006d8                touchgfx::Drawable::handleDragEvent(touchgfx::DragEvent const&)
 .text._ZN8touchgfx8Drawable15handleTickEventEv
                0x080006da        0x2 TouchGFX/build/ST/STM32F429IDISCO/TouchGFX/generated/gui_generated/src/screen1_screen/Screen1ViewBase.o
                0x080006da                touchgfx::Drawable::handleTickEvent()
 .text._ZN8touchgfx8Drawable6moveToEss
                0x080006dc       0x18 TouchGFX/build/ST/STM32F429IDISCO/TouchGFX/generated/gui_generated/src/screen1_screen/Screen1ViewBase.o
                0x080006dc                touchgfx::Drawable::moveTo(short, short)
 .text._ZN8touchgfx8Drawable14setupDrawChainERKNS_4RectEPPS0_
                0x080006f4       0x12 TouchGFX/build/ST/STM32F429IDISCO/TouchGFX/generated/gui_generated/src/screen1_screen/Screen1ViewBase.o
                0x080006f4                touchgfx::Drawable::setupDrawChain(touchgfx::Rect const&, touchgfx::Drawable**)
 .text._ZN8touchgfx6Screen11setupScreenEv
                0x08000706        0x2 TouchGFX/build/ST/STM32F429IDISCO/TouchGFX/generated/gui_generated/src/screen1_screen/Screen1ViewBase.o
                0x08000706                touchgfx::Screen::setupScreen()
 .text._ZN8touchgfx6Screen14tearDownScreenEv
                0x08000708        0x2 TouchGFX/build/ST/STM32F429IDISCO/TouchGFX/generated/gui_generated/src/screen1_screen/Screen1ViewBase.o
                0x08000708                touchgfx::Screen::tearDownScreen()
 .text._ZN8touchgfx6Widget12getLastChildEssPPNS_8DrawableE
                0x0800070a       0x10 TouchGFX/build/ST/STM32F429IDISCO/TouchGFX/generated/gui_generated/src/screen1_screen/Screen1ViewBase.o
                0x0800070a                touchgfx::Widget::getLastChild(short, short, touchgfx::Drawable**)
 .text._ZN15Screen1ViewBaseD2Ev
                0x0800071a        0x2 TouchGFX/build/ST/STM32F429IDISCO/TouchGFX/generated/gui_generated/src/screen1_screen/Screen1ViewBase.o
                0x0800071a                Screen1ViewBase::~Screen1ViewBase()
                0x0800071a                Screen1ViewBase::~Screen1ViewBase()
 .text._ZN15Screen1ViewBase11setupScreenEv
                0x0800071c        0x2 TouchGFX/build/ST/STM32F429IDISCO/TouchGFX/generated/gui_generated/src/screen1_screen/Screen1ViewBase.o
                0x0800071c                Screen1ViewBase::setupScreen()
 .text._ZN15Screen1ViewBaseD0Ev
                0x0800071e        0xc TouchGFX/build/ST/STM32F429IDISCO/TouchGFX/generated/gui_generated/src/screen1_screen/Screen1ViewBase.o
                0x0800071e                Screen1ViewBase::~Screen1ViewBase()
 *fill*         0x0800072a        0x2 
 .text._ZN15Screen1ViewBaseC2Ev
                0x0800072c      0x134 TouchGFX/build/ST/STM32F429IDISCO/TouchGFX/generated/gui_generated/src/screen1_screen/Screen1ViewBase.o
                0x0800072c                Screen1ViewBase::Screen1ViewBase()
                0x0800072c                Screen1ViewBase::Screen1ViewBase()
 .text._ZN8touchgfx10Transition8tearDownEv
                0x08000860        0x2 TouchGFX/build/ST/STM32F429IDISCO/TouchGFX/generated/gui_generated/src/common/FrontendApplicationBase.o
                0x08000860                touchgfx::Transition::tearDown()
 .text._ZN8touchgfx10Transition4initEv
                0x08000862        0x2 TouchGFX/build/ST/STM32F429IDISCO/TouchGFX/generated/gui_generated/src/common/FrontendApplicationBase.o
                0x08000862                touchgfx::Transition::init()
 .text._ZN8touchgfx10Transition18setScreenContainerERNS_9ContainerE
                0x08000864        0x4 TouchGFX/build/ST/STM32F429IDISCO/TouchGFX/generated/gui_generated/src/common/FrontendApplicationBase.o
                0x08000864                touchgfx::Transition::setScreenContainer(touchgfx::Container&)
 .text._ZN23FrontendApplicationBaseD2Ev
                0x08000868        0x2 TouchGFX/build/ST/STM32F429IDISCO/TouchGFX/generated/gui_generated/src/common/FrontendApplicationBase.o
                0x08000868                FrontendApplicationBase::~FrontendApplicationBase()
                0x08000868                FrontendApplicationBase::~FrontendApplicationBase()
 .text._ZN8touchgfx12NoTransitionD2Ev
                0x0800086a        0x2 TouchGFX/build/ST/STM32F429IDISCO/TouchGFX/generated/gui_generated/src/common/FrontendApplicationBase.o
                0x0800086a                touchgfx::NoTransition::~NoTransition()
                0x0800086a                touchgfx::NoTransition::~NoTransition()
 .text._ZN8touchgfx12NoTransition15handleTickEventEv
                0x0800086c        0x6 TouchGFX/build/ST/STM32F429IDISCO/TouchGFX/generated/gui_generated/src/common/FrontendApplicationBase.o
                0x0800086c                touchgfx::NoTransition::handleTickEvent()
 .text._ZN8touchgfx8CallbackI23FrontendApplicationBasevvvED2Ev
                0x08000872        0x2 TouchGFX/build/ST/STM32F429IDISCO/TouchGFX/generated/gui_generated/src/common/FrontendApplicationBase.o
                0x08000872                touchgfx::Callback<FrontendApplicationBase, void, void, void>::~Callback()
                0x08000872                touchgfx::Callback<FrontendApplicationBase, void, void, void>::~Callback()
 .text._ZN8touchgfx8CallbackI23FrontendApplicationBasevvvE7executeEv
                0x08000874       0x1a TouchGFX/build/ST/STM32F429IDISCO/TouchGFX/generated/gui_generated/src/common/FrontendApplicationBase.o
                0x08000874                touchgfx::Callback<FrontendApplicationBase, void, void, void>::execute()
 .text._ZNK8touchgfx8CallbackI23FrontendApplicationBasevvvE7isValidEv
                0x0800088e       0x18 TouchGFX/build/ST/STM32F429IDISCO/TouchGFX/generated/gui_generated/src/common/FrontendApplicationBase.o
                0x0800088e                touchgfx::Callback<FrontendApplicationBase, void, void, void>::isValid() const
 .text._ZN8touchgfx12NoTransitionD0Ev
                0x080008a6        0xc TouchGFX/build/ST/STM32F429IDISCO/TouchGFX/generated/gui_generated/src/common/FrontendApplicationBase.o
                0x080008a6                touchgfx::NoTransition::~NoTransition()
 .text._ZN23FrontendApplicationBaseD0Ev
                0x080008b2        0xc TouchGFX/build/ST/STM32F429IDISCO/TouchGFX/generated/gui_generated/src/common/FrontendApplicationBase.o
                0x080008b2                FrontendApplicationBase::~FrontendApplicationBase()
 .text._ZN8touchgfx8CallbackI23FrontendApplicationBasevvvED0Ev
                0x080008be        0xc TouchGFX/build/ST/STM32F429IDISCO/TouchGFX/generated/gui_generated/src/common/FrontendApplicationBase.o
                0x080008be                touchgfx::Callback<FrontendApplicationBase, void, void, void>::~Callback()
 *fill*         0x080008ca        0x2 
 .text._ZN23FrontendApplicationBaseC2ER5ModelR12FrontendHeap
                0x080008cc       0x48 TouchGFX/build/ST/STM32F429IDISCO/TouchGFX/generated/gui_generated/src/common/FrontendApplicationBase.o
                0x080008cc                FrontendApplicationBase::FrontendApplicationBase(Model&, FrontendHeap&)
                0x080008cc                FrontendApplicationBase::FrontendApplicationBase(Model&, FrontendHeap&)
 .text._ZN23FrontendApplicationBase29gotoScreen1ScreenNoTransitionEv
                0x08000914       0x20 TouchGFX/build/ST/STM32F429IDISCO/TouchGFX/generated/gui_generated/src/common/FrontendApplicationBase.o
                0x08000914                FrontendApplicationBase::gotoScreen1ScreenNoTransition()
 .text._ZN8touchgfx14makeTransitionI11Screen1View16Screen1PresenterNS_12NoTransitionE5ModelEEPT0_PPNS_6ScreenEPPNS_9PresenterERNS_7MVPHeapEPPNS_10TransitionEPT2_
                0x08000934      0x140 TouchGFX/build/ST/STM32F429IDISCO/TouchGFX/generated/gui_generated/src/common/FrontendApplicationBase.o
                0x08000934                Screen1Presenter* touchgfx::makeTransition<Screen1View, Screen1Presenter, touchgfx::NoTransition, Model>(touchgfx::Screen**, touchgfx::Presenter**, touchgfx::MVPHeap&, touchgfx::Transition**, Model*)
 .text._ZN23FrontendApplicationBase33gotoScreen1ScreenNoTransitionImplEv
                0x08000a74       0x28 TouchGFX/build/ST/STM32F429IDISCO/TouchGFX/generated/gui_generated/src/common/FrontendApplicationBase.o
                0x08000a74                FrontendApplicationBase::gotoScreen1ScreenNoTransitionImpl()
 .text._ZN8touchgfx17InternalFlashFontD2Ev
                0x08000a9c        0x2 TouchGFX/build/ST/STM32F429IDISCO/TouchGFX/generated/fonts/src/FontGetters.o
                0x08000a9c                touchgfx::InternalFlashFont::~InternalFlashFont()
                0x08000a9c                touchgfx::InternalFlashFont::~InternalFlashFont()
 *fill*         0x08000a9e        0x2 
 .text._Z23getFont_verdana_10_4bppv
                0x08000aa0       0x70 TouchGFX/build/ST/STM32F429IDISCO/TouchGFX/generated/fonts/src/FontGetters.o
                0x08000aa0                getFont_verdana_10_4bpp()
 .text._Z23getFont_verdana_20_4bppv
                0x08000b10       0x70 TouchGFX/build/ST/STM32F429IDISCO/TouchGFX/generated/fonts/src/FontGetters.o
                0x08000b10                getFont_verdana_20_4bpp()
 .text._Z23getFont_verdana_40_4bppv
                0x08000b80       0x70 TouchGFX/build/ST/STM32F429IDISCO/TouchGFX/generated/fonts/src/FontGetters.o
                0x08000b80                getFont_verdana_40_4bpp()
 .text._ZN8touchgfx17InternalFlashFontD0Ev
                0x08000bf0        0xc TouchGFX/build/ST/STM32F429IDISCO/TouchGFX/generated/fonts/src/FontGetters.o
                0x08000bf0                touchgfx::InternalFlashFont::~InternalFlashFont()
 .text._ZN23ApplicationFontProviderD2Ev
                0x08000bfc        0x2 TouchGFX/build/ST/STM32F429IDISCO/TouchGFX/generated/fonts/src/ApplicationFontProvider.o
                0x08000bfc                ApplicationFontProvider::~ApplicationFontProvider()
                0x08000bfc                ApplicationFontProvider::~ApplicationFontProvider()
 .text._ZN23ApplicationFontProvider7getFontEt
                0x08000bfe       0x1a TouchGFX/build/ST/STM32F429IDISCO/TouchGFX/generated/fonts/src/ApplicationFontProvider.o
                0x08000bfe                ApplicationFontProvider::getFont(unsigned short)
 .text._ZN23ApplicationFontProviderD0Ev
                0x08000c18        0xc TouchGFX/build/ST/STM32F429IDISCO/TouchGFX/generated/fonts/src/ApplicationFontProvider.o
                0x08000c18                ApplicationFontProvider::~ApplicationFontProvider()
 .text._ZN14BitmapDatabase11getInstanceEv
                0x08000c24        0x8 TouchGFX/build/ST/STM32F429IDISCO/TouchGFX/generated/images/src/BitmapDatabase.o
                0x08000c24                BitmapDatabase::getInstance()
 .text._ZN14BitmapDatabase15getInstanceSizeEv
                0x08000c2c        0x4 TouchGFX/build/ST/STM32F429IDISCO/TouchGFX/generated/images/src/BitmapDatabase.o
                0x08000c2c                BitmapDatabase::getInstanceSize()
 .text._ZN17TypedTextDatabase11getInstanceEt
                0x08000c30        0x8 TouchGFX/build/ST/STM32F429IDISCO/TouchGFX/generated/texts/src/TypedTextDatabase.o
                0x08000c30                TypedTextDatabase::getInstance(unsigned short)
 .text._ZN17TypedTextDatabase15getInstanceSizeEv
                0x08000c38        0x4 TouchGFX/build/ST/STM32F429IDISCO/TouchGFX/generated/texts/src/TypedTextDatabase.o
                0x08000c38                TypedTextDatabase::getInstanceSize()
 .text._ZN17TypedTextDatabase8getFontsEv
                0x08000c3c        0x8 TouchGFX/build/ST/STM32F429IDISCO/TouchGFX/generated/texts/src/TypedTextDatabase.o
                0x08000c3c                TypedTextDatabase::getFonts()
 .text.startup._GLOBAL__sub_I__ZN17TypedTextDatabase11getInstanceEt
                0x08000c44       0x1c TouchGFX/build/ST/STM32F429IDISCO/TouchGFX/generated/texts/src/TypedTextDatabase.o
 .text._ZN8touchgfx5Texts11setLanguageEt
                0x08000c60       0x40 TouchGFX/build/ST/STM32F429IDISCO/TouchGFX/generated/texts/src/Texts.o
                0x08000c60                touchgfx::Texts::setLanguage(unsigned short)
 .text.startup._GLOBAL__sub_I__ZN8touchgfx4Font22getStringWidthFunctionE
                0x08000ca0        0xc TouchGFX/build/ST/STM32F429IDISCO/TouchGFX/generated/texts/src/Texts.o
 .text._ZN8touchgfx10OSWrappers10initializeEv
                0x08000cac       0x34 TouchGFX/build/ST/STM32F429IDISCO/../Middlewares/ST/TouchGFX/touchgfx/os/OSWrappers.o
                0x08000cac                touchgfx::OSWrappers::initialize()
 .text._ZN8touchgfx10OSWrappers24takeFrameBufferSemaphoreEv
                0x08000ce0       0x14 TouchGFX/build/ST/STM32F429IDISCO/../Middlewares/ST/TouchGFX/touchgfx/os/OSWrappers.o
                0x08000ce0                touchgfx::OSWrappers::takeFrameBufferSemaphore()
 .text._ZN8touchgfx10OSWrappers24giveFrameBufferSemaphoreEv
                0x08000cf4       0x14 TouchGFX/build/ST/STM32F429IDISCO/../Middlewares/ST/TouchGFX/touchgfx/os/OSWrappers.o
                0x08000cf4                touchgfx::OSWrappers::giveFrameBufferSemaphore()
 .text._ZN8touchgfx10OSWrappers27tryTakeFrameBufferSemaphoreEv
                0x08000d08       0x14 TouchGFX/build/ST/STM32F429IDISCO/../Middlewares/ST/TouchGFX/touchgfx/os/OSWrappers.o
                0x08000d08                touchgfx::OSWrappers::tryTakeFrameBufferSemaphore()
 .text._ZN8touchgfx10OSWrappers31giveFrameBufferSemaphoreFromISREv
                0x08000d1c       0x34 TouchGFX/build/ST/STM32F429IDISCO/../Middlewares/ST/TouchGFX/touchgfx/os/OSWrappers.o
                0x08000d1c                touchgfx::OSWrappers::giveFrameBufferSemaphoreFromISR()
 .text._ZN8touchgfx10OSWrappers12waitForVSyncEv
                0x08000d50       0x2c TouchGFX/build/ST/STM32F429IDISCO/../Middlewares/ST/TouchGFX/touchgfx/os/OSWrappers.o
                0x08000d50                touchgfx::OSWrappers::waitForVSync()
 .text._ZL7GUITaskPv
                0x08000d7c       0x10 TouchGFX/build/ST/STM32F429IDISCO/Core/Src/main.o
 .text._ZL9blinkTaskPv
                0x08000d8c       0x1c TouchGFX/build/ST/STM32F429IDISCO/Core/Src/main.o
 .text.startup.main
                0x08000da8       0x90 TouchGFX/build/ST/STM32F429IDISCO/Core/Src/main.o
                0x08000da8                main
 .text._ZN8touchgfx8LCD16bppD2Ev
                0x08000e38        0x2 TouchGFX/build/ST/STM32F429IDISCO/TouchGFX/target/BoardConfiguration.o
                0x08000e38                touchgfx::LCD16bpp::~LCD16bpp()
                0x08000e38                touchgfx::LCD16bpp::~LCD16bpp()
 .text._ZN10STM32F4HALD2Ev
                0x08000e3a        0x2 TouchGFX/build/ST/STM32F429IDISCO/TouchGFX/target/BoardConfiguration.o
                0x08000e3a                STM32F4HAL::~STM32F4HAL()
                0x08000e3a                STM32F4HAL::~STM32F4HAL()
 .text._ZN8touchgfx25CortexMMCUInstrumentationD2Ev
                0x08000e3c        0x2 TouchGFX/build/ST/STM32F429IDISCO/TouchGFX/target/BoardConfiguration.o
                0x08000e3c                touchgfx::CortexMMCUInstrumentation::~CortexMMCUInstrumentation()
                0x08000e3c                touchgfx::CortexMMCUInstrumentation::~CortexMMCUInstrumentation()
 .text._ZN8touchgfx24ResistiveTouchControllerD2Ev
                0x08000e3e        0x2 TouchGFX/build/ST/STM32F429IDISCO/TouchGFX/target/BoardConfiguration.o
                0x08000e3e                touchgfx::ResistiveTouchController::~ResistiveTouchController()
                0x08000e3e                touchgfx::ResistiveTouchController::~ResistiveTouchController()
 .text._ZNK8touchgfx9PartitionINS_4meta8TypeListINS_12NoTransitionENS2_INS1_3NilES4_EEEELt1EE8capacityEv
                0x08000e40        0x4 TouchGFX/build/ST/STM32F429IDISCO/TouchGFX/target/BoardConfiguration.o
                0x08000e40                touchgfx::Partition<touchgfx::meta::TypeList<touchgfx::NoTransition, touchgfx::meta::TypeList<touchgfx::meta::Nil, touchgfx::meta::Nil> >, (unsigned short)1>::capacity() const
 .text._ZN8touchgfx9PartitionINS_4meta8TypeListINS_12NoTransitionENS2_INS1_3NilES4_EEEELt1EE12element_sizeEv
                0x08000e44        0x4 TouchGFX/build/ST/STM32F429IDISCO/TouchGFX/target/BoardConfiguration.o
                0x08000e44                touchgfx::Partition<touchgfx::meta::TypeList<touchgfx::NoTransition, touchgfx::meta::TypeList<touchgfx::meta::Nil, touchgfx::meta::Nil> >, (unsigned short)1>::element_size()
 .text._ZN8touchgfx9PartitionINS_4meta8TypeListINS_12NoTransitionENS2_INS1_3NilES4_EEEELt1EE7elementEt
                0x08000e48        0xa TouchGFX/build/ST/STM32F429IDISCO/TouchGFX/target/BoardConfiguration.o
                0x08000e48                touchgfx::Partition<touchgfx::meta::TypeList<touchgfx::NoTransition, touchgfx::meta::TypeList<touchgfx::meta::Nil, touchgfx::meta::Nil> >, (unsigned short)1>::element(unsigned short)
 .text._ZNK8touchgfx9PartitionINS_4meta8TypeListINS_12NoTransitionENS2_INS1_3NilES4_EEEELt1EE7elementEt
                0x08000e52        0xa TouchGFX/build/ST/STM32F429IDISCO/TouchGFX/target/BoardConfiguration.o
                0x08000e52                touchgfx::Partition<touchgfx::meta::TypeList<touchgfx::NoTransition, touchgfx::meta::TypeList<touchgfx::meta::Nil, touchgfx::meta::Nil> >, (unsigned short)1>::element(unsigned short) const
 .text._ZNK8touchgfx9PartitionINS_4meta8TypeListI11Screen1ViewNS2_INS1_3NilES4_EEEELt1EE8capacityEv
                0x08000e5c        0x4 TouchGFX/build/ST/STM32F429IDISCO/TouchGFX/target/BoardConfiguration.o
                0x08000e5c                touchgfx::Partition<touchgfx::meta::TypeList<Screen1View, touchgfx::meta::TypeList<touchgfx::meta::Nil, touchgfx::meta::Nil> >, (unsigned short)1>::capacity() const
 .text._ZN8touchgfx9PartitionINS_4meta8TypeListI11Screen1ViewNS2_INS1_3NilES4_EEEELt1EE12element_sizeEv
                0x08000e60        0x4 TouchGFX/build/ST/STM32F429IDISCO/TouchGFX/target/BoardConfiguration.o
                0x08000e60                touchgfx::Partition<touchgfx::meta::TypeList<Screen1View, touchgfx::meta::TypeList<touchgfx::meta::Nil, touchgfx::meta::Nil> >, (unsigned short)1>::element_size()
 .text._ZN8touchgfx9PartitionINS_4meta8TypeListI11Screen1ViewNS2_INS1_3NilES4_EEEELt1EE7elementEt
                0x08000e64        0xa TouchGFX/build/ST/STM32F429IDISCO/TouchGFX/target/BoardConfiguration.o
                0x08000e64                touchgfx::Partition<touchgfx::meta::TypeList<Screen1View, touchgfx::meta::TypeList<touchgfx::meta::Nil, touchgfx::meta::Nil> >, (unsigned short)1>::element(unsigned short)
 .text._ZNK8touchgfx9PartitionINS_4meta8TypeListI11Screen1ViewNS2_INS1_3NilES4_EEEELt1EE7elementEt
                0x08000e6e        0xa TouchGFX/build/ST/STM32F429IDISCO/TouchGFX/target/BoardConfiguration.o
                0x08000e6e                touchgfx::Partition<touchgfx::meta::TypeList<Screen1View, touchgfx::meta::TypeList<touchgfx::meta::Nil, touchgfx::meta::Nil> >, (unsigned short)1>::element(unsigned short) const
 .text._ZNK8touchgfx9PartitionINS_4meta8TypeListI16Screen1PresenterNS2_INS1_3NilES4_EEEELt1EE8capacityEv
                0x08000e78        0x4 TouchGFX/build/ST/STM32F429IDISCO/TouchGFX/target/BoardConfiguration.o
                0x08000e78                touchgfx::Partition<touchgfx::meta::TypeList<Screen1Presenter, touchgfx::meta::TypeList<touchgfx::meta::Nil, touchgfx::meta::Nil> >, (unsigned short)1>::capacity() const
 .text._ZN8touchgfx9PartitionINS_4meta8TypeListI16Screen1PresenterNS2_INS1_3NilES4_EEEELt1EE12element_sizeEv
                0x08000e7c        0x4 TouchGFX/build/ST/STM32F429IDISCO/TouchGFX/target/BoardConfiguration.o
                0x08000e7c                touchgfx::Partition<touchgfx::meta::TypeList<Screen1Presenter, touchgfx::meta::TypeList<touchgfx::meta::Nil, touchgfx::meta::Nil> >, (unsigned short)1>::element_size()
 .text._ZN8touchgfx9PartitionINS_4meta8TypeListI16Screen1PresenterNS2_INS1_3NilES4_EEEELt1EE7elementEt
                0x08000e80        0x8 TouchGFX/build/ST/STM32F429IDISCO/TouchGFX/target/BoardConfiguration.o
                0x08000e80                touchgfx::Partition<touchgfx::meta::TypeList<Screen1Presenter, touchgfx::meta::TypeList<touchgfx::meta::Nil, touchgfx::meta::Nil> >, (unsigned short)1>::element(unsigned short)
 .text._ZNK8touchgfx9PartitionINS_4meta8TypeListI16Screen1PresenterNS2_INS1_3NilES4_EEEELt1EE7elementEt
                0x08000e88        0x8 TouchGFX/build/ST/STM32F429IDISCO/TouchGFX/target/BoardConfiguration.o
                0x08000e88                touchgfx::Partition<touchgfx::meta::TypeList<Screen1Presenter, touchgfx::meta::TypeList<touchgfx::meta::Nil, touchgfx::meta::Nil> >, (unsigned short)1>::element(unsigned short) const
 .text._ZN16FrontendHeapBase15gotoStartScreenER19FrontendApplication
                0x08000e90        0x6 TouchGFX/build/ST/STM32F429IDISCO/TouchGFX/target/BoardConfiguration.o
                0x08000e90                FrontendHeapBase::gotoStartScreen(FrontendApplication&)
 *fill*         0x08000e96        0x2 
 .text._ZN8touchgfx9PartitionINS_4meta8TypeListINS_12NoTransitionENS2_INS1_3NilES4_EEEELt1EED2Ev
                0x08000e98       0x14 TouchGFX/build/ST/STM32F429IDISCO/TouchGFX/target/BoardConfiguration.o
                0x08000e98                touchgfx::Partition<touchgfx::meta::TypeList<touchgfx::NoTransition, touchgfx::meta::TypeList<touchgfx::meta::Nil, touchgfx::meta::Nil> >, (unsigned short)1>::~Partition()
                0x08000e98                touchgfx::Partition<touchgfx::meta::TypeList<touchgfx::NoTransition, touchgfx::meta::TypeList<touchgfx::meta::Nil, touchgfx::meta::Nil> >, (unsigned short)1>::~Partition()
 .text._ZN8touchgfx9PartitionINS_4meta8TypeListINS_12NoTransitionENS2_INS1_3NilES4_EEEELt1EED0Ev
                0x08000eac       0x12 TouchGFX/build/ST/STM32F429IDISCO/TouchGFX/target/BoardConfiguration.o
                0x08000eac                touchgfx::Partition<touchgfx::meta::TypeList<touchgfx::NoTransition, touchgfx::meta::TypeList<touchgfx::meta::Nil, touchgfx::meta::Nil> >, (unsigned short)1>::~Partition()
 *fill*         0x08000ebe        0x2 
 .text._ZN8touchgfx9PartitionINS_4meta8TypeListI11Screen1ViewNS2_INS1_3NilES4_EEEELt1EED2Ev
                0x08000ec0       0x14 TouchGFX/build/ST/STM32F429IDISCO/TouchGFX/target/BoardConfiguration.o
                0x08000ec0                touchgfx::Partition<touchgfx::meta::TypeList<Screen1View, touchgfx::meta::TypeList<touchgfx::meta::Nil, touchgfx::meta::Nil> >, (unsigned short)1>::~Partition()
                0x08000ec0                touchgfx::Partition<touchgfx::meta::TypeList<Screen1View, touchgfx::meta::TypeList<touchgfx::meta::Nil, touchgfx::meta::Nil> >, (unsigned short)1>::~Partition()
 .text._ZN8touchgfx9PartitionINS_4meta8TypeListI11Screen1ViewNS2_INS1_3NilES4_EEEELt1EED0Ev
                0x08000ed4       0x12 TouchGFX/build/ST/STM32F429IDISCO/TouchGFX/target/BoardConfiguration.o
                0x08000ed4                touchgfx::Partition<touchgfx::meta::TypeList<Screen1View, touchgfx::meta::TypeList<touchgfx::meta::Nil, touchgfx::meta::Nil> >, (unsigned short)1>::~Partition()
 *fill*         0x08000ee6        0x2 
 .text._ZN8touchgfx9PartitionINS_4meta8TypeListI16Screen1PresenterNS2_INS1_3NilES4_EEEELt1EED2Ev
                0x08000ee8       0x14 TouchGFX/build/ST/STM32F429IDISCO/TouchGFX/target/BoardConfiguration.o
                0x08000ee8                touchgfx::Partition<touchgfx::meta::TypeList<Screen1Presenter, touchgfx::meta::TypeList<touchgfx::meta::Nil, touchgfx::meta::Nil> >, (unsigned short)1>::~Partition()
                0x08000ee8                touchgfx::Partition<touchgfx::meta::TypeList<Screen1Presenter, touchgfx::meta::TypeList<touchgfx::meta::Nil, touchgfx::meta::Nil> >, (unsigned short)1>::~Partition()
 .text._ZN8touchgfx9PartitionINS_4meta8TypeListI16Screen1PresenterNS2_INS1_3NilES4_EEEELt1EED0Ev
                0x08000efc       0x12 TouchGFX/build/ST/STM32F429IDISCO/TouchGFX/target/BoardConfiguration.o
                0x08000efc                touchgfx::Partition<touchgfx::meta::TypeList<Screen1Presenter, touchgfx::meta::TypeList<touchgfx::meta::Nil, touchgfx::meta::Nil> >, (unsigned short)1>::~Partition()
 *fill*         0x08000f0e        0x2 
 .text._ZN12FrontendHeapD2Ev
                0x08000f10       0x28 TouchGFX/build/ST/STM32F429IDISCO/TouchGFX/target/BoardConfiguration.o
                0x08000f10                FrontendHeap::~FrontendHeap()
                0x08000f10                FrontendHeap::~FrontendHeap()
 .text._ZN12FrontendHeapD0Ev
                0x08000f38       0x12 TouchGFX/build/ST/STM32F429IDISCO/TouchGFX/target/BoardConfiguration.o
                0x08000f38                FrontendHeap::~FrontendHeap()
 .text._ZN8touchgfx8LCD16bppD0Ev
                0x08000f4a        0xc TouchGFX/build/ST/STM32F429IDISCO/TouchGFX/target/BoardConfiguration.o
                0x08000f4a                touchgfx::LCD16bpp::~LCD16bpp()
 *fill*         0x08000f56        0x2 
 .text.LCD_GetXSize
                0x08000f58       0x10 TouchGFX/build/ST/STM32F429IDISCO/TouchGFX/target/BoardConfiguration.o
                0x08000f58                LCD_GetXSize
 .text.LCD_GetYSize
                0x08000f68       0x10 TouchGFX/build/ST/STM32F429IDISCO/TouchGFX/target/BoardConfiguration.o
                0x08000f68                LCD_GetYSize
 .text._ZN8touchgfx7hw_initEv
                0x08000f78      0x2b8 TouchGFX/build/ST/STM32F429IDISCO/TouchGFX/target/BoardConfiguration.o
                0x08000f78                touchgfx::hw_init()
 .text._ZN8touchgfx21touchgfx_generic_initI10STM32F4HALEERNS_3HALERNS_13DMA_InterfaceERNS_3LCDERNS_15TouchControllerEssPtmm
                0x08001230      0x1e0 TouchGFX/build/ST/STM32F429IDISCO/TouchGFX/target/BoardConfiguration.o
                0x08001230                touchgfx::HAL& touchgfx::touchgfx_generic_init<STM32F4HAL>(touchgfx::DMA_Interface&, touchgfx::LCD&, touchgfx::TouchController&, short, short, unsigned short*, unsigned long, unsigned long)
 .text._ZN8touchgfx13touchgfx_initEv
                0x08001410       0x70 TouchGFX/build/ST/STM32F429IDISCO/TouchGFX/target/BoardConfiguration.o
                0x08001410                touchgfx::touchgfx_init()
 .text._ZN10STM32F4HALD0Ev
                0x08001480        0xc TouchGFX/build/ST/STM32F429IDISCO/TouchGFX/target/BoardConfiguration.o
                0x08001480                STM32F4HAL::~STM32F4HAL()
 .text._ZN8touchgfx25CortexMMCUInstrumentationD0Ev
                0x0800148c        0xc TouchGFX/build/ST/STM32F429IDISCO/TouchGFX/target/BoardConfiguration.o
                0x0800148c                touchgfx::CortexMMCUInstrumentation::~CortexMMCUInstrumentation()
 .text._ZN8touchgfx24ResistiveTouchControllerD0Ev
                0x08001498        0xc TouchGFX/build/ST/STM32F429IDISCO/TouchGFX/target/BoardConfiguration.o
                0x08001498                touchgfx::ResistiveTouchController::~ResistiveTouchController()
 .text.startup._GLOBAL__sub_I_os_inited
                0x080014a4       0x7c TouchGFX/build/ST/STM32F429IDISCO/TouchGFX/target/BoardConfiguration.o
 .text._ZN8touchgfx18MCUInstrumentation13getCCConsumedEv
                0x08001520        0x4 TouchGFX/build/ST/STM32F429IDISCO/TouchGFX/target/CortexMMCUInstrumentation.o
                0x08001520                touchgfx::MCUInstrumentation::getCCConsumed()
 .text._ZN8touchgfx18MCUInstrumentation13setCCConsumedEm
                0x08001524        0x4 TouchGFX/build/ST/STM32F429IDISCO/TouchGFX/target/CortexMMCUInstrumentation.o
                0x08001524                touchgfx::MCUInstrumentation::setCCConsumed(unsigned long)
 .text._ZN8touchgfx25CortexMMCUInstrumentation4initEv
                0x08001528       0x20 TouchGFX/build/ST/STM32F429IDISCO/TouchGFX/target/CortexMMCUInstrumentation.o
                0x08001528                touchgfx::CortexMMCUInstrumentation::init()
 .text._ZN8touchgfx25CortexMMCUInstrumentation12getElapsedUSEjjj
                0x08001548        0xc TouchGFX/build/ST/STM32F429IDISCO/TouchGFX/target/CortexMMCUInstrumentation.o
                0x08001548                touchgfx::CortexMMCUInstrumentation::getElapsedUS(unsigned int, unsigned int, unsigned int)
 .text._ZN8touchgfx25CortexMMCUInstrumentation12getCPUCyclesEv
                0x08001554        0xc TouchGFX/build/ST/STM32F429IDISCO/TouchGFX/target/CortexMMCUInstrumentation.o
                0x08001554                touchgfx::CortexMMCUInstrumentation::getCPUCycles()
 .text._ZN8touchgfx25CortexMMCUInstrumentation12setMCUActiveEb
                0x08001560       0x1e TouchGFX/build/ST/STM32F429IDISCO/TouchGFX/target/CortexMMCUInstrumentation.o
                0x08001560                touchgfx::CortexMMCUInstrumentation::setMCUActive(bool)
 *fill*         0x0800157e        0x2 
 .text._ZN8touchgfx4GPIO3setENS0_7GPIO_IDE
                0x08001580       0x18 TouchGFX/build/ST/STM32F429IDISCO/TouchGFX/target/GPIO.o
                0x08001580                touchgfx::GPIO::set(touchgfx::GPIO::GPIO_ID)
 .text._ZN8touchgfx4GPIO5clearENS0_7GPIO_IDE
                0x08001598       0x18 TouchGFX/build/ST/STM32F429IDISCO/TouchGFX/target/GPIO.o
                0x08001598                touchgfx::GPIO::clear(touchgfx::GPIO::GPIO_ID)
 .text._ZN8touchgfx4GPIO4initEv
                0x080015b0       0x1e TouchGFX/build/ST/STM32F429IDISCO/TouchGFX/target/GPIO.o
                0x080015b0                touchgfx::GPIO::init()
 *fill*         0x080015ce        0x2 
 .text._ZN8touchgfx4GPIO6toggleENS0_7GPIO_IDE
                0x080015d0       0x14 TouchGFX/build/ST/STM32F429IDISCO/TouchGFX/target/GPIO.o
                0x080015d0                touchgfx::GPIO::toggle(touchgfx::GPIO::GPIO_ID)
 .text._ZN8touchgfx24ResistiveTouchController4initEv
                0x080015e4       0x18 TouchGFX/build/ST/STM32F429IDISCO/TouchGFX/target/ResistiveTouchController.o
                0x080015e4                touchgfx::ResistiveTouchController::init()
 .text._ZN8touchgfx24ResistiveTouchController11sampleTouchERlS1_
                0x080015fc       0x24 TouchGFX/build/ST/STM32F429IDISCO/TouchGFX/target/ResistiveTouchController.o
                0x080015fc                touchgfx::ResistiveTouchController::sampleTouch(long&, long&)
 .text._ZN8touchgfx13DMA_Interface5flushEv
                0x08001620        0x6 TouchGFX/build/ST/STM32F429IDISCO/TouchGFX/target/STM32F4DMA.o
                0x08001620                touchgfx::DMA_Interface::flush()
 .text._ZN10STM32F4DMA18signalDMAInterruptEv
                0x08001626        0x6 TouchGFX/build/ST/STM32F429IDISCO/TouchGFX/target/STM32F4DMA.o
                0x08001626                STM32F4DMA::signalDMAInterrupt()
 .text.DMA2D_XferErrorCallback
                0x0800162c        0x2 TouchGFX/build/ST/STM32F429IDISCO/TouchGFX/target/STM32F4DMA.o
 *fill*         0x0800162e        0x2 
 .text._ZN10STM32F4DMA11getBlitCapsEv
                0x08001630       0x14 TouchGFX/build/ST/STM32F429IDISCO/TouchGFX/target/STM32F4DMA.o
                0x08001630                STM32F4DMA::getBlitCaps()
 .text._ZN10STM32F4DMAD2Ev
                0x08001644       0x28 TouchGFX/build/ST/STM32F429IDISCO/TouchGFX/target/STM32F4DMA.o
                0x08001644                STM32F4DMA::~STM32F4DMA()
                0x08001644                STM32F4DMA::~STM32F4DMA()
 .text._ZN10STM32F4DMAD0Ev
                0x0800166c       0x12 TouchGFX/build/ST/STM32F429IDISCO/TouchGFX/target/STM32F4DMA.o
                0x0800166c                STM32F4DMA::~STM32F4DMA()
 *fill*         0x0800167e        0x2 
 .text._ZN10STM32F4DMA10initializeEv
                0x08001680       0x34 TouchGFX/build/ST/STM32F429IDISCO/TouchGFX/target/STM32F4DMA.o
                0x08001680                STM32F4DMA::initialize()
 .text.DMA2D_XferCpltCallback
                0x080016b4       0x10 TouchGFX/build/ST/STM32F429IDISCO/TouchGFX/target/STM32F4DMA.o
 .text._ZN10STM32F4DMA13setupDataCopyERKN8touchgfx6BlitOpE
                0x080016c4      0x1ac TouchGFX/build/ST/STM32F429IDISCO/TouchGFX/target/STM32F4DMA.o
                0x080016c4                STM32F4DMA::setupDataCopy(touchgfx::BlitOp const&)
 .text._ZN10STM32F4DMA13setupDataFillERKN8touchgfx6BlitOpE
                0x08001870      0x10c TouchGFX/build/ST/STM32F429IDISCO/TouchGFX/target/STM32F4DMA.o
                0x08001870                STM32F4DMA::setupDataFill(touchgfx::BlitOp const&)
 .text._ZN10STM32F4DMAC2Ev
                0x0800197c       0x34 TouchGFX/build/ST/STM32F429IDISCO/TouchGFX/target/STM32F4DMA.o
                0x0800197c                STM32F4DMA::STM32F4DMA()
                0x0800197c                STM32F4DMA::STM32F4DMA()
 .text._ZN8touchgfx3HAL21setDisplayOrientationENS_18DisplayOrientationE
                0x080019b0        0xc TouchGFX/build/ST/STM32F429IDISCO/TouchGFX/target/STM32F4HAL.o
                0x080019b0                touchgfx::HAL::setDisplayOrientation(touchgfx::DisplayOrientation)
 .text._ZN8touchgfx3HAL11getBlitCapsEv
                0x080019bc        0x8 TouchGFX/build/ST/STM32F429IDISCO/TouchGFX/target/STM32F4HAL.o
                0x080019bc                touchgfx::HAL::getBlitCaps()
 .text._ZN8touchgfx3HAL9sampleKeyERh
                0x080019c4        0x4 TouchGFX/build/ST/STM32F429IDISCO/TouchGFX/target/STM32F4HAL.o
                0x080019c4                touchgfx::HAL::sampleKey(unsigned char&)
 .text._ZN8touchgfx3HAL9taskDelayEt
                0x080019c8        0xa TouchGFX/build/ST/STM32F429IDISCO/TouchGFX/target/STM32F4HAL.o
                0x080019c8                touchgfx::HAL::taskDelay(unsigned short)
 *fill*         0x080019d2        0x2 
 .text._ZNK10STM32F4HAL17getTFTFrameBufferEv
                0x080019d4        0xc TouchGFX/build/ST/STM32F429IDISCO/TouchGFX/target/STM32F4HAL.o
                0x080019d4                STM32F4HAL::getTFTFrameBuffer() const
 .text._ZN10STM32F4HAL17setTFTFrameBufferEPt
                0x080019e0       0x10 TouchGFX/build/ST/STM32F429IDISCO/TouchGFX/target/STM32F4HAL.o
                0x080019e0                STM32F4HAL::setTFTFrameBuffer(unsigned short*)
 .text._ZN10STM32F4HAL17getTFTCurrentLineEv
                0x080019f0       0x20 TouchGFX/build/ST/STM32F429IDISCO/TouchGFX/target/STM32F4HAL.o
                0x080019f0                STM32F4HAL::getTFTCurrentLine()
 .text._ZN10STM32F4HAL19configureInterruptsEv
                0x08001a10       0x14 TouchGFX/build/ST/STM32F429IDISCO/TouchGFX/target/STM32F4HAL.o
                0x08001a10                STM32F4HAL::configureInterrupts()
 .text._ZN10STM32F4HAL28enableLCDControllerInterruptEv
                0x08001a24       0x30 TouchGFX/build/ST/STM32F429IDISCO/TouchGFX/target/STM32F4HAL.o
                0x08001a24                STM32F4HAL::enableLCDControllerInterrupt()
 .text._ZN10STM32F4HAL17disableInterruptsEv
                0x08001a54       0x20 TouchGFX/build/ST/STM32F429IDISCO/TouchGFX/target/STM32F4HAL.o
                0x08001a54                STM32F4HAL::disableInterrupts()
 .text._ZN10STM32F4HAL16enableInterruptsEv
                0x08001a74       0x1c TouchGFX/build/ST/STM32F429IDISCO/TouchGFX/target/STM32F4HAL.o
                0x08001a74                STM32F4HAL::enableInterrupts()
 .text._ZN8touchgfx3HAL15backPorchExitedEv
                0x08001a90       0x16 TouchGFX/build/ST/STM32F429IDISCO/TouchGFX/target/STM32F4HAL.o
                0x08001a90                touchgfx::HAL::backPorchExited()
 *fill*         0x08001aa6        0x2 
 .text._ZN8touchgfx3HAL28setFrameBufferStartAddressesEPvS1_S1_
                0x08001aa8       0x44 TouchGFX/build/ST/STM32F429IDISCO/TouchGFX/target/STM32F4HAL.o
                0x08001aa8                touchgfx::HAL::setFrameBufferStartAddresses(void*, void*, void*)
 .text._ZN8touchgfx3HAL26setFrameBufferStartAddressEPvtbb
                0x08001aec       0x84 TouchGFX/build/ST/STM32F429IDISCO/TouchGFX/target/STM32F4HAL.o
                0x08001aec                touchgfx::HAL::setFrameBufferStartAddress(void*, unsigned short, bool, bool)
 .text._ZN8touchgfx3HAL31performDisplayOrientationChangeEv
                0x08001b70       0x60 TouchGFX/build/ST/STM32F429IDISCO/TouchGFX/target/STM32F4HAL.o
                0x08001b70                touchgfx::HAL::performDisplayOrientationChange()
 .text.vListInitialise
                0x08001bd0       0x16 TouchGFX/build/ST/STM32F429IDISCO/../Middlewares/Third_Party/FreeRTOS/Source/list.o
                0x08001bd0                vListInitialise
 .text.vListInitialiseItem
                0x08001be6        0x6 TouchGFX/build/ST/STM32F429IDISCO/../Middlewares/Third_Party/FreeRTOS/Source/list.o
                0x08001be6                vListInitialiseItem
 .text.vListInsertEnd
                0x08001bec       0x18 TouchGFX/build/ST/STM32F429IDISCO/../Middlewares/Third_Party/FreeRTOS/Source/list.o
                0x08001bec                vListInsertEnd
 .text.vListInsert
                0x08001c04       0x2e TouchGFX/build/ST/STM32F429IDISCO/../Middlewares/Third_Party/FreeRTOS/Source/list.o
                0x08001c04                vListInsert
 .text.uxListRemove
                0x08001c32       0x24 TouchGFX/build/ST/STM32F429IDISCO/../Middlewares/Third_Party/FreeRTOS/Source/list.o
                0x08001c32                uxListRemove
 .text.unlikely.prvCopyDataToQueue
                0x08001c56       0x66 TouchGFX/build/ST/STM32F429IDISCO/../Middlewares/Third_Party/FreeRTOS/Source/queue.o
 .text.unlikely.prvCopyDataFromQueue
                0x08001cbc       0x2a TouchGFX/build/ST/STM32F429IDISCO/../Middlewares/Third_Party/FreeRTOS/Source/queue.o
 .text.prvUnlockQueue
                0x08001ce6       0x70 TouchGFX/build/ST/STM32F429IDISCO/../Middlewares/Third_Party/FreeRTOS/Source/queue.o
 *fill*         0x08001d56        0x2 
 .text.xQueueGenericReset
                0x08001d58       0x80 TouchGFX/build/ST/STM32F429IDISCO/../Middlewares/Third_Party/FreeRTOS/Source/queue.o
                0x08001d58                xQueueGenericReset
 .text.xQueueGenericCreate
                0x08001dd8       0x48 TouchGFX/build/ST/STM32F429IDISCO/../Middlewares/Third_Party/FreeRTOS/Source/queue.o
                0x08001dd8                xQueueGenericCreate
 .text.xQueueGenericSend
                0x08001e20      0x16c TouchGFX/build/ST/STM32F429IDISCO/../Middlewares/Third_Party/FreeRTOS/Source/queue.o
                0x08001e20                xQueueGenericSend
 .text.xQueueGenericSendFromISR
                0x08001f8c       0xc4 TouchGFX/build/ST/STM32F429IDISCO/../Middlewares/Third_Party/FreeRTOS/Source/queue.o
                0x08001f8c                xQueueGenericSendFromISR
 .text.xQueueGiveFromISR
                0x08002050       0xa8 TouchGFX/build/ST/STM32F429IDISCO/../Middlewares/Third_Party/FreeRTOS/Source/queue.o
                0x08002050                xQueueGiveFromISR
 .text.xQueueGenericReceive
                0x080020f8      0x188 TouchGFX/build/ST/STM32F429IDISCO/../Middlewares/Third_Party/FreeRTOS/Source/queue.o
                0x080020f8                xQueueGenericReceive
 .text.vQueueAddToRegistry
                0x08002280       0x24 TouchGFX/build/ST/STM32F429IDISCO/../Middlewares/Third_Party/FreeRTOS/Source/queue.o
                0x08002280                vQueueAddToRegistry
 .text.vQueueWaitForMessageRestricted
                0x080022a4       0x46 TouchGFX/build/ST/STM32F429IDISCO/../Middlewares/Third_Party/FreeRTOS/Source/queue.o
                0x080022a4                vQueueWaitForMessageRestricted
 *fill*         0x080022ea        0x2 
 .text.prvResetNextTaskUnblockTime
                0x080022ec       0x24 TouchGFX/build/ST/STM32F429IDISCO/../Middlewares/Third_Party/FreeRTOS/Source/tasks.o
 .text.prvAddCurrentTaskToDelayedList
                0x08002310       0x8c TouchGFX/build/ST/STM32F429IDISCO/../Middlewares/Third_Party/FreeRTOS/Source/tasks.o
 .text.vTaskSetTimeOutState.part.6
                0x0800239c       0x12 TouchGFX/build/ST/STM32F429IDISCO/../Middlewares/Third_Party/FreeRTOS/Source/tasks.o
 *fill*         0x080023ae        0x2 
 .text.xTaskCreate
                0x080023b0      0x1b0 TouchGFX/build/ST/STM32F429IDISCO/../Middlewares/Third_Party/FreeRTOS/Source/tasks.o
                0x080023b0                xTaskCreate
 .text.vTaskStartScheduler
                0x08002560       0x80 TouchGFX/build/ST/STM32F429IDISCO/../Middlewares/Third_Party/FreeRTOS/Source/tasks.o
                0x08002560                vTaskStartScheduler
 .text.vTaskSuspendAll
                0x080025e0       0x10 TouchGFX/build/ST/STM32F429IDISCO/../Middlewares/Third_Party/FreeRTOS/Source/tasks.o
                0x080025e0                vTaskSuspendAll
 .text.xTaskGetTickCount
                0x080025f0        0xc TouchGFX/build/ST/STM32F429IDISCO/../Middlewares/Third_Party/FreeRTOS/Source/tasks.o
                0x080025f0                xTaskGetTickCount
 .text.xTaskIncrementTick
                0x080025fc      0x124 TouchGFX/build/ST/STM32F429IDISCO/../Middlewares/Third_Party/FreeRTOS/Source/tasks.o
                0x080025fc                xTaskIncrementTick
 .text.xTaskResumeAll
                0x08002720       0xf0 TouchGFX/build/ST/STM32F429IDISCO/../Middlewares/Third_Party/FreeRTOS/Source/tasks.o
                0x08002720                xTaskResumeAll
 .text.prvIdleTask
                0x08002810       0x74 TouchGFX/build/ST/STM32F429IDISCO/../Middlewares/Third_Party/FreeRTOS/Source/tasks.o
 .text.vTaskSwitchContext
                0x08002884       0x74 TouchGFX/build/ST/STM32F429IDISCO/../Middlewares/Third_Party/FreeRTOS/Source/tasks.o
                0x08002884                vTaskSwitchContext
 .text.vTaskPlaceOnEventList
                0x080028f8       0x34 TouchGFX/build/ST/STM32F429IDISCO/../Middlewares/Third_Party/FreeRTOS/Source/tasks.o
                0x080028f8                vTaskPlaceOnEventList
 .text.vTaskPlaceOnEventListRestricted
                0x0800292c       0x3c TouchGFX/build/ST/STM32F429IDISCO/../Middlewares/Third_Party/FreeRTOS/Source/tasks.o
                0x0800292c                vTaskPlaceOnEventListRestricted
 .text.xTaskRemoveFromEventList
                0x08002968       0x84 TouchGFX/build/ST/STM32F429IDISCO/../Middlewares/Third_Party/FreeRTOS/Source/tasks.o
                0x08002968                xTaskRemoveFromEventList
 .text.vTaskSetTimeOutState
                0x080029ec       0x20 TouchGFX/build/ST/STM32F429IDISCO/../Middlewares/Third_Party/FreeRTOS/Source/tasks.o
                0x080029ec                vTaskSetTimeOutState
 .text.xTaskCheckForTimeOut
                0x08002a0c       0x74 TouchGFX/build/ST/STM32F429IDISCO/../Middlewares/Third_Party/FreeRTOS/Source/tasks.o
                0x08002a0c                xTaskCheckForTimeOut
 .text.vTaskMissedYield
                0x08002a80        0xc TouchGFX/build/ST/STM32F429IDISCO/../Middlewares/Third_Party/FreeRTOS/Source/tasks.o
                0x08002a80                vTaskMissedYield
 .text.xTaskGetSchedulerState
                0x08002a8c       0x20 TouchGFX/build/ST/STM32F429IDISCO/../Middlewares/Third_Party/FreeRTOS/Source/tasks.o
                0x08002a8c                xTaskGetSchedulerState
 .text.vTaskPriorityInherit
                0x08002aac       0x8c TouchGFX/build/ST/STM32F429IDISCO/../Middlewares/Third_Party/FreeRTOS/Source/tasks.o
                0x08002aac                vTaskPriorityInherit
 .text.xTaskPriorityDisinherit
                0x08002b38       0xa0 TouchGFX/build/ST/STM32F429IDISCO/../Middlewares/Third_Party/FreeRTOS/Source/tasks.o
                0x08002b38                xTaskPriorityDisinherit
 .text.pvTaskIncrementMutexHeldCount
                0x08002bd8       0x18 TouchGFX/build/ST/STM32F429IDISCO/../Middlewares/Third_Party/FreeRTOS/Source/tasks.o
                0x08002bd8                pvTaskIncrementMutexHeldCount
 .text.prvCheckForValidListAndQueue
                0x08002bf0       0x58 TouchGFX/build/ST/STM32F429IDISCO/../Middlewares/Third_Party/FreeRTOS/Source/timers.o
 .text.prvInsertTimerInActiveList
                0x08002c48       0x3c TouchGFX/build/ST/STM32F429IDISCO/../Middlewares/Third_Party/FreeRTOS/Source/timers.o
 .text.xTimerCreateTimerTask
                0x08002c84       0x4c TouchGFX/build/ST/STM32F429IDISCO/../Middlewares/Third_Party/FreeRTOS/Source/timers.o
                0x08002c84                xTimerCreateTimerTask
 .text.xTimerGenericCommand
                0x08002cd0       0x58 TouchGFX/build/ST/STM32F429IDISCO/../Middlewares/Third_Party/FreeRTOS/Source/timers.o
                0x08002cd0                xTimerGenericCommand
 .text.prvSwitchTimerLists
                0x08002d28       0x7c TouchGFX/build/ST/STM32F429IDISCO/../Middlewares/Third_Party/FreeRTOS/Source/timers.o
 .text.prvTimerTask
                0x08002da4      0x1cc TouchGFX/build/ST/STM32F429IDISCO/../Middlewares/Third_Party/FreeRTOS/Source/timers.o
 .text.pvPortMalloc
                0x08002f70       0xb8 TouchGFX/build/ST/STM32F429IDISCO/../Middlewares/Third_Party/FreeRTOS/Source/portable/MemMang/heap_2.o
                0x08002f70                pvPortMalloc
 .text.vPortFree
                0x08003028       0x44 TouchGFX/build/ST/STM32F429IDISCO/../Middlewares/Third_Party/FreeRTOS/Source/portable/MemMang/heap_2.o
                0x08003028                vPortFree
 .text.prvTaskExitError
                0x0800306c       0x30 TouchGFX/build/ST/STM32F429IDISCO/../Middlewares/Third_Party/FreeRTOS/Source/portable/GCC/ARM_CM4F/port.o
 .text.prvPortStartFirstTask
                0x0800309c       0x20 TouchGFX/build/ST/STM32F429IDISCO/../Middlewares/Third_Party/FreeRTOS/Source/portable/GCC/ARM_CM4F/port.o
 .text.vPortEnableVFP
                0x080030bc       0x14 TouchGFX/build/ST/STM32F429IDISCO/../Middlewares/Third_Party/FreeRTOS/Source/portable/GCC/ARM_CM4F/port.o
 .text.pxPortInitialiseStack
                0x080030d0       0x2c TouchGFX/build/ST/STM32F429IDISCO/../Middlewares/Third_Party/FreeRTOS/Source/portable/GCC/ARM_CM4F/port.o
                0x080030d0                pxPortInitialiseStack
 *fill*         0x080030fc        0x4 
 .text.SVC_Handler
                0x08003100       0x24 TouchGFX/build/ST/STM32F429IDISCO/../Middlewares/Third_Party/FreeRTOS/Source/portable/GCC/ARM_CM4F/port.o
                0x08003100                SVC_Handler
 .text.vPortEnterCritical
                0x08003124       0x44 TouchGFX/build/ST/STM32F429IDISCO/../Middlewares/Third_Party/FreeRTOS/Source/portable/GCC/ARM_CM4F/port.o
                0x08003124                vPortEnterCritical
 .text.vPortExitCritical
                0x08003168       0x28 TouchGFX/build/ST/STM32F429IDISCO/../Middlewares/Third_Party/FreeRTOS/Source/portable/GCC/ARM_CM4F/port.o
                0x08003168                vPortExitCritical
 .text.PendSV_Handler
                0x08003190       0x64 TouchGFX/build/ST/STM32F429IDISCO/../Middlewares/Third_Party/FreeRTOS/Source/portable/GCC/ARM_CM4F/port.o
                0x08003190                PendSV_Handler
 .text.OS_SysTick
                0x080031f4       0x2c TouchGFX/build/ST/STM32F429IDISCO/../Middlewares/Third_Party/FreeRTOS/Source/portable/GCC/ARM_CM4F/port.o
                0x080031f4                OS_SysTick
 .text.vPortSetupTimerInterrupt
                0x08003220       0x28 TouchGFX/build/ST/STM32F429IDISCO/../Middlewares/Third_Party/FreeRTOS/Source/portable/GCC/ARM_CM4F/port.o
                0x08003220                vPortSetupTimerInterrupt
 .text.xPortStartScheduler
                0x08003248       0xec TouchGFX/build/ST/STM32F429IDISCO/../Middlewares/Third_Party/FreeRTOS/Source/portable/GCC/ARM_CM4F/port.o
                0x08003248                xPortStartScheduler
 .text.vPortValidateInterruptPriority
                0x08003334       0x5c TouchGFX/build/ST/STM32F429IDISCO/../Middlewares/Third_Party/FreeRTOS/Source/portable/GCC/ARM_CM4F/port.o
                0x08003334                vPortValidateInterruptPriority
 .text.HAL_InitTick
                0x08003390       0x88 TouchGFX/build/ST/STM32F429IDISCO/Core/Src/stm32f4xx_hal_timebase_tim.o
                0x08003390                HAL_InitTick
 .text.HAL_TIM_PeriodElapsedCallback
                0x08003418        0x4 TouchGFX/build/ST/STM32F429IDISCO/Core/Src/stm32f4xx_hal_timebase_tim.o
                0x08003418                HAL_TIM_PeriodElapsedCallback
 .text.TIM6_DAC_IRQHandler
                0x0800341c        0xc TouchGFX/build/ST/STM32F429IDISCO/Core/Src/stm32f4xx_hal_timebase_tim.o
                0x0800341c                TIM6_DAC_IRQHandler
 .text.NMI_Handler
                0x08003428        0x2 TouchGFX/build/ST/STM32F429IDISCO/Core/Src/stm32f4xx_it.o
                0x08003428                NMI_Handler
 .text.HardFault_Handler
                0x0800342a        0x2 TouchGFX/build/ST/STM32F429IDISCO/Core/Src/stm32f4xx_it.o
                0x0800342a                HardFault_Handler
 .text.MemManage_Handler
                0x0800342c        0x2 TouchGFX/build/ST/STM32F429IDISCO/Core/Src/stm32f4xx_it.o
                0x0800342c                MemManage_Handler
 .text.BusFault_Handler
                0x0800342e        0x2 TouchGFX/build/ST/STM32F429IDISCO/Core/Src/stm32f4xx_it.o
                0x0800342e                BusFault_Handler
 .text.UsageFault_Handler
                0x08003430        0x2 TouchGFX/build/ST/STM32F429IDISCO/Core/Src/stm32f4xx_it.o
                0x08003430                UsageFault_Handler
 .text.DebugMon_Handler
                0x08003432        0x2 TouchGFX/build/ST/STM32F429IDISCO/Core/Src/stm32f4xx_it.o
                0x08003432                DebugMon_Handler
 .text.SysTick_Handler
                0x08003434       0x10 TouchGFX/build/ST/STM32F429IDISCO/Core/Src/stm32f4xx_it.o
                0x08003434                SysTick_Handler
 .text.ili9341_GetLcdPixelWidth
                0x08003444        0x4 TouchGFX/build/ST/STM32F429IDISCO/../Drivers/BSP/Components/ili9341/ili9341.o
                0x08003444                ili9341_GetLcdPixelWidth
 .text.ili9341_GetLcdPixelHeight
                0x08003448        0x6 TouchGFX/build/ST/STM32F429IDISCO/../Drivers/BSP/Components/ili9341/ili9341.o
                0x08003448                ili9341_GetLcdPixelHeight
 .text.ili9341_DisplayOn
                0x0800344e        0x6 TouchGFX/build/ST/STM32F429IDISCO/../Drivers/BSP/Components/ili9341/ili9341.o
                0x0800344e                ili9341_DisplayOn
 .text.ili9341_DisplayOff
                0x08003454        0x6 TouchGFX/build/ST/STM32F429IDISCO/../Drivers/BSP/Components/ili9341/ili9341.o
                0x08003454                ili9341_DisplayOff
 .text.ili9341_Init
                0x0800345a      0x292 TouchGFX/build/ST/STM32F429IDISCO/../Drivers/BSP/Components/ili9341/ili9341.o
                0x0800345a                ili9341_Init
 .text.ili9341_ReadID
                0x080036ec       0x12 TouchGFX/build/ST/STM32F429IDISCO/../Drivers/BSP/Components/ili9341/ili9341.o
                0x080036ec                ili9341_ReadID
 .text.stmpe811_Reset
                0x080036fe       0x28 TouchGFX/build/ST/STM32F429IDISCO/../Drivers/BSP/Components/stmpe811/stmpe811.o
                0x080036fe                stmpe811_Reset
 .text.stmpe811_ReadID
                0x08003726       0x24 TouchGFX/build/ST/STM32F429IDISCO/../Drivers/BSP/Components/stmpe811/stmpe811.o
                0x08003726                stmpe811_ReadID
 .text.stmpe811_TS_DetectTouch
                0x0800374a       0x38 TouchGFX/build/ST/STM32F429IDISCO/../Drivers/BSP/Components/stmpe811/stmpe811.o
                0x0800374a                stmpe811_TS_DetectTouch
 .text.stmpe811_TS_GetXY
                0x08003782       0x3c TouchGFX/build/ST/STM32F429IDISCO/../Drivers/BSP/Components/stmpe811/stmpe811.o
                0x08003782                stmpe811_TS_GetXY
 *fill*         0x080037be        0x2 
 .text.stmpe811_Init
                0x080037c0       0x34 TouchGFX/build/ST/STM32F429IDISCO/../Drivers/BSP/Components/stmpe811/stmpe811.o
                0x080037c0                stmpe811_Init
 .text.stmpe811_EnableGlobalIT
                0x080037f4       0x1e TouchGFX/build/ST/STM32F429IDISCO/../Drivers/BSP/Components/stmpe811/stmpe811.o
                0x080037f4                stmpe811_EnableGlobalIT
 .text.stmpe811_DisableGlobalIT
                0x08003812       0x1c TouchGFX/build/ST/STM32F429IDISCO/../Drivers/BSP/Components/stmpe811/stmpe811.o
                0x08003812                stmpe811_DisableGlobalIT
 .text.stmpe811_EnableITSource
                0x0800382e       0x20 TouchGFX/build/ST/STM32F429IDISCO/../Drivers/BSP/Components/stmpe811/stmpe811.o
                0x0800382e                stmpe811_EnableITSource
 .text.stmpe811_TS_EnableIT
                0x0800384e       0x1a TouchGFX/build/ST/STM32F429IDISCO/../Drivers/BSP/Components/stmpe811/stmpe811.o
                0x0800384e                stmpe811_TS_EnableIT
 .text.stmpe811_DisableITSource
                0x08003868       0x20 TouchGFX/build/ST/STM32F429IDISCO/../Drivers/BSP/Components/stmpe811/stmpe811.o
                0x08003868                stmpe811_DisableITSource
 .text.stmpe811_TS_DisableIT
                0x08003888       0x14 TouchGFX/build/ST/STM32F429IDISCO/../Drivers/BSP/Components/stmpe811/stmpe811.o
                0x08003888                stmpe811_TS_DisableIT
 .text.stmpe811_ReadGITStatus
                0x0800389c       0x10 TouchGFX/build/ST/STM32F429IDISCO/../Drivers/BSP/Components/stmpe811/stmpe811.o
                0x0800389c                stmpe811_ReadGITStatus
 .text.stmpe811_TS_ITStatus
                0x080038ac        0x6 TouchGFX/build/ST/STM32F429IDISCO/../Drivers/BSP/Components/stmpe811/stmpe811.o
                0x080038ac                stmpe811_TS_ITStatus
 .text.stmpe811_ClearGlobalIT
                0x080038b2        0xa TouchGFX/build/ST/STM32F429IDISCO/../Drivers/BSP/Components/stmpe811/stmpe811.o
                0x080038b2                stmpe811_ClearGlobalIT
 .text.stmpe811_TS_ClearIT
                0x080038bc        0x6 TouchGFX/build/ST/STM32F429IDISCO/../Drivers/BSP/Components/stmpe811/stmpe811.o
                0x080038bc                stmpe811_TS_ClearIT
 .text.stmpe811_IO_EnableAF
                0x080038c2       0x20 TouchGFX/build/ST/STM32F429IDISCO/../Drivers/BSP/Components/stmpe811/stmpe811.o
                0x080038c2                stmpe811_IO_EnableAF
 .text.stmpe811_TS_Start
                0x080038e2       0xa4 TouchGFX/build/ST/STM32F429IDISCO/../Drivers/BSP/Components/stmpe811/stmpe811.o
                0x080038e2                stmpe811_TS_Start
 *fill*         0x08003986        0x2 
 .text.SPIx_Init
                0x08003988       0x98 TouchGFX/build/ST/STM32F429IDISCO/../Drivers/BSP/STM32F429I-Discovery/stm32f429i_discovery.o
 .text.I2Cx_Init
                0x08003a20       0xe8 TouchGFX/build/ST/STM32F429IDISCO/../Drivers/BSP/STM32F429I-Discovery/stm32f429i_discovery.o
 .text.I2Cx_Error
                0x08003b08       0x14 TouchGFX/build/ST/STM32F429IDISCO/../Drivers/BSP/STM32F429I-Discovery/stm32f429i_discovery.o
 .text.SPIx_Write
                0x08003b1c       0x30 TouchGFX/build/ST/STM32F429IDISCO/../Drivers/BSP/STM32F429I-Discovery/stm32f429i_discovery.o
 .text.BSP_LED_Init
                0x08003b4c       0x78 TouchGFX/build/ST/STM32F429IDISCO/../Drivers/BSP/STM32F429I-Discovery/stm32f429i_discovery.o
                0x08003b4c                BSP_LED_Init
 .text.BSP_LED_On
                0x08003bc4       0x1c TouchGFX/build/ST/STM32F429IDISCO/../Drivers/BSP/STM32F429I-Discovery/stm32f429i_discovery.o
                0x08003bc4                BSP_LED_On
 .text.BSP_LED_Off
                0x08003be0       0x1c TouchGFX/build/ST/STM32F429IDISCO/../Drivers/BSP/STM32F429I-Discovery/stm32f429i_discovery.o
                0x08003be0                BSP_LED_Off
 .text.LCD_IO_Init
                0x08003bfc       0xb8 TouchGFX/build/ST/STM32F429IDISCO/../Drivers/BSP/STM32F429I-Discovery/stm32f429i_discovery.o
                0x08003bfc                LCD_IO_Init
 .text.LCD_IO_WriteData
                0x08003cb4       0x38 TouchGFX/build/ST/STM32F429IDISCO/../Drivers/BSP/STM32F429I-Discovery/stm32f429i_discovery.o
                0x08003cb4                LCD_IO_WriteData
 .text.LCD_IO_WriteReg
                0x08003cec       0x38 TouchGFX/build/ST/STM32F429IDISCO/../Drivers/BSP/STM32F429I-Discovery/stm32f429i_discovery.o
                0x08003cec                LCD_IO_WriteReg
 .text.LCD_IO_ReadData
                0x08003d24       0x6c TouchGFX/build/ST/STM32F429IDISCO/../Drivers/BSP/STM32F429I-Discovery/stm32f429i_discovery.o
                0x08003d24                LCD_IO_ReadData
 .text.LCD_Delay
                0x08003d90        0x4 TouchGFX/build/ST/STM32F429IDISCO/../Drivers/BSP/STM32F429I-Discovery/stm32f429i_discovery.o
                0x08003d90                LCD_Delay
 .text.IOE_Init
                0x08003d94        0x4 TouchGFX/build/ST/STM32F429IDISCO/../Drivers/BSP/STM32F429I-Discovery/stm32f429i_discovery.o
                0x08003d94                IOE_Init
 .text.IOE_ITConfig
                0x08003d98       0x54 TouchGFX/build/ST/STM32F429IDISCO/../Drivers/BSP/STM32F429I-Discovery/stm32f429i_discovery.o
                0x08003d98                IOE_ITConfig
 .text.IOE_Write
                0x08003dec       0x34 TouchGFX/build/ST/STM32F429IDISCO/../Drivers/BSP/STM32F429I-Discovery/stm32f429i_discovery.o
                0x08003dec                IOE_Write
 .text.IOE_Read
                0x08003e20       0x38 TouchGFX/build/ST/STM32F429IDISCO/../Drivers/BSP/STM32F429I-Discovery/stm32f429i_discovery.o
                0x08003e20                IOE_Read
 .text.IOE_ReadMultiple
                0x08003e58       0x2c TouchGFX/build/ST/STM32F429IDISCO/../Drivers/BSP/STM32F429I-Discovery/stm32f429i_discovery.o
                0x08003e58                IOE_ReadMultiple
 .text.IOE_Delay
                0x08003e84        0x4 TouchGFX/build/ST/STM32F429IDISCO/../Drivers/BSP/STM32F429I-Discovery/stm32f429i_discovery.o
                0x08003e84                IOE_Delay
 .text.BSP_TS_Init
                0x08003e88       0x44 TouchGFX/build/ST/STM32F429IDISCO/../Drivers/BSP/STM32F429I-Discovery/stm32f429i_discovery_ts.o
                0x08003e88                BSP_TS_Init
 .text.BSP_TS_GetState
                0x08003ecc       0xc0 TouchGFX/build/ST/STM32F429IDISCO/../Drivers/BSP/STM32F429I-Discovery/stm32f429i_discovery_ts.o
                0x08003ecc                BSP_TS_GetState
 .text.SystemInit
                0x08003f8c       0x4c TouchGFX/build/ST/STM32F429IDISCO/Core/Src/system_stm32f4xx.o
                0x08003f8c                SystemInit
 .text.HAL_MspInit
                0x08003fd8        0x2 TouchGFX/build/ST/STM32F429IDISCO/../Drivers/STM32F4xx_HAL_Driver/Src/stm32f4xx_hal.o
                0x08003fd8                HAL_MspInit
 *fill*         0x08003fda        0x2 
 .text.HAL_Init
                0x08003fdc       0x34 TouchGFX/build/ST/STM32F429IDISCO/../Drivers/STM32F4xx_HAL_Driver/Src/stm32f4xx_hal.o
                0x08003fdc                HAL_Init
 .text.HAL_IncTick
                0x08004010       0x10 TouchGFX/build/ST/STM32F429IDISCO/../Drivers/STM32F4xx_HAL_Driver/Src/stm32f4xx_hal.o
                0x08004010                HAL_IncTick
 .text.HAL_GetTick
                0x08004020        0xc TouchGFX/build/ST/STM32F429IDISCO/../Drivers/STM32F4xx_HAL_Driver/Src/stm32f4xx_hal.o
                0x08004020                HAL_GetTick
 .text.HAL_Delay
                0x0800402c       0x20 TouchGFX/build/ST/STM32F429IDISCO/../Drivers/STM32F4xx_HAL_Driver/Src/stm32f4xx_hal.o
                0x0800402c                HAL_Delay
 .text.HAL_NVIC_SetPriorityGrouping
                0x0800404c       0x24 TouchGFX/build/ST/STM32F429IDISCO/../Drivers/STM32F4xx_HAL_Driver/Src/stm32f4xx_hal_cortex.o
                0x0800404c                HAL_NVIC_SetPriorityGrouping
 .text.HAL_NVIC_SetPriority
                0x08004070       0x68 TouchGFX/build/ST/STM32F429IDISCO/../Drivers/STM32F4xx_HAL_Driver/Src/stm32f4xx_hal_cortex.o
                0x08004070                HAL_NVIC_SetPriority
 .text.HAL_NVIC_EnableIRQ
                0x080040d8       0x18 TouchGFX/build/ST/STM32F429IDISCO/../Drivers/STM32F4xx_HAL_Driver/Src/stm32f4xx_hal_cortex.o
                0x080040d8                HAL_NVIC_EnableIRQ
 .text.DMA2D_SetConfig
                0x080040f0       0x88 TouchGFX/build/ST/STM32F429IDISCO/../Drivers/STM32F4xx_HAL_Driver/Src/stm32f4xx_hal_dma2d.o
 .text.HAL_DMA2D_MspInit
                0x08004178        0x2 TouchGFX/build/ST/STM32F429IDISCO/../Drivers/STM32F4xx_HAL_Driver/Src/stm32f4xx_hal_dma2d.o
                0x08004178                HAL_DMA2D_MspInit
 .text.HAL_DMA2D_Init
                0x0800417a       0x5c TouchGFX/build/ST/STM32F429IDISCO/../Drivers/STM32F4xx_HAL_Driver/Src/stm32f4xx_hal_dma2d.o
                0x0800417a                HAL_DMA2D_Init
 .text.HAL_DMA2D_MspDeInit
                0x080041d6        0x2 TouchGFX/build/ST/STM32F429IDISCO/../Drivers/STM32F4xx_HAL_Driver/Src/stm32f4xx_hal_dma2d.o
                0x080041d6                HAL_DMA2D_MspDeInit
 .text.HAL_DMA2D_Start_IT
                0x080041d8       0x3e TouchGFX/build/ST/STM32F429IDISCO/../Drivers/STM32F4xx_HAL_Driver/Src/stm32f4xx_hal_dma2d.o
                0x080041d8                HAL_DMA2D_Start_IT
 .text.HAL_DMA2D_BlendingStart_IT
                0x08004216       0x48 TouchGFX/build/ST/STM32F429IDISCO/../Drivers/STM32F4xx_HAL_Driver/Src/stm32f4xx_hal_dma2d.o
                0x08004216                HAL_DMA2D_BlendingStart_IT
 .text.HAL_DMA2D_Abort
                0x0800425e       0x58 TouchGFX/build/ST/STM32F429IDISCO/../Drivers/STM32F4xx_HAL_Driver/Src/stm32f4xx_hal_dma2d.o
                0x0800425e                HAL_DMA2D_Abort
 .text.HAL_DMA2D_CLUTLoading_Abort
                0x080042b6       0x62 TouchGFX/build/ST/STM32F429IDISCO/../Drivers/STM32F4xx_HAL_Driver/Src/stm32f4xx_hal_dma2d.o
                0x080042b6                HAL_DMA2D_CLUTLoading_Abort
 .text.HAL_DMA2D_DeInit
                0x08004318       0x6c TouchGFX/build/ST/STM32F429IDISCO/../Drivers/STM32F4xx_HAL_Driver/Src/stm32f4xx_hal_dma2d.o
                0x08004318                HAL_DMA2D_DeInit
 .text.HAL_DMA2D_ConfigLayer
                0x08004384       0x98 TouchGFX/build/ST/STM32F429IDISCO/../Drivers/STM32F4xx_HAL_Driver/Src/stm32f4xx_hal_dma2d.o
                0x08004384                HAL_DMA2D_ConfigLayer
 .text.HAL_GPIO_Init
                0x0800441c      0x1dc TouchGFX/build/ST/STM32F429IDISCO/../Drivers/STM32F4xx_HAL_Driver/Src/stm32f4xx_hal_gpio.o
                0x0800441c                HAL_GPIO_Init
 .text.HAL_GPIO_WritePin
                0x080045f8        0xa TouchGFX/build/ST/STM32F429IDISCO/../Drivers/STM32F4xx_HAL_Driver/Src/stm32f4xx_hal_gpio.o
                0x080045f8                HAL_GPIO_WritePin
 .text.HAL_GPIO_TogglePin
                0x08004602        0x8 TouchGFX/build/ST/STM32F429IDISCO/../Drivers/STM32F4xx_HAL_Driver/Src/stm32f4xx_hal_gpio.o
                0x08004602                HAL_GPIO_TogglePin
 .text.I2C_IsAcknowledgeFailed
                0x0800460a       0x2a TouchGFX/build/ST/STM32F429IDISCO/../Drivers/STM32F4xx_HAL_Driver/Src/stm32f4xx_hal_i2c.o
 .text.I2C_WaitOnMasterAddressFlagUntilTimeout
                0x08004634       0x82 TouchGFX/build/ST/STM32F429IDISCO/../Drivers/STM32F4xx_HAL_Driver/Src/stm32f4xx_hal_i2c.o
 .text.I2C_WaitOnFlagUntilTimeout
                0x080046b6       0x5c TouchGFX/build/ST/STM32F429IDISCO/../Drivers/STM32F4xx_HAL_Driver/Src/stm32f4xx_hal_i2c.o
 .text.I2C_WaitOnTXEFlagUntilTimeout
                0x08004712       0x4c TouchGFX/build/ST/STM32F429IDISCO/../Drivers/STM32F4xx_HAL_Driver/Src/stm32f4xx_hal_i2c.o
 *fill*         0x0800475e        0x2 
 .text.I2C_RequestMemoryWrite
                0x08004760       0xa4 TouchGFX/build/ST/STM32F429IDISCO/../Drivers/STM32F4xx_HAL_Driver/Src/stm32f4xx_hal_i2c.o
 .text.I2C_RequestMemoryRead
                0x08004804       0xf4 TouchGFX/build/ST/STM32F429IDISCO/../Drivers/STM32F4xx_HAL_Driver/Src/stm32f4xx_hal_i2c.o
 .text.I2C_WaitOnRXNEFlagUntilTimeout
                0x080048f8       0x5a TouchGFX/build/ST/STM32F429IDISCO/../Drivers/STM32F4xx_HAL_Driver/Src/stm32f4xx_hal_i2c.o
 .text.I2C_WaitOnBTFFlagUntilTimeout
                0x08004952       0x4c TouchGFX/build/ST/STM32F429IDISCO/../Drivers/STM32F4xx_HAL_Driver/Src/stm32f4xx_hal_i2c.o
 .text.HAL_I2C_MspInit
                0x0800499e        0x2 TouchGFX/build/ST/STM32F429IDISCO/../Drivers/STM32F4xx_HAL_Driver/Src/stm32f4xx_hal_i2c.o
                0x0800499e                HAL_I2C_MspInit
 .text.HAL_I2C_Init
                0x080049a0       0xec TouchGFX/build/ST/STM32F429IDISCO/../Drivers/STM32F4xx_HAL_Driver/Src/stm32f4xx_hal_i2c.o
                0x080049a0                HAL_I2C_Init
 .text.HAL_I2C_MspDeInit
                0x08004a8c        0x2 TouchGFX/build/ST/STM32F429IDISCO/../Drivers/STM32F4xx_HAL_Driver/Src/stm32f4xx_hal_i2c.o
                0x08004a8c                HAL_I2C_MspDeInit
 .text.HAL_I2C_DeInit
                0x08004a8e       0x32 TouchGFX/build/ST/STM32F429IDISCO/../Drivers/STM32F4xx_HAL_Driver/Src/stm32f4xx_hal_i2c.o
                0x08004a8e                HAL_I2C_DeInit
 .text.HAL_I2C_Mem_Write
                0x08004ac0      0x134 TouchGFX/build/ST/STM32F429IDISCO/../Drivers/STM32F4xx_HAL_Driver/Src/stm32f4xx_hal_i2c.o
                0x08004ac0                HAL_I2C_Mem_Write
 .text.HAL_I2C_Mem_Read
                0x08004bf4      0x224 TouchGFX/build/ST/STM32F429IDISCO/../Drivers/STM32F4xx_HAL_Driver/Src/stm32f4xx_hal_i2c.o
                0x08004bf4                HAL_I2C_Mem_Read
 .text.HAL_I2C_GetState
                0x08004e18        0x6 TouchGFX/build/ST/STM32F429IDISCO/../Drivers/STM32F4xx_HAL_Driver/Src/stm32f4xx_hal_i2c.o
                0x08004e18                HAL_I2C_GetState
 .text.LTDC_SetConfig
                0x08004e1e      0x14a TouchGFX/build/ST/STM32F429IDISCO/../Drivers/STM32F4xx_HAL_Driver/Src/stm32f4xx_hal_ltdc.o
 .text.HAL_LTDC_MspInit
                0x08004f68        0x2 TouchGFX/build/ST/STM32F429IDISCO/../Drivers/STM32F4xx_HAL_Driver/Src/stm32f4xx_hal_ltdc.o
                0x08004f68                HAL_LTDC_MspInit
 *fill*         0x08004f6a        0x2 
 .text.HAL_LTDC_Init
                0x08004f6c       0xf4 TouchGFX/build/ST/STM32F429IDISCO/../Drivers/STM32F4xx_HAL_Driver/Src/stm32f4xx_hal_ltdc.o
                0x08004f6c                HAL_LTDC_Init
 .text.HAL_LTDC_ConfigLayer
                0x08005060       0x52 TouchGFX/build/ST/STM32F429IDISCO/../Drivers/STM32F4xx_HAL_Driver/Src/stm32f4xx_hal_ltdc.o
                0x08005060                HAL_LTDC_ConfigLayer
 *fill*         0x080050b2        0x2 
 .text.HAL_LTDC_EnableDither
                0x080050b4       0x34 TouchGFX/build/ST/STM32F429IDISCO/../Drivers/STM32F4xx_HAL_Driver/Src/stm32f4xx_hal_ltdc.o
                0x080050b4                HAL_LTDC_EnableDither
 .text.HAL_RCC_OscConfig
                0x080050e8      0x2f0 TouchGFX/build/ST/STM32F429IDISCO/../Drivers/STM32F4xx_HAL_Driver/Src/stm32f4xx_hal_rcc.o
                0x080050e8                HAL_RCC_OscConfig
 .text.HAL_RCC_GetSysClockFreq
                0x080053d8       0x5c TouchGFX/build/ST/STM32F429IDISCO/../Drivers/STM32F4xx_HAL_Driver/Src/stm32f4xx_hal_rcc.o
                0x080053d8                HAL_RCC_GetSysClockFreq
 .text.HAL_RCC_ClockConfig
                0x08005434      0x13c TouchGFX/build/ST/STM32F429IDISCO/../Drivers/STM32F4xx_HAL_Driver/Src/stm32f4xx_hal_rcc.o
                0x08005434                HAL_RCC_ClockConfig
 .text.HAL_RCC_GetPCLK1Freq
                0x08005570       0x20 TouchGFX/build/ST/STM32F429IDISCO/../Drivers/STM32F4xx_HAL_Driver/Src/stm32f4xx_hal_rcc.o
                0x08005570                HAL_RCC_GetPCLK1Freq
 .text.HAL_RCC_GetClockConfig
                0x08005590       0x3c TouchGFX/build/ST/STM32F429IDISCO/../Drivers/STM32F4xx_HAL_Driver/Src/stm32f4xx_hal_rcc.o
                0x08005590                HAL_RCC_GetClockConfig
 .text.HAL_RCCEx_PeriphCLKConfig
                0x080055cc      0x238 TouchGFX/build/ST/STM32F429IDISCO/../Drivers/STM32F4xx_HAL_Driver/Src/stm32f4xx_hal_rcc_ex.o
                0x080055cc                HAL_RCCEx_PeriphCLKConfig
 .text.SPI_WaitFlagStateUntilTimeout
                0x08005804       0x94 TouchGFX/build/ST/STM32F429IDISCO/../Drivers/STM32F4xx_HAL_Driver/Src/stm32f4xx_hal_spi.o
 .text.SPI_CheckFlag_BSY
                0x08005898       0x20 TouchGFX/build/ST/STM32F429IDISCO/../Drivers/STM32F4xx_HAL_Driver/Src/stm32f4xx_hal_spi.o
 .text.HAL_SPI_MspInit
                0x080058b8        0x2 TouchGFX/build/ST/STM32F429IDISCO/../Drivers/STM32F4xx_HAL_Driver/Src/stm32f4xx_hal_spi.o
                0x080058b8                HAL_SPI_MspInit
 .text.HAL_SPI_Init
                0x080058ba       0x8a TouchGFX/build/ST/STM32F429IDISCO/../Drivers/STM32F4xx_HAL_Driver/Src/stm32f4xx_hal_spi.o
                0x080058ba                HAL_SPI_Init
 .text.HAL_SPI_MspDeInit
                0x08005944        0x2 TouchGFX/build/ST/STM32F429IDISCO/../Drivers/STM32F4xx_HAL_Driver/Src/stm32f4xx_hal_spi.o
                0x08005944                HAL_SPI_MspDeInit
 .text.HAL_SPI_DeInit
                0x08005946       0x2c TouchGFX/build/ST/STM32F429IDISCO/../Drivers/STM32F4xx_HAL_Driver/Src/stm32f4xx_hal_spi.o
                0x08005946                HAL_SPI_DeInit
 .text.HAL_SPI_Transmit
                0x08005972      0x18c TouchGFX/build/ST/STM32F429IDISCO/../Drivers/STM32F4xx_HAL_Driver/Src/stm32f4xx_hal_spi.o
                0x08005972                HAL_SPI_Transmit
 .text.HAL_SPI_TransmitReceive
                0x08005afe      0x2c0 TouchGFX/build/ST/STM32F429IDISCO/../Drivers/STM32F4xx_HAL_Driver/Src/stm32f4xx_hal_spi.o
                0x08005afe                HAL_SPI_TransmitReceive
 .text.HAL_SPI_Receive
                0x08005dbe      0x1e6 TouchGFX/build/ST/STM32F429IDISCO/../Drivers/STM32F4xx_HAL_Driver/Src/stm32f4xx_hal_spi.o
                0x08005dbe                HAL_SPI_Receive
 .text.HAL_SPI_GetState
                0x08005fa4        0x6 TouchGFX/build/ST/STM32F429IDISCO/../Drivers/STM32F4xx_HAL_Driver/Src/stm32f4xx_hal_spi.o
                0x08005fa4                HAL_SPI_GetState
 .text.HAL_TIM_Base_MspInit
                0x08005faa        0x2 TouchGFX/build/ST/STM32F429IDISCO/../Drivers/STM32F4xx_HAL_Driver/Src/stm32f4xx_hal_tim.o
                0x08005faa                HAL_TIM_Base_MspInit
 .text.HAL_TIM_Base_Start_IT
                0x08005fac       0x18 TouchGFX/build/ST/STM32F429IDISCO/../Drivers/STM32F4xx_HAL_Driver/Src/stm32f4xx_hal_tim.o
                0x08005fac                HAL_TIM_Base_Start_IT
 .text.HAL_TIM_OC_DelayElapsedCallback
                0x08005fc4        0x2 TouchGFX/build/ST/STM32F429IDISCO/../Drivers/STM32F4xx_HAL_Driver/Src/stm32f4xx_hal_tim.o
                0x08005fc4                HAL_TIM_OC_DelayElapsedCallback
 .text.HAL_TIM_IC_CaptureCallback